Component: ARM Compiler 5.06 update 7 (build 960) Tool: armlink [4d3601]

==============================================================================

Section Cross References

    main.o(i.HAL_GetTick) refers to rtx_kernel.o(.text.osKernelGetState) for osKernelGetState
    main.o(i.HAL_GetTick) refers to rtx_kernel.o(.text.osKernelGetTickCount) for osKernelGetTickCount
    main.o(i.HAL_GetTick) refers to system_stm32f4xx.o(.data) for SystemCoreClock
    main.o(i.HAL_GetTick) refers to main.o(.data) for ticks
    main.o(i.SystemClock_Config) refers to stm32f4xx_hal_rcc.o(i.HAL_RCC_OscConfig) for HAL_RCC_OscConfig
    main.o(i.SystemClock_Config) refers to main.o(i.Error_Handler) for Error_Handler
    main.o(i.SystemClock_Config) refers to stm32f4xx_hal_rcc.o(i.HAL_RCC_ClockConfig) for HAL_RCC_ClockConfig
    main.o(i.SystemClock_Config) refers to stm32f4xx_hal.o(i.HAL_GetREVID) for HAL_GetREVID
    main.o(i.initLeds) refers to stm32f4xx_hal_gpio.o(i.HAL_GPIO_Init) for HAL_GPIO_Init
    main.o(i.initLeds) refers to stm32f4xx_hal_gpio.o(i.HAL_GPIO_WritePin) for HAL_GPIO_WritePin
    main.o(i.initLeds) refers to main.o(.bss) for GPIO_InitStruct
    main.o(i.main) refers to stm32f4xx_hal.o(i.HAL_Init) for HAL_Init
    main.o(i.main) refers to main.o(i.SystemClock_Config) for SystemClock_Config
    main.o(i.main) refers to system_stm32f4xx.o(i.SystemCoreClockUpdate) for SystemCoreClockUpdate
    main.o(i.main) refers to main.o(i.initLeds) for initLeds
    main.o(i.main) refers to rtx_kernel.o(.text.osKernelInitialize) for osKernelInitialize
    main.o(i.main) refers to thread_test.o(i.Init_Thread) for Init_Thread
    main.o(i.main) refers to leds.o(i.Init_Thread_LEDS) for Init_Thread_LEDS
    main.o(i.main) refers to pwm.o(i.Init_Thread_PWM) for Init_Thread_PWM
    main.o(i.main) refers to rtx_kernel.o(.text.osKernelStart) for osKernelStart
    thread_test.o(i.Init_Thread) refers to rtx_thread.o(.text.osThreadNew) for osThreadNew
    thread_test.o(i.Init_Thread) refers to thread_test.o(i.Thread) for Thread
    thread_test.o(i.Init_Thread) refers to thread_test.o(.data) for tid_Thread
    thread_test.o(i.Thread) refers to rtx_thread.o(.text.osThreadFlagsSet) for osThreadFlagsSet
    thread_test.o(i.Thread) refers to rtx_delay.o(.text.osDelay) for osDelay
    thread_test.o(i.Thread) refers to rtx_thread.o(.text.osThreadYield) for osThreadYield
    thread_test.o(i.Thread) refers to leds.o(.data) for tid_LEDS
    thread_test.o(i.Thread) refers to pwm.o(.data) for tid_PWM
    leds.o(i.Init_Thread_LEDS) refers to rtx_thread.o(.text.osThreadNew) for osThreadNew
    leds.o(i.Init_Thread_LEDS) refers to leds.o(i.Thread_LEDS) for Thread_LEDS
    leds.o(i.Init_Thread_LEDS) refers to leds.o(.data) for tid_LEDS
    leds.o(i.LedBlinkCb) refers to stm32f4xx_hal_gpio.o(i.HAL_GPIO_TogglePin) for HAL_GPIO_TogglePin
    leds.o(i.LedBlinkCb) refers to leds.o(.data) for alarma_activa
    leds.o(i.Thread_LEDS) refers to rtx_timer.o(.text.osTimerNew) for osTimerNew
    leds.o(i.Thread_LEDS) refers to rtx_timer.o(.text.osTimerStart) for osTimerStart
    leds.o(i.Thread_LEDS) refers to rtx_thread.o(.text.osThreadFlagsWait) for osThreadFlagsWait
    leds.o(i.Thread_LEDS) refers to stm32f4xx_hal_gpio.o(i.HAL_GPIO_WritePin) for HAL_GPIO_WritePin
    leds.o(i.Thread_LEDS) refers to rtx_thread.o(.text.osThreadYield) for osThreadYield
    leds.o(i.Thread_LEDS) refers to leds.o(i.LedBlinkCb) for LedBlinkCb
    leds.o(i.Thread_LEDS) refers to leds.o(.data) for ledBlinkTimer
    pwm.o(i.Init_Thread_PWM) refers to rtx_thread.o(.text.osThreadNew) for osThreadNew
    pwm.o(i.Init_Thread_PWM) refers to pwm.o(i.Thread_PWM) for Thread_PWM
    pwm.o(i.Init_Thread_PWM) refers to pwm.o(.data) for tid_PWM
    pwm.o(i.Thread_PWM) refers to pwm.o(i.inicializarTimer) for inicializarTimer
    pwm.o(i.Thread_PWM) refers to pwm.o(i.inicializarPWM) for inicializarPWM
    pwm.o(i.Thread_PWM) refers to rtx_timer.o(.text.osTimerNew) for osTimerNew
    pwm.o(i.Thread_PWM) refers to rtx_thread.o(.text.osThreadFlagsWait) for osThreadFlagsWait
    pwm.o(i.Thread_PWM) refers to rtx_timer.o(.text.osTimerStart) for osTimerStart
    pwm.o(i.Thread_PWM) refers to rtx_timer.o(.text.osTimerStop) for osTimerStop
    pwm.o(i.Thread_PWM) refers to stm32f4xx_hal_tim.o(i.HAL_TIM_PWM_Stop) for HAL_TIM_PWM_Stop
    pwm.o(i.Thread_PWM) refers to pwm.o(i.cb_timer_pwm_alarma) for cb_timer_pwm_alarma
    pwm.o(i.Thread_PWM) refers to pwm.o(.data) for timer_pwm_alarma
    pwm.o(i.Thread_PWM) refers to pwm.o(.bss) for htim1
    pwm.o(i.cb_timer_pwm_alarma) refers to stm32f4xx_hal_tim.o(i.HAL_TIM_PWM_Stop) for HAL_TIM_PWM_Stop
    pwm.o(i.cb_timer_pwm_alarma) refers to stm32f4xx_hal_tim.o(i.HAL_TIM_PWM_Start) for HAL_TIM_PWM_Start
    pwm.o(i.cb_timer_pwm_alarma) refers to rtx_timer.o(.text.osTimerStart) for osTimerStart
    pwm.o(i.cb_timer_pwm_alarma) refers to pwm.o(.data) for alarma_activa
    pwm.o(i.cb_timer_pwm_alarma) refers to pwm.o(.bss) for htim1
[...]
    i.HAL_TIM_PWM_Stop                       0x08003378   Section        0  stm32f4xx_hal_tim.o(i.HAL_TIM_PWM_Stop)
    i.I2C1_Control                           0x08003400   Section        0  i2c_stm32f4xx.o(i.I2C1_Control)
    I2C1_Control                             0x08003401   Thumb Code    18  i2c_stm32f4xx.o(i.I2C1_Control)
    i.I2C1_ER_IRQHandler                     0x08003418   Section        0  i2c_stm32f4xx.o(i.I2C1_ER_IRQHandler)
    i.I2C1_EV_IRQHandler                     0x08003428   Section        0  i2c_stm32f4xx.o(i.I2C1_EV_IRQHandler)
    i.I2C1_GetDataCount                      0x08003438   Section        0  i2c_stm32f4xx.o(i.I2C1_GetDataCount)
    I2C1_GetDataCount                        0x08003439   Thumb Code    10  i2c_stm32f4xx.o(i.I2C1_GetDataCount)
    i.I2C1_GetStatus                         0x08003448   Section        0  i2c_stm32f4xx.o(i.I2C1_GetStatus)
    I2C1_GetStatus                           0x08003449   Thumb Code    12  i2c_stm32f4xx.o(i.I2C1_GetStatus)
    i.I2C1_Initialize                        0x08003458   Section        0  i2c_stm32f4xx.o(i.I2C1_Initialize)
    I2C1_Initialize                          0x08003459   Thumb Code    14  i2c_stm32f4xx.o(i.I2C1_Initialize)
    i.I2C1_MasterReceive                     0x0800346c   Section        0  i2c_stm32f4xx.o(i.I2C1_MasterReceive)
    I2C1_MasterReceive                       0x0800346d   Thumb Code    28  i2c_stm32f4xx.o(i.I2C1_MasterReceive)
    i.I2C1_MasterTransmit                    0x0800348c   Section        0  i2c_stm32f4xx.o(i.I2C1_MasterTransmit)
    I2C1_MasterTransmit                      0x0800348d   Thumb Code    28  i2c_stm32f4xx.o(i.I2C1_MasterTransmit)
    i.I2C1_PowerControl                      0x080034ac   Section        0  i2c_stm32f4xx.o(i.I2C1_PowerControl)
    I2C1_PowerControl                        0x080034ad   Thumb Code    14  i2c_stm32f4xx.o(i.I2C1_PowerControl)
    i.I2C1_SlaveReceive                      0x080034c0   Section        0  i2c_stm32f4xx.o(i.I2C1_SlaveReceive)
    I2C1_SlaveReceive                        0x080034c1   Thumb Code    18  i2c_stm32f4xx.o(i.I2C1_SlaveReceive)
    i.I2C1_SlaveTransmit                     0x080034d8   Section        0  i2c_stm32f4xx.o(i.I2C1_SlaveTransmit)
    I2C1_SlaveTransmit                       0x080034d9   Thumb Code    18  i2c_stm32f4xx.o(i.I2C1_SlaveTransmit)
    i.I2C1_Uninitialize                      0x080034f0   Section        0  i2c_stm32f4xx.o(i.I2C1_Uninitialize)
    I2C1_Uninitialize                        0x080034f1   Thumb Code    10  i2c_stm32f4xx.o(i.I2C1_Uninitialize)
    i.I2CX_GetCapabilities                   0x08003500   Section        0  i2c_stm32f4xx.o(i.I2CX_GetCapabilities)
    I2CX_GetCapabilities                     0x08003501   Thumb Code     6  i2c_stm32f4xx.o(i.I2CX_GetCapabilities)
    i.I2CX_GetVersion                        0x0800350c   Section        0  i2c_stm32f4xx.o(i.I2CX_GetVersion)
    I2CX_GetVersion                          0x0800350d   Thumb Code    10  i2c_stm32f4xx.o(i.I2CX_GetVersion)
    i.I2C_Control                            0x0800351c   Section        0  i2c_stm32f4xx.o(i.I2C_Control)
    I2C_Control                              0x0800351d   Thumb Code   816  i2c_stm32f4xx.o(i.I2C_Control)
    i.I2C_ER_IRQHandler                      0x08003868   Section        0  i2c_stm32f4xx.o(i.I2C_ER_IRQHandler)
    I2C_ER_IRQHandler                        0x08003869   Thumb Code   518  i2c_stm32f4xx.o(i.I2C_ER_IRQHandler)
    i.I2C_EV_IRQHandler                      0x08003a6e   Section        0  i2c_stm32f4xx.o(i.I2C_EV_IRQHandler)
    I2C_EV_IRQHandler                        0x08003a6f   Thumb Code  1724  i2c_stm32f4xx.o(i.I2C_EV_IRQHandler)
    i.I2C_GetDataCount                       0x0800412a   Section        0  i2c_stm32f4xx.o(i.I2C_GetDataCount)
    I2C_GetDataCount                         0x0800412b   Thumb Code    52  i2c_stm32f4xx.o(i.I2C_GetDataCount)
    i.I2C_GetStatus                          0x0800415e   Section        0  i2c_stm32f4xx.o(i.I2C_GetStatus)
    I2C_GetStatus                            0x0800415f   Thumb Code     8  i2c_stm32f4xx.o(i.I2C_GetStatus)
    i.I2C_Initialize                         0x08004168   Section        0  i2c_stm32f4xx.o(i.I2C_Initialize)
    I2C_Initialize                           0x08004169   Thumb Code   444  i2c_stm32f4xx.o(i.I2C_Initialize)
    i.I2C_MasterReceive                      0x08004328   Section        0  i2c_stm32f4xx.o(i.I2C_MasterReceive)
    I2C_MasterReceive                        0x08004329   Thumb Code   324  i2c_stm32f4xx.o(i.I2C_MasterReceive)
    i.I2C_MasterTransmit                     0x0800446c   Section        0  i2c_stm32f4xx.o(i.I2C_MasterTransmit)
    I2C_MasterTransmit                       0x0800446d   Thumb Code   298  i2c_stm32f4xx.o(i.I2C_MasterTransmit)
    i.I2C_PowerControl                       0x08004598   Section        0  i2c_stm32f4xx.o(i.I2C_PowerControl)
    I2C_PowerControl                         0x08004599   Thumb Code   650  i2c_stm32f4xx.o(i.I2C_PowerControl)
    i.I2C_SlaveReceive                       0x08004830   Section        0  i2c_stm32f4xx.o(i.I2C_SlaveReceive)
    I2C_SlaveReceive                         0x08004831   Thumb Code   136  i2c_stm32f4xx.o(i.I2C_SlaveReceive)
    i.I2C_SlaveTransmit                      0x080048b8   Section        0  i2c_stm32f4xx.o(i.I2C_SlaveTransmit)
    I2C_SlaveTransmit                        0x080048b9   Thumb Code   136  i2c_stm32f4xx.o(i.I2C_SlaveTransmit)
    i.I2C_Uninitialize                       0x08004940   Section        0  i2c_stm32f4xx.o(i.I2C_Uninitialize)
    I2C_Uninitialize                         0x08004941   Thumb Code    52  i2c_stm32f4xx.o(i.I2C_Uninitialize)
    i.Init_Thread                            0x08004974   Section        0  thread_test.o(i.Init_Thread)
    i.Init_Thread_LEDS                       0x0800499c   Section        0  leds.o(i.Init_Thread_LEDS)
    i.Init_Thread_PWM                        0x080049c4   Section        0  pwm.o(i.Init_Thread_PWM)
    i.LedBlinkCb                             0x080049ec   Section        0  leds.o(i.LedBlinkCb)
    LedBlinkCb                               0x080049ed   Thumb Code    22  leds.o(i.LedBlinkCb)
    i.SystemClock_Config                     0x08004a0c   Section        0  main.o(i.SystemClock_Config)
    SystemClock_Config                       0x08004a0d   Thumb Code   180  main.o(i.SystemClock_Config)
    i.SystemCoreClockUpdate                  0x08004acc   Section        0  system_stm32f4xx.o(i.SystemCoreClockUpdate)
    i.SystemInit                             0x08004b8c   Section        0  system_stm32f4xx.o(i.SystemInit)
    i.TIM_Base_SetConfig                     0x08004ba8   Section        0  stm32f4xx_hal_tim.o(i.TIM_Base_SetConfig)
    i.TIM_CCxChannelCmd                      0x08004c80   Section        0  stm32f4xx_hal_tim.o(i.TIM_CCxChannelCmd)
    i.TIM_OC1_SetConfig                      0x08004ca4   Section        0  stm32f4xx_hal_tim.o(i.TIM_OC1_SetConfig)
    TIM_OC1_SetConfig                        0x08004ca5   Thumb Code   104  stm32f4xx_hal_tim.o(i.TIM_OC1_SetConfig)
    i.TIM_OC2_SetConfig                      0x08004d14   Section        0  stm32f4xx_hal_tim.o(i.TIM_OC2_SetConfig)
    i.TIM_OC3_SetConfig                      0x08004d90   Section        0  stm32f4xx_hal_tim.o(i.TIM_OC3_SetConfig)
    TIM_OC3_SetConfig                        0x08004d91   Thumb Code   112  stm32f4xx_hal_tim.o(i.TIM_OC3_SetConfig)
    i.TIM_OC4_SetConfig                      0x08004e08   Section        0  stm32f4xx_hal_tim.o(i.TIM_OC4_SetConfig)
    TIM_OC4_SetConfig                        0x08004e09   Thumb Code    74  stm32f4xx_hal_tim.o(i.TIM_OC4_SetConfig)
    i.Thread                                 0x08004e5c   Section        0  thread_test.o(i.Thread)
    i.Thread_LEDS                            0x08004ea4   Section        0  leds.o(i.Thread_LEDS)
    i.Thread_PWM                             0x08004f2c   Section        0  pwm.o(i.Thread_PWM)
    i.__NVIC_GetPriorityGrouping             0x08004fac   Section        0  stm32f4xx_hal_cortex.o(i.__NVIC_GetPriorityGrouping)
    __NVIC_GetPriorityGrouping               0x08004fad   Thumb Code    10  stm32f4xx_hal_cortex.o(i.__NVIC_GetPriorityGrouping)
    i.__NVIC_SetPriority                     0x08004fbc   Section        0  stm32f4xx_hal_cortex.o(i.__NVIC_SetPriority)
    __NVIC_SetPriority                       0x08004fbd   Thumb Code    32  stm32f4xx_hal_cortex.o(i.__NVIC_SetPriority)
    i._mutex_acquire                         0x08004fe4   Section        0  rtx_lib.o(i._mutex_acquire)
    __tagsym$$used                           0x08004fe5   Number         0  rtx_lib.o(i._mutex_acquire)
    i._mutex_free                            0x08004ffa   Section        0  rtx_lib.o(i._mutex_free)
    __tagsym$$used                           0x08004ffb   Number         0  rtx_lib.o(i._mutex_free)
    i._mutex_initialize                      0x08005006   Section        0  rtx_lib.o(i._mutex_initialize)
    __tagsym$$used                           0x08005007   Number         0  rtx_lib.o(i._mutex_initialize)
    i._mutex_release                         0x08005028   Section        0  rtx_lib.o(i._mutex_release)
    __tagsym$$used                           0x08005029   Number         0  rtx_lib.o(i._mutex_release)
    i._platform_post_stackheap_init          0x0800503a   Section        0  rtx_lib.o(i._platform_post_stackheap_init)
    i.cb_timer_pwm_alarma                    0x08005044   Section        0  pwm.o(i.cb_timer_pwm_alarma)
    cb_timer_pwm_alarma                      0x08005045   Thumb Code    86  pwm.o(i.cb_timer_pwm_alarma)
    i.inicializarPWM                         0x080050ac   Section        0  pwm.o(i.inicializarPWM)
    i.inicializarTimer                       0x080050f4   Section        0  pwm.o(i.inicializarTimer)
    i.initLeds                               0x08005164   Section        0  main.o(i.initLeds)
    i.main                                   0x080051ec   Section        0  main.o(i.main)
    i.osRtxErrorNotify                       0x08005214   Section        0  rtx_config.o(i.osRtxErrorNotify)
    i.osRtxIdleThread                        0x08005234   Section        0  rtx_config.o(i.osRtxIdleThread)
    i.os_kernel_is_active                    0x08005238   Section        0  rtx_lib.o(i.os_kernel_is_active)
    os_kernel_is_active                      0x08005239   Thumb Code    28  rtx_lib.o(i.os_kernel_is_active)
    x$fpl$fpinit                             0x08005258   Section       10  fpinit.o(x$fpl$fpinit)
    $v0                                      0x08005258   Number         0  fpinit.o(x$fpl$fpinit)
    .constdata                               0x08005264   Section      104  rtx_lib.o(.constdata)
    os_idle_thread_attr                      0x08005264   Data          36  rtx_lib.o(.constdata)
    os_timer_thread_attr                     0x08005288   Data          36  rtx_lib.o(.constdata)
    os_timer_mq_attr                         0x080052ac   Data          24  rtx_lib.o(.constdata)
    .constdata                               0x080052cc   Section      104  i2c_stm32f4xx.o(.constdata)
    DriverVersion                            0x080052cc   Data           4  i2c_stm32f4xx.o(.constdata)
    DriverCapabilities                       0x080052d0   Data           4  i2c_stm32f4xx.o(.constdata)
    I2C1_Resources                           0x080052d4   Data          48  i2c_stm32f4xx.o(.constdata)
    .constdata                               0x08005334   Section       24  eventrecorder.o(.constdata)
    __tagsym$$used                           0x08005334   Number         0  eventrecorder.o(.constdata)
    .constdata                               0x0800534c   Section        8  stm32f4xx_hal_dma.o(.constdata)
    flagBitshiftOffset                       0x0800534c   Data           8  stm32f4xx_hal_dma.o(.constdata)
    .constdata                               0x08005354   Section       24  system_stm32f4xx.o(.constdata)
    .rodata                                  0x0800536c   Section      168  rtx_lib.o(.rodata)
    __tagsym$$used                           0x0800536c   Number         0  rtx_lib.o(.rodata)
    __tagsym$$used                           0x080053dc   Number         0  rtx_lib.o(.rodata)
    [Anonymous Symbol]                       0x08005418   Section        0  rtx_kernel.o(.rodata.str1.4)
    .bss.os                                  0x20000000   Section    32832  rtx_lib.o(.bss.os)
    os_mem                                   0x20000000   Data       32768  rtx_lib.o(.bss.os)
    os_isr_queue                             0x20008000   Data          64  rtx_lib.o(.bss.os)
    .bss.os.msgqueue.cb                      0x20008040   Section       52  rtx_lib.o(.bss.os.msgqueue.cb)
    os_timer_mq_cb                           0x20008040   Data          52  rtx_lib.o(.bss.os.msgqueue.cb)
    .bss.os.msgqueue.mem                     0x20008074   Section       80  rtx_lib.o(.bss.os.msgqueue.mem)
    os_timer_mq_data                         0x20008074   Data          80  rtx_lib.o(.bss.os.msgqueue.mem)
    .bss.os.thread.cb                        0x200080c4   Section      136  rtx_lib.o(.bss.os.thread.cb)
    os_idle_thread_cb                        0x200080c4   Data          68  rtx_lib.o(.bss.os.thread.cb)
    os_timer_thread_cb                       0x20008108   Data          68  rtx_lib.o(.bss.os.thread.cb)
    .bss.os.thread.idle.stack                0x20008150   Section      512  rtx_lib.o(.bss.os.thread.idle.stack)
    os_idle_thread_stack                     0x20008150   Data         512  rtx_lib.o(.bss.os.thread.idle.stack)
    .bss.os.thread.timer.stack               0x20008350   Section      512  rtx_lib.o(.bss.os.thread.timer.stack)
    os_timer_thread_stack                    0x20008350   Data         512  rtx_lib.o(.bss.os.thread.timer.stack)
    .data                                    0x20008550   Section        4  main.o(.data)
    ticks                                    0x20008550   Data           4  main.o(.data)
    .data                                    0x20008554   Section        4  thread_test.o(.data)
    .data                                    0x20008558   Section        9  leds.o(.data)
    ledBlinkTimer                            0x2000855c   Data           4  leds.o(.data)
    alarma_activa                            0x20008560   Data           1  leds.o(.data)
    .data                                    0x20008564   Section       10  pwm.o(.data)
    timer_pwm_alarma                         0x20008568   Data           4  pwm.o(.data)
    alarma_activa                            0x2000856c   Data           1  pwm.o(.data)
    pwm_on                                   0x2000856d   Data           1  pwm.o(.data)
    .data                                    0x2000856e   Section        1  rtx_lib.o(.data)
    os_kernel_active                         0x2000856e   Data           1  rtx_lib.o(.data)
    .data                                    0x20008570   Section        9  stm32f4xx_hal.o(.data)
    .data                                    0x2000857c   Section        4  system_stm32f4xx.o(.data)
    .bss                                     0x20008624   Section       20  main.o(.bss)
    .bss                                     0x20008638   Section       92  pwm.o(.bss)
    htim1                                    0x20008638   Data          64  pwm.o(.bss)
    TIMConfig                                0x20008678   Data          28  pwm.o(.bss)
    .bss                                     0x20008694   Section       40  i2c_stm32f4xx.o(.bss)
    I2C1_Info                                0x20008694   Data          40  i2c_stm32f4xx.o(.bss)
    .bss                                     0x200086bc   Section       96  libspace.o(.bss)
    .bss.noinit                              0x20008740   Section     1188  eventrecorder.o(.bss.noinit)
    EventBuffer                              0x20008740   Data        1024  eventrecorder.o(.bss.noinit)
    EventFilter                              0x20008b40   Data         128  eventrecorder.o(.bss.noinit)
    EventStatus                              0x20008bc0   Data          36  eventrecorder.o(.bss.noinit)
    [Anonymous Symbol]                       0x20008be4   Section        0  os_systick.o(.bss.os)
    PendST                                   0x20008be4   Data           1  os_systick.o(.bss.os)
    HEAP                                     0x20008be8   Section      512  startup_stm32f429xx.o(HEAP)
    Heap_Mem                                 0x20008be8   Data         512  startup_stm32f429xx.o(HEAP)
    STACK                                    0x20008de8   Section     1024  startup_stm32f429xx.o(STACK)
    Stack_Mem                                0x20008de8   Data        1024  startup_stm32f429xx.o(STACK)
    __initial_sp                             0x200091e8   Data           0  startup_stm32f429xx.o(STACK)
    FPCCR                                    0xe000ef34   Number         0  irq_armv7m.o ABSOLUTE

    Global Symbols

    Symbol Name                              Value     Ov Type        Size  Object(Section)

    BuildAttributes$$THM_ISAv4$E$P$D$K$B$S$7EM$VFPi3$EXTD16$VFPS$VFMA$PE$A:L22UL41UL21$X:L11$S22US41US21$IEEE1$IW$USESV6$~STKCKD$USESV7$~SHL$OSPACE$ROPI$EBA8$UX$STANDARDLIB$REQ8$PRES8$EABIv2 0x00000000   Number         0  anon$$obj.o ABSOLUTE
    __ARM_use_no_argv                        0x00000000   Number         0  main.o ABSOLUTE
    _printf_flags                            0x00000000   Number         0  printf_stubs.o ABSOLUTE
    _printf_return_value                     0x00000000   Number         0  printf_stubs.o ABSOLUTE
    _printf_sizespec                         0x00000000   Number         0  printf_stubs.o ABSOLUTE
    _printf_widthprec                        0x00000000   Number         0  printf_stubs.o ABSOLUTE
    .bss.os.evflags.cb$$Base                  - Undefined Weak Reference
    .bss.os.evflags.cb$$Limit                 - Undefined Weak Reference
    .bss.os.mempool.cb$$Base                  - Undefined Weak Reference
    .bss.os.mempool.cb$$Limit                 - Undefined Weak Reference
    .bss.os.mutex.cb$$Base                    - Undefined Weak Reference
    .bss.os.mutex.cb$$Limit                   - Undefined Weak Reference
    .bss.os.semaphore.cb$$Base                - Undefined Weak Reference
    .bss.os.semaphore.cb$$Limit               - Undefined Weak Reference
    .bss.os.timer.cb$$Base                    - Undefined Weak Reference
    .bss.os.timer.cb$$Limit                   - Undefined Weak Reference
    __ARM_exceptions_init                     - Undefined Weak Reference
    __alloca_initialize                       - Undefined Weak Reference
    __arm_fini_                               - Undefined Weak Reference
    __arm_preinit_                            - Undefined Weak Reference
    __cpp_initialize__aeabi_                  - Undefined Weak Reference
    __cxa_finalize                            - Undefined Weak Reference
    __rt_locale                               - Undefined Weak Reference
    __sigvec_lookup                           - Undefined Weak Reference
    _atexit_init                              - Undefined Weak Reference
    _call_atexit_fns                          - Undefined Weak Reference
    _clock_init                               - Undefined Weak Reference
    _fp_trap_init                             - Undefined Weak Reference
    _fp_trap_shutdown                         - Undefined Weak Reference
    _get_lc_collate                           - Undefined Weak Reference
    _get_lc_ctype                             - Undefined Weak Reference
    _get_lc_monetary                          - Undefined Weak Reference
    _get_lc_numeric                           - Undefined Weak Reference
    _get_lc_time                              - Undefined Weak Reference
    _getenv_init                              - Undefined Weak Reference
    _handle_redirection                       - Undefined Weak Reference
    _init_alloc                               - Undefined Weak Reference
    _init_user_alloc                          - Undefined Weak Reference
    _initio                                   - Undefined Weak Reference
    _printf_truncate_signed                   - Undefined Weak Reference
    _printf_truncate_unsigned                 - Undefined Weak Reference
    _rand_init                                - Undefined Weak Reference
    _signal_finish                            - Undefined Weak Reference
    _signal_init                              - Undefined Weak Reference
    _terminate_alloc                          - Undefined Weak Reference
    _terminate_user_alloc                     - Undefined Weak Reference
    _terminateio                              - Undefined Weak Reference
    __Vectors_Size                           0x000001ac   Number         0  startup_stm32f429xx.o ABSOLUTE
    __Vectors                                0x08000000   Data           4  startup_stm32f429xx.o(RESET)
    __Vectors_End                            0x080001ac   Data           0  startup_stm32f429xx.o(RESET)
    __main                                   0x080001ad   Thumb Code     8  __main.o(!!!main)
    __scatterload                            0x080001b5   Thumb Code     0  __scatter.o(!!!scatter)
    __scatterload_rt2                        0x080001b5   Thumb Code    44  __scatter.o(!!!scatter)
    __scatterload_rt2_thumb_only             0x080001b5   Thumb Code     0  __scatter.o(!!!scatter)
    __scatterload_null                       0x080001c3   Thumb Code     0  __scatter.o(!!!scatter)
    __decompress                             0x080001e9   Thumb Code    58  __dczerorl.o(!!dczerorl)
    __decompress0                            0x080001e9   Thumb Code     0  __dczerorl.o(!!dczerorl)
    __scatterload_zeroinit                   0x08000225   Thumb Code    28  __scatter_zi.o(!!handler_zi)
    __rt_lib_init                            0x08000241   Thumb Code     0  libinit.o(.ARM.Collect$$libinit$$00000000)
    __rt_lib_init_fp_1                       0x08000243   Thumb Code     0  libinit2.o(.ARM.Collect$$libinit$$00000001)
    __rt_lib_init_alloca_1                   0x08000247   Thumb Code     0  libinit2.o(.ARM.Collect$$libinit$$0000002E)
    __rt_lib_init_argv_1                     0x08000247   Thumb Code     0  libinit2.o(.ARM.Collect$$libinit$$0000002C)
    __rt_lib_init_atexit_1                   0x08000247   Thumb Code     0  libinit2.o(.ARM.Collect$$libinit$$0000001B)
    __rt_lib_init_clock_1                    0x08000247   Thumb Code     0  libinit2.o(.ARM.Collect$$libinit$$00000021)
    __rt_lib_init_cpp_1                      0x08000247   Thumb Code     0  libinit2.o(.ARM.Collect$$libinit$$00000032)
    __rt_lib_init_exceptions_1               0x08000247   Thumb Code     0  libinit2.o(.ARM.Collect$$libinit$$00000030)
    __rt_lib_init_fp_trap_1                  0x08000247   Thumb Code     0  libinit2.o(.ARM.Collect$$libinit$$0000001F)
    __rt_lib_init_getenv_1                   0x08000247   Thumb Code     0  libinit2.o(.ARM.Collect$$libinit$$00000023)
    __rt_lib_init_heap_1                     0x08000247   Thumb Code     0  libinit2.o(.ARM.Collect$$libinit$$0000000A)
    __rt_lib_init_lc_collate_1               0x08000247   Thumb Code     0  libinit2.o(.ARM.Collect$$libinit$$00000011)
    __rt_lib_init_lc_ctype_1                 0x08000247   Thumb Code     0  libinit2.o(.ARM.Collect$$libinit$$00000013)
    __rt_lib_init_lc_monetary_1              0x08000247   Thumb Code     0  libinit2.o(.ARM.Collect$$libinit$$00000015)
    __rt_lib_init_lc_numeric_1               0x08000247   Thumb Code     0  libinit2.o(.ARM.Collect$$libinit$$00000017)
    __rt_lib_init_lc_time_1                  0x08000247   Thumb Code     0  libinit2.o(.ARM.Collect$$libinit$$00000019)
    __rt_lib_init_preinit_1                  0x08000247   Thumb Code     0  libinit2.o(.ARM.Collect$$libinit$$00000004)
    __rt_lib_init_rand_1                     0x08000247   Thumb Code     0  libinit2.o(.ARM.Collect$$libinit$$0000000E)
    __rt_lib_init_return                     0x08000247   Thumb Code     0  libinit2.o(.ARM.Collect$$libinit$$00000033)
    __rt_lib_init_signal_1                   0x08000247   Thumb Code     0  libinit2.o(.ARM.Collect$$libinit$$0000001D)
    __rt_lib_init_stdio_1                    0x08000247   Thumb Code     0  libinit2.o(.ARM.Collect$$libinit$$00000025)
    __rt_lib_init_user_alloc_1               0x08000247   Thumb Code     0  libinit2.o(.ARM.Collect$$libinit$$0000000C)
    __rt_lib_shutdown                        0x08000249   Thumb Code     0  libshutdown.o(.ARM.Collect$$libshutdown$$00000000)
    __rt_lib_shutdown_cpp_1                  0x0800024b   Thumb Code     0  libshutdown2.o(.ARM.Collect$$libshutdown$$00000004)
    __rt_lib_shutdown_fini_1                 0x0800024b   Thumb Code     0  libshutdown2.o(.ARM.Collect$$libshutdown$$00000002)
    __rt_lib_shutdown_fp_trap_1              0x0800024b   Thumb Code     0  libshutdown2.o(.ARM.Collect$$libshutdown$$00000009)
    __rt_lib_shutdown_heap_1                 0x0800024b   Thumb Code     0  libshutdown2.o(.ARM.Collect$$libshutdown$$00000011)
    __rt_lib_shutdown_return                 0x0800024b   Thumb Code     0  libshutdown2.o(.ARM.Collect$$libshutdown$$00000012)
    __rt_lib_shutdown_signal_1               0x0800024b   Thumb Code     0  libshutdown2.o(.ARM.Collect$$libshutdown$$0000000C)
    __rt_lib_shutdown_stdio_1                0x0800024b   Thumb Code     0  libshutdown2.o(.ARM.Collect$$libshutdown$$00000006)
    __rt_lib_shutdown_user_alloc_1           0x0800024b   Thumb Code     0  libshutdown2.o(.ARM.Collect$$libshutdown$$0000000E)
    __rt_entry                               0x0800024d   Thumb Code     0  __rtentry.o(.ARM.Collect$$rtentry$$00000000)
    __rt_entry_presh_1                       0x0800024d   Thumb Code     0  __rtentry2.o(.ARM.Collect$$rtentry$$00000002)
    __rt_entry_sh                            0x0800024d   Thumb Code     0  __rtentry4.o(.ARM.Collect$$rtentry$$00000004)
    __rt_entry_postsh_1                      0x08000253   Thumb Code     0  __rtentry2.o(.ARM.Collect$$rtentry$$00000008)
    __rt_entry_li                            0x0800025b   Thumb Code     0  __rtentry2.o(.ARM.Collect$$rtentry$$0000000A)
    __rt_entry_main                          0x0800025f   Thumb Code     0  __rtentry2.o(.ARM.Collect$$rtentry$$0000000D)
    __rt_entry_postli_1                      0x0800025f   Thumb Code     0  __rtentry2.o(.ARM.Collect$$rtentry$$0000000C)
    __rt_exit                                0x08000267   Thumb Code     0  rtexit.o(.ARM.Collect$$rtexit$$00000000)
    __rt_exit_ls                             0x08000269   Thumb Code     0  rtexit2.o(.ARM.Collect$$rtexit$$00000003)
    __rt_exit_prels_1                        0x08000269   Thumb Code     0  rtexit2.o(.ARM.Collect$$rtexit$$00000002)
    __rt_exit_exit                           0x0800026d   Thumb Code     0  rtexit2.o(.ARM.Collect$$rtexit$$00000004)
    Reset_Handler                            0x08000275   Thumb Code     8  startup_stm32f429xx.o(.text)
    NMI_Handler                              0x0800027d   Thumb Code     2  startup_stm32f429xx.o(.text)
    HardFault_Handler                        0x0800027f   Thumb Code     2  startup_stm32f429xx.o(.text)
    MemManage_Handler                        0x08000281   Thumb Code     2  startup_stm32f429xx.o(.text)
    BusFault_Handler                         0x08000283   Thumb Code     2  startup_stm32f429xx.o(.text)
    UsageFault_Handler                       0x08000285   Thumb Code     2  startup_stm32f429xx.o(.text)
    DebugMon_Handler                         0x08000289   Thumb Code     2  startup_stm32f429xx.o(.text)
    ADC_IRQHandler                           0x0800028f   Thumb Code     0  startup_stm32f429xx.o(.text)
    CAN1_RX0_IRQHandler                      0x0800028f   Thumb Code     0  startup_stm32f429xx.o(.text)
    CAN1_RX1_IRQHandler                      0x0800028f   Thumb Code     0  startup_stm32f429xx.o(.text)
    CAN1_SCE_IRQHandler                      0x0800028f   Thumb Code     0  startup_stm32f429xx.o(.text)
    CAN1_TX_IRQHandler                       0x0800028f   Thumb Code     0  startup_stm32f429xx.o(.text)
    CAN2_RX0_IRQHandler                      0x0800028f   Thumb Code     0  startup_stm32f429xx.o(.text)
    CAN2_RX1_IRQHandler                      0x0800028f   Thumb Code     0  startup_stm32f429xx.o(.text)
    CAN2_SCE_IRQHandler                      0x0800028f   Thumb Code     0  startup_stm32f429xx.o(.text)
    CAN2_TX_IRQHandler                       0x0800028f   Thumb Code     0  startup_stm32f429xx.o(.text)
    DCMI_IRQHandler                          0x0800028f   Thumb Code     0  startup_stm32f429xx.o(.text)
    DMA1_Stream0_IRQHandler                  0x0800028f   Thumb Code     0  startup_stm32f429xx.o(.text)
    DMA1_Stream1_IRQHandler                  0x0800028f   Thumb Code     0  startup_stm32f429xx.o(.text)
    DMA1_Stream2_IRQHandler                  0x0800028f   Thumb Code     0  startup_stm32f429xx.o(.text)
    DMA1_Stream3_IRQHandler                  0x0800028f   Thumb Code     0  startup_stm32f429xx.o(.text)
    DMA1_Stream4_IRQHandler                  0x0800028f   Thumb Code     0  startup_stm32f429xx.o(.text)
    DMA1_Stream5_IRQHandler                  0x0800028f   Thumb Code     0  startup_stm32f429xx.o(.text)
    DMA1_Stream6_IRQHandler                  0x0800028f   Thumb Code     0  startup_stm32f429xx.o(.text)
    DMA1_Stream7_IRQHandler                  0x0800028f   Thumb Code     0  startup_stm32f429xx.o(.text)
    DMA2D_IRQHandler                         0x0800028f   Thumb Code     0  startup_stm32f429xx.o(.text)
    DMA2_Stream0_IRQHandler                  0x0800028f   Thumb Code     0  startup_stm32f429xx.o(.text)
    DMA2_Stream1_IRQHandler                  0x0800028f   Thumb Code     0  startup_stm32f429xx.o(.text)
    DMA2_Stream2_IRQHandler                  0x0800028f   Thumb Code     0  startup_stm32f429xx.o(.text)
    DMA2_Stream3_IRQHandler                  0x0800028f   Thumb Code     0  startup_stm32f429xx.o(.text)
    DMA2_Stream4_IRQHandler                  0x0800028f   Thumb Code     0  startup_stm32f429xx.o(.text)
    DMA2_Stream5_IRQHandler                  0x0800028f   Thumb Code     0  startup_stm32f429xx.o(.text)
    DMA2_Stream6_IRQHandler                  0x0800028f   Thumb Code     0  startup_stm32f429xx.o(.text)
    DMA2_Stream7_IRQHandler                  0x0800028f   Thumb Code     0  startup_stm32f429xx.o(.text)
    ETH_IRQHandler                           0x0800028f   Thumb Code     0  startup_stm32f429xx.o(.text)
    ETH_WKUP_IRQHandler                      0x0800028f   Thumb Code     0  startup_stm32f429xx.o(.text)
    EXTI0_IRQHandler                         0x0800028f   Thumb Code     0  startup_stm32f429xx.o(.text)
    EXTI15_10_IRQHandler                     0x0800028f   Thumb Code     0  startup_stm32f429xx.o(.text)
    EXTI1_IRQHandler                         0x0800028f   Thumb Code     0  startup_stm32f429xx.o(.text)
    EXTI2_IRQHandler                         0x0800028f   Thumb Code     0  startup_stm32f429xx.o(.text)
    EXTI3_IRQHandler                         0x0800028f   Thumb Code     0  startup_stm32f429xx.o(.text)
    EXTI4_IRQHandler                         0x0800028f   Thumb Code     0  startup_stm32f429xx.o(.text)
    EXTI9_5_IRQHandler                       0x0800028f   Thumb Code     0  startup_stm32f429xx.o(.text)
    FLASH_IRQHandler                         0x0800028f   Thumb Code     0  startup_stm32f429xx.o(.text)
    FMC_IRQHandler                           0x0800028f   Thumb Code     0  startup_stm32f429xx.o(.text)
    FPU_IRQHandler                           0x0800028f   Thumb Code     0  startup_stm32f429xx.o(.text)
    HASH_RNG_IRQHandler                      0x0800028f   Thumb Code     0  startup_stm32f429xx.o(.text)
    I2C2_ER_IRQHandler                       0x0800028f   Thumb Code     0  startup_stm32f429xx.o(.text)
    I2C2_EV_IRQHandler                       0x0800028f   Thumb Code     0  startup_stm32f429xx.o(.text)
    I2C3_ER_IRQHandler                       0x0800028f   Thumb Code     0  startup_stm32f429xx.o(.text)
    I2C3_EV_IRQHandler                       0x0800028f   Thumb Code     0  startup_stm32f429xx.o(.text)
    LTDC_ER_IRQHandler                       0x0800028f   Thumb Code     0  startup_stm32f429xx.o(.text)
    LTDC_IRQHandler                          0x0800028f   Thumb Code     0  startup_stm32f429xx.o(.text)
    OTG_FS_IRQHandler                        0x0800028f   Thumb Code     0  startup_stm32f429xx.o(.text)
    OTG_FS_WKUP_IRQHandler                   0x0800028f   Thumb Code     0  startup_stm32f429xx.o(.text)
    OTG_HS_EP1_IN_IRQHandler                 0x0800028f   Thumb Code     0  startup_stm32f429xx.o(.text)
    OTG_HS_EP1_OUT_IRQHandler                0x0800028f   Thumb Code     0  startup_stm32f429xx.o(.text)
    OTG_HS_IRQHandler                        0x0800028f   Thumb Code     0  startup_stm32f429xx.o(.text)
    OTG_HS_WKUP_IRQHandler                   0x0800028f   Thumb Code     0  startup_stm32f429xx.o(.text)
    PVD_IRQHandler                           0x0800028f   Thumb Code     0  startup_stm32f429xx.o(.text)
    RCC_IRQHandler                           0x0800028f   Thumb Code     0  startup_stm32f429xx.o(.text)
    RTC_Alarm_IRQHandler                     0x0800028f   Thumb Code     0  startup_stm32f429xx.o(.text)
    RTC_WKUP_IRQHandler                      0x0800028f   Thumb Code     0  startup_stm32f429xx.o(.text)
    SAI1_IRQHandler                          0x0800028f   Thumb Code     0  startup_stm32f429xx.o(.text)
    SDIO_IRQHandler                          0x0800028f   Thumb Code     0  startup_stm32f429xx.o(.text)
    SPI1_IRQHandler                          0x0800028f   Thumb Code     0  startup_stm32f429xx.o(.text)
    SPI2_IRQHandler                          0x0800028f   Thumb Code     0  startup_stm32f429xx.o(.text)
    SPI3_IRQHandler                          0x0800028f   Thumb Code     0  startup_stm32f429xx.o(.text)
    SPI4_IRQHandler                          0x0800028f   Thumb Code     0  startup_stm32f429xx.o(.text)
    SPI5_IRQHandler                          0x0800028f   Thumb Code     0  startup_stm32f429xx.o(.text)
    SPI6_IRQHandler                          0x0800028f   Thumb Code     0  startup_stm32f429xx.o(.text)
    TAMP_STAMP_IRQHandler                    0x0800028f   Thumb Code     0  startup_stm32f429xx.o(.text)
    TIM1_BRK_TIM9_IRQHandler                 0x0800028f   Thumb Code     0  startup_stm32f429xx.o(.text)
    TIM1_CC_IRQHandler                       0x0800028f   Thumb Code     0  startup_stm32f429xx.o(.text)
    TIM1_TRG_COM_TIM11_IRQHandler            0x0800028f   Thumb Code     0  startup_stm32f429xx.o(.text)
    TIM1_UP_TIM10_IRQHandler                 0x0800028f   Thumb Code     0  startup_stm32f429xx.o(.text)
    TIM2_IRQHandler                          0x0800028f   Thumb Code     0  startup_stm32f429xx.o(.text)
    TIM3_IRQHandler                          0x0800028f   Thumb Code     0  startup_stm32f429xx.o(.text)
    TIM4_IRQHandler                          0x0800028f   Thumb Code     0  startup_stm32f429xx.o(.text)
    TIM5_IRQHandler                          0x0800028f   Thumb Code     0  startup_stm32f429xx.o(.text)
    TIM6_DAC_IRQHandler                      0x0800028f   Thumb Code     0  startup_stm32f429xx.o(.text)
    TIM7_IRQHandler                          0x0800028f   Thumb Code     0  startup_stm32f429xx.o(.text)
    TIM8_BRK_TIM12_IRQHandler                0x0800028f   Thumb Code     0  startup_stm32f429xx.o(.text)
    TIM8_CC_IRQHandler                       0x0800028f   Thumb Code     0  startup_stm32f429xx.o(.text)
    TIM8_TRG_COM_TIM14_IRQHandler            0x0800028f   Thumb Code     0  startup_stm32f429xx.o(.text)
    TIM8_UP_TIM13_IRQHandler                 0x0800028f   Thumb Code     0  startup_stm32f429xx.o(.text)
    UART4_IRQHandler                         0x0800028f   Thumb Code     0  startup_stm32f429xx.o(.text)
    UART5_IRQHandler                         0x0800028f   Thumb Code     0  startup_stm32f429xx.o(.text)
    UART7_IRQHandler                         0x0800028f   Thumb Code     0  startup_stm32f429xx.o(.text)
    UART8_IRQHandler                         0x0800028f   Thumb Code     0  startup_stm32f429xx.o(.text)
    USART1_IRQHandler                        0x0800028f   Thumb Code     0  startup_stm32f429xx.o(.text)
    USART2_IRQHandler                        0x0800028f   Thumb Code     0  startup_stm32f429xx.o(.text)
    USART3_IRQHandler                        0x0800028f   Thumb Code     0  startup_stm32f429xx.o(.text)
    USART6_IRQHandler                        0x0800028f   Thumb Code     0  startup_stm32f429xx.o(.text)
    WWDG_IRQHandler                          0x0800028f   Thumb Code     0  startup_stm32f429xx.o(.text)
    __user_initial_stackheap                 0x08000291   Thumb Code     0  startup_stm32f429xx.o(.text)
    SVC_Handler                              0x080002b5   Thumb Code   154  irq_armv7m.o(.text)
    PendSV_Handler                           0x0800034f   Thumb Code    16  irq_armv7m.o(.text)
    SysTick_Handler                          0x0800035f   Thumb Code    16  irq_armv7m.o(.text)
    __aeabi_uldivmod                         0x0800037d   Thumb Code     0  lludivv7m.o(.text)
    _ll_udiv                                 0x0800037d   Thumb Code   238  lludivv7m.o(.text)
    __aeabi_memcpy                           0x0800046b   Thumb Code     0  rt_memcpy_v6.o(.text)
    __rt_memcpy                              0x0800046b   Thumb Code   138  rt_memcpy_v6.o(.text)
    _memcpy_lastbytes                        0x080004d1   Thumb Code     0  rt_memcpy_v6.o(.text)
    __aeabi_memclr                           0x080004f5   Thumb Code     0  rt_memclr.o(.text)
    __rt_memclr                              0x080004f5   Thumb Code    68  rt_memclr.o(.text)
    _memset                                  0x080004f9   Thumb Code     0  rt_memclr.o(.text)
    __aeabi_memclr4                          0x08000539   Thumb Code     0  rt_memclr_w.o(.text)
    __aeabi_memclr8                          0x08000539   Thumb Code     0  rt_memclr_w.o(.text)
    __rt_memclr_w                            0x08000539   Thumb Code    78  rt_memclr_w.o(.text)
    _memset_w                                0x0800053d   Thumb Code     0  rt_memclr_w.o(.text)
    __use_two_region_memory                  0x08000587   Thumb Code     2  heapauxi.o(.text)
    __rt_heap_escrow$2region                 0x08000589   Thumb Code     2  heapauxi.o(.text)
    __rt_heap_expand$2region                 0x0800058b   Thumb Code     2  heapauxi.o(.text)
    __aeabi_memcpy4                          0x0800058d   Thumb Code     0  rt_memcpy_w.o(.text)
    __aeabi_memcpy8                          0x0800058d   Thumb Code     0  rt_memcpy_w.o(.text)
    __rt_memcpy_w                            0x0800058d   Thumb Code   100  rt_memcpy_w.o(.text)
    _memcpy_lastbytes_aligned                0x080005d5   Thumb Code     0  rt_memcpy_w.o(.text)
    __user_setup_stackheap                   0x080005f1   Thumb Code    74  sys_stackheap_outer.o(.text)
    exit                                     0x0800063b   Thumb Code    18  exit.o(.text)
    __user_libspace                          0x0800064d   Thumb Code     8  libspace.o(.text)
    __user_perproc_libspace                  0x0800064d   Thumb Code     0  libspace.o(.text)
    _sys_exit                                0x08000655   Thumb Code     8  sys_exit.o(.text)
    __I$use$semihosting                      0x08000661   Thumb Code     0  use_no_semi.o(.text)
    __use_no_semihosting_swi                 0x08000661   Thumb Code     2  use_no_semi.o(.text)
    __semihosting_library_function           0x08000663   Thumb Code     0  indicate_semi.o(.text)
    OS_Tick_AcknowledgeIRQ                   0x08000719   Thumb Code     8  os_systick.o(.text.OS_Tick_AcknowledgeIRQ)
    OS_Tick_Enable                           0x08000725   Thumb Code    32  os_systick.o(.text.OS_Tick_Enable)
    OS_Tick_GetIRQn                          0x08000751   Thumb Code     6  os_systick.o(.text.OS_Tick_GetIRQn)
    OS_Tick_Setup                            0x08000759   Thumb Code    48  os_systick.o(.text.OS_Tick_Setup)
    osDelay                                  0x08000891   Thumb Code    32  rtx_delay.o(.text.osDelay)
    osKernelGetState                         0x080008b5   Thumb Code    40  rtx_kernel.o(.text.osKernelGetState)
    osKernelGetTickCount                     0x080008e5   Thumb Code    32  rtx_kernel.o(.text.osKernelGetTickCount)
    osKernelInitialize                       0x0800090d   Thumb Code    40  rtx_kernel.o(.text.osKernelInitialize)
    osKernelStart                            0x08000939   Thumb Code    32  rtx_kernel.o(.text.osKernelStart)
    osMessageQueueGet                        0x0800095d   Thumb Code   108  rtx_msgqueue.o(.text.osMessageQueueGet)
    osMessageQueuePut                        0x080009cd   Thumb Code   124  rtx_msgqueue.o(.text.osMessageQueuePut)
    osMutexAcquire                           0x08000a4d   Thumb Code    32  rtx_mutex.o(.text.osMutexAcquire)
    osMutexDelete                            0x08000a71   Thumb Code    32  rtx_mutex.o(.text.osMutexDelete)
    osMutexNew                               0x08000a95   Thumb Code    32  rtx_mutex.o(.text.osMutexNew)
    osMutexRelease                           0x08000ab9   Thumb Code    32  rtx_mutex.o(.text.osMutexRelease)
    osRtxKernelErrorNotify                   0x08000add   Thumb Code     4  rtx_kernel.o(.text.osRtxKernelErrorNotify)
    osRtxKernelPreInit                       0x08000ae1   Thumb Code     2  rtx_kernel.o(.text.osRtxKernelPreInit)
    osRtxMemoryAlloc                         0x08000ae3   Thumb Code   108  rtx_memory.o(.text.osRtxMemoryAlloc)
    osRtxMemoryFree                          0x08000b4f   Thumb Code    66  rtx_memory.o(.text.osRtxMemoryFree)
    osRtxMemoryInit                          0x08000b91   Thumb Code    54  rtx_memory.o(.text.osRtxMemoryInit)
    osRtxMemoryPoolAlloc                     0x08000bc7   Thumb Code    58  rtx_mempool.o(.text.osRtxMemoryPoolAlloc)
    osRtxMemoryPoolFree                      0x08000c01   Thumb Code    74  rtx_mempool.o(.text.osRtxMemoryPoolFree)
    osRtxMemoryPoolInit                      0x08000c4b   Thumb Code    56  rtx_mempool.o(.text.osRtxMemoryPoolInit)
    osRtxMessageQueueTimerSetup              0x08000d2d   Thumb Code    32  rtx_msgqueue.o(.text.osRtxMessageQueueTimerSetup)
    osRtxMutexOwnerRelease                   0x08000d55   Thumb Code    72  rtx_mutex.o(.text.osRtxMutexOwnerRelease)
    osRtxMutexOwnerRestore                   0x08000d9d   Thumb Code    66  rtx_mutex.o(.text.osRtxMutexOwnerRestore)
    osRtxPendSV_Handler                      0x08000de1   Thumb Code   136  rtx_system.o(.text.osRtxPendSV_Handler)
    osRtxPostProcess                         0x08000e6d   Thumb Code   108  rtx_system.o(.text.osRtxPostProcess)
    osRtxThreadDelayTick                     0x08000fd9   Thumb Code    72  rtx_thread.o(.text.osRtxThreadDelayTick)
    osRtxThreadDispatch                      0x08001049   Thumb Code    80  rtx_thread.o(.text.osRtxThreadDispatch)
    osRtxThreadListGet                       0x08001113   Thumb Code    18  rtx_thread.o(.text.osRtxThreadListGet)
    osRtxThreadListPut                       0x08001125   Thumb Code    44  rtx_thread.o(.text.osRtxThreadListPut)
    osRtxThreadListRemove                    0x08001151   Thumb Code    20  rtx_thread.o(.text.osRtxThreadListRemove)
    osRtxThreadListSort                      0x08001171   Thumb Code    38  rtx_thread.o(.text.osRtxThreadListSort)
    osRtxThreadReadyPut                      0x080011c1   Thumb Code    16  rtx_thread.o(.text.osRtxThreadReadyPut)
    osRtxThreadRegPtr                        0x080011d5   Thumb Code    20  rtx_thread.o(.text.osRtxThreadRegPtr)
    osRtxThreadStartup                       0x080011e9   Thumb Code    48  rtx_thread.o(.text.osRtxThreadStartup)
    osRtxThreadSwitch                        0x08001225   Thumb Code    12  rtx_thread.o(.text.osRtxThreadSwitch)
    osRtxThreadWaitEnter                     0x08001235   Thumb Code    56  rtx_thread.o(.text.osRtxThreadWaitEnter)
    osRtxThreadWaitExit                      0x08001271   Thumb Code    48  rtx_thread.o(.text.osRtxThreadWaitExit)
    osRtxTick_Handler                        0x080012a1   Thumb Code   116  rtx_system.o(.text.osRtxTick_Handler)
    osRtxTimerSetup                          0x08001319   Thumb Code    24  rtx_timer.o(.text.osRtxTimerSetup)
    osRtxTimerThread                         0x08001339   Thumb Code    32  rtx_timer.o(.text.osRtxTimerThread)
    osThreadExit                             0x080013c9   Thumb Code     8  rtx_thread.o(.text.osThreadExit)
    osThreadFlagsSet                         0x080013d5   Thumb Code    84  rtx_thread.o(.text.osThreadFlagsSet)
    osThreadFlagsWait                        0x0800142d   Thumb Code    32  rtx_thread.o(.text.osThreadFlagsWait)
    osThreadNew                              0x08001451   Thumb Code    32  rtx_thread.o(.text.osThreadNew)
    osThreadYield                            0x08001475   Thumb Code    32  rtx_thread.o(.text.osThreadYield)
    osTimerNew                               0x08001499   Thumb Code    32  rtx_timer.o(.text.osTimerNew)
    osTimerStart                             0x080014bd   Thumb Code    32  rtx_timer.o(.text.osTimerStart)
    osTimerStop                              0x080014e1   Thumb Code    32  rtx_timer.o(.text.osTimerStop)
    HAL_DMA_Abort                            0x080022b1   Thumb Code   170  stm32f4xx_hal_dma.o(i.HAL_DMA_Abort)
    HAL_DMA_Init                             0x0800235d   Thumb Code   232  stm32f4xx_hal_dma.o(i.HAL_DMA_Init)
    HAL_DMA_Start_IT                         0x08002449   Thumb Code   146  stm32f4xx_hal_dma.o(i.HAL_DMA_Start_IT)
    HAL_Delay                                0x080024dd   Thumb Code    36  stm32f4xx_hal.o(i.HAL_Delay)
    HAL_GPIO_DeInit                          0x08002505   Thumb Code   336  stm32f4xx_hal_gpio.o(i.HAL_GPIO_DeInit)
    HAL_GPIO_Init                            0x08002685   Thumb Code   486  stm32f4xx_hal_gpio.o(i.HAL_GPIO_Init)
    HAL_GPIO_ReadPin                         0x080028a1   Thumb Code    16  stm32f4xx_hal_gpio.o(i.HAL_GPIO_ReadPin)
    HAL_GPIO_TogglePin                       0x080028b1   Thumb Code    18  stm32f4xx_hal_gpio.o(i.HAL_GPIO_TogglePin)
    HAL_GPIO_WritePin                        0x080028c3   Thumb Code    12  stm32f4xx_hal_gpio.o(i.HAL_GPIO_WritePin)
    HAL_GetREVID                             0x080028d1   Thumb Code     8  stm32f4xx_hal.o(i.HAL_GetREVID)
    HAL_GetTick                              0x080028dd   Thumb Code    66  main.o(i.HAL_GetTick)
    HAL_Init                                 0x08002929   Thumb Code    44  stm32f4xx_hal.o(i.HAL_Init)
    HAL_InitTick                             0x08002959   Thumb Code    64  stm32f4xx_hal.o(i.HAL_InitTick)
    HAL_MspInit                              0x080029a5   Thumb Code     2  stm32f4xx_hal.o(i.HAL_MspInit)
    HAL_NVIC_ClearPendingIRQ                 0x080029a9   Thumb Code    30  stm32f4xx_hal_cortex.o(i.HAL_NVIC_ClearPendingIRQ)
    HAL_NVIC_DisableIRQ                      0x080029cd   Thumb Code    38  stm32f4xx_hal_cortex.o(i.HAL_NVIC_DisableIRQ)
    HAL_NVIC_EnableIRQ                       0x080029f9   Thumb Code    40  stm32f4xx_hal_cortex.o(i.HAL_NVIC_EnableIRQ)
    HAL_NVIC_SetPriority                     0x08002a21   Thumb Code   124  stm32f4xx_hal_cortex.o(i.HAL_NVIC_SetPriority)
    HAL_NVIC_SetPriorityGrouping             0x08002a9d   Thumb Code    32  stm32f4xx_hal_cortex.o(i.HAL_NVIC_SetPriorityGrouping)
    HAL_RCC_ClockConfig                      0x08002ac5   Thumb Code   368  stm32f4xx_hal_rcc.o(i.HAL_RCC_ClockConfig)
    HAL_RCC_GetHCLKFreq                      0x08002c49   Thumb Code     6  stm32f4xx_hal_rcc.o(i.HAL_RCC_GetHCLKFreq)
    HAL_RCC_GetPCLK1Freq                     0x08002c55   Thumb Code    22  stm32f4xx_hal_rcc.o(i.HAL_RCC_GetPCLK1Freq)
    HAL_RCC_GetSysClockFreq                  0x08002c75   Thumb Code   162  stm32f4xx_hal_rcc.o(i.HAL_RCC_GetSysClockFreq)
    HAL_RCC_OscConfig                        0x08002d25   Thumb Code  1152  stm32f4xx_hal_rcc.o(i.HAL_RCC_OscConfig)
    HAL_SYSTICK_Config                       0x080031ad   Thumb Code    52  stm32f4xx_hal_cortex.o(i.HAL_SYSTICK_Config)
    HAL_TIM_PWM_ConfigChannel                0x080031e1   Thumb Code   264  stm32f4xx_hal_tim.o(i.HAL_TIM_PWM_ConfigChannel)
    HAL_TIM_PWM_Init                         0x080032e9   Thumb Code    52  stm32f4xx_hal_tim.o(i.HAL_TIM_PWM_Init)
    HAL_TIM_PWM_MspInit                      0x0800331d   Thumb Code     2  stm32f4xx_hal_tim.o(i.HAL_TIM_PWM_MspInit)
    HAL_TIM_PWM_Start                        0x08003321   Thumb Code    80  stm32f4xx_hal_tim.o(i.HAL_TIM_PWM_Start)
    HAL_TIM_PWM_Stop                         0x08003379   Thumb Code   126  stm32f4xx_hal_tim.o(i.HAL_TIM_PWM_Stop)
    I2C1_ER_IRQHandler                       0x08003419   Thumb Code    10  i2c_stm32f4xx.o(i.I2C1_ER_IRQHandler)
    I2C1_EV_IRQHandler                       0x08003429   Thumb Code    10  i2c_stm32f4xx.o(i.I2C1_EV_IRQHandler)
    Init_Thread                              0x08004975   Thumb Code    32  thread_test.o(i.Init_Thread)
    Init_Thread_LEDS                         0x0800499d   Thumb Code    32  leds.o(i.Init_Thread_LEDS)
    Init_Thread_PWM                          0x080049c5   Thumb Code    32  pwm.o(i.Init_Thread_PWM)
    SystemCoreClockUpdate                    0x08004acd   Thumb Code   170  system_stm32f4xx.o(i.SystemCoreClockUpdate)
    SystemInit                               0x08004b8d   Thumb Code    24  system_stm32f4xx.o(i.SystemInit)
    TIM_Base_SetConfig                       0x08004ba9   Thumb Code   170  stm32f4xx_hal_tim.o(i.TIM_Base_SetConfig)
    TIM_CCxChannelCmd                        0x08004c81   Thumb Code    34  stm32f4xx_hal_tim.o(i.TIM_CCxChannelCmd)
    TIM_OC2_SetConfig                        0x08004d15   Thumb Code   114  stm32f4xx_hal_tim.o(i.TIM_OC2_SetConfig)
    Thread                                   0x08004e5d   Thumb Code    64  thread_test.o(i.Thread)
    Thread_LEDS                              0x08004ea5   Thumb Code   118  leds.o(i.Thread_LEDS)
    Thread_PWM                               0x08004f2d   Thumb Code   106  pwm.o(i.Thread_PWM)
    _mutex_acquire                           0x08004fe5   Thumb Code    22  rtx_lib.o(i._mutex_acquire)
    _mutex_free                              0x08004ffb   Thumb Code    12  rtx_lib.o(i._mutex_free)
    _mutex_initialize                        0x08005007   Thumb Code    34  rtx_lib.o(i._mutex_initialize)
    _mutex_release                           0x08005029   Thumb Code    18  rtx_lib.o(i._mutex_release)
    _platform_post_stackheap_init            0x0800503b   Thumb Code     8  rtx_lib.o(i._platform_post_stackheap_init)
    inicializarPWM                           0x080050ad   Thumb Code    64  pwm.o(i.inicializarPWM)
    inicializarTimer                         0x080050f5   Thumb Code    96  pwm.o(i.inicializarTimer)
    initLeds                                 0x08005165   Thumb Code   122  main.o(i.initLeds)
    main                                     0x080051ed   Thumb Code    40  main.o(i.main)
    osRtxErrorNotify                         0x08005215   Thumb Code    32  rtx_config.o(i.osRtxErrorNotify)
    osRtxIdleThread                          0x08005235   Thumb Code     4  rtx_config.o(i.osRtxIdleThread)
    _fp_init                                 0x08005259   Thumb Code    10  fpinit.o(x$fpl$fpinit)
    __fplib_config_fpu_vfp                   0x08005261   Thumb Code     0  fpinit.o(x$fpl$fpinit)
    __fplib_config_pureend_doubles           0x08005261   Thumb Code     0  fpinit.o(x$fpl$fpinit)
    irqRtxLibRef                             0x080052c4   Data           4  rtx_lib.o(.constdata)
    osRtxUserSVC                             0x080052c8   Data           4  rtx_lib.o(.constdata)
    Driver_I2C1                              0x08005304   Data          48  i2c_stm32f4xx.o(.constdata)
    EventRecorderInfo                        0x08005334   Data          24  eventrecorder.o(.constdata)
    AHBPrescTable                            0x08005354   Data          16  system_stm32f4xx.o(.constdata)
    APBPrescTable                            0x08005364   Data           8  system_stm32f4xx.o(.constdata)
    osRtxConfig                              0x0800536c   Data         112  rtx_lib.o(.rodata)
    os_cb_sections                           0x080053dc   Data          56  rtx_lib.o(.rodata)
    irqRtxLib                                0x08005414   Number         0  irq_armv7m.o(.rodata)
    Region$$Table$$Base                      0x08005424   Number         0  anon$$obj.o(Region$$Table)
    Region$$Table$$Limit                     0x08005444   Number         0  anon$$obj.o(Region$$Table)
    .bss.os.msgqueue.cb$$Base                0x20008040   Number         0  rtx_lib.o(.bss.os.msgqueue.cb)
    .bss.os.msgqueue.cb$$Limit               0x20008074   Number         0  rtx_lib.o(.bss.os.msgqueue.cb)
    .bss.os.thread.cb$$Base                  0x200080c4   Number         0  rtx_lib.o(.bss.os.thread.cb)
    .bss.os.thread.cb$$Limit                 0x2000814c   Number         0  rtx_lib.o(.bss.os.thread.cb)
    tid_Thread                               0x20008554   Data           4  thread_test.o(.data)
    tid_LEDS                                 0x20008558   Data           4  leds.o(.data)
    tid_PWM                                  0x20008564   Data           4  pwm.o(.data)
    uwTick                                   0x20008570   Data           4  stm32f4xx_hal.o(.data)
    uwTickPrio                               0x20008574   Data           4  stm32f4xx_hal.o(.data)
    uwTickFreq                               0x20008578   Data           1  stm32f4xx_hal.o(.data)
    SystemCoreClock                          0x2000857c   Data           4  system_stm32f4xx.o(.data)
    osRtxInfo                                0x20008580   Data         164  rtx_kernel.o(.data.os)
    GPIO_InitStruct                          0x20008624   Data          20  main.o(.bss)
    __libspace_start                         0x200086bc   Data          96  libspace.o(.bss)
    __temporary_stack_top$libspace           0x2000871c   Data           0  libspace.o(.bss)



==============================================================================

Memory Map of the image

  Image Entry point : 0x080001ad

  Load Region LR_IROM1 (Base: 0x08000000, Size: 0x0000da68, Max: 0x00200000, ABSOLUTE, COMPRESSED[0x00005564])

    Execution Region ER_IROM1 (Exec base: 0x08000000, Load base: 0x08000000, Size: 0x00005444, Max: 0x00200000, ABSOLUTE)

    Exec Addr    Load Addr    Size         Type   Attr      Idx    E Section Name        Object

    0x08000000   0x08000000   0x000001ac   Data   RO         3187    RESET               startup_stm32f429xx.o
    0x080001ac   0x080001ac   0x00000008   Code   RO         3759  * !!!main             c_w.l(__main.o)
    0x080001b4   0x080001b4   0x00000034   Code   RO         3941    !!!scatter          c_w.l(__scatter.o)
    0x080001e8   0x080001e8   0x0000003a   Code   RO         3939    !!dczerorl          c_w.l(__dczerorl.o)
    0x08000222   0x08000222   0x00000002   PAD
    0x08000224   0x08000224   0x0000001c   Code   RO         3943    !!handler_zi        c_w.l(__scatter_zi.o)
    0x08000240   0x08000240   0x00000002   Code   RO         3807    .ARM.Collect$$libinit$$00000000  c_w.l(libinit.o)
    0x08000242   0x08000242   0x00000004   Code   RO         3819    .ARM.Collect$$libinit$$00000001  c_w.l(libinit2.o)
    0x08000246   0x08000246   0x00000000   Code   RO         3822    .ARM.Collect$$libinit$$00000004  c_w.l(libinit2.o)
    0x08000246   0x08000246   0x00000000   Code   RO         3825    .ARM.Collect$$libinit$$0000000A  c_w.l(libinit2.o)
    0x08000246   0x08000246   0x00000000   Code   RO         3827    .ARM.Collect$$libinit$$0000000C  c_w.l(libinit2.o)
    0x08000246   0x08000246   0x00000000   Code   RO         3829    .ARM.Collect$$libinit$$0000000E  c_w.l(libinit2.o)
    0x08000246   0x08000246   0x00000000   Code   RO         3832    .ARM.Collect$$libinit$$00000011  c_w.l(libinit2.o)
    0x08000246   0x08000246   0x00000000   Code   RO         3834    .ARM.Collect$$libinit$$00000013  c_w.l(libinit2.o)
    0x08000246   0x08000246   0x00000000   Code   RO         3836    .ARM.Collect$$libinit$$00000015  c_w.l(libinit2.o)
    0x08000246   0x08000246   0x00000000   Code   RO         3838    .ARM.Collect$$libinit$$00000017  c_w.l(libinit2.o)
    0x08000246   0x08000246   0x00000000   Code   RO         3840    .ARM.Collect$$libinit$$00000019  c_w.l(libinit2.o)
    0x08000246   0x08000246   0x00000000   Code   RO         3842    .ARM.Collect$$libinit$$0000001B  c_w.l(libinit2.o)
    0x08000246   0x08000246   0x00000000   Code   RO         3844    .ARM.Collect$$libinit$$0000001D  c_w.l(libinit2.o)
    0x08000246   0x08000246   0x00000000   Code   RO         3846    .ARM.Collect$$libinit$$0000001F  c_w.l(libinit2.o)
    0x08000246   0x08000246   0x00000000   Code   RO         3848    .ARM.Collect$$libinit$$00000021  c_w.l(libinit2.o)
    0x08000246   0x08000246   0x00000000   Code   RO         3850    .ARM.Collect$$libinit$$00000023  c_w.l(libinit2.o)
    0x08000246   0x08000246   0x00000000   Code   RO         3852    .ARM.Collect$$libinit$$00000025  c_w.l(libinit2.o)
    0x08000246   0x08000246   0x00000000   Code   RO         3856    .ARM.Collect$$libinit$$0000002C  c_w.l(libinit2.o)
    0x08000246   0x08000246   0x00000000   Code   RO         3858    .ARM.Collect$$libinit$$0000002E  c_w.l(libinit2.o)
    0x08000246   0x08000246   0x00000000   Code   RO         3860    .ARM.Collect$$libinit$$00000030  c_w.l(libinit2.o)
    0x08000246   0x08000246   0x00000000   Code   RO         3862    .ARM.Collect$$libinit$$00000032  c_w.l(libinit2.o)
    0x08000246   0x08000246   0x00000002   Code   RO         3863    .ARM.Collect$$libinit$$00000033  c_w.l(libinit2.o)
    0x08000248   0x08000248   0x00000002   Code   RO         3894    .ARM.Collect$$libshutdown$$00000000  c_w.l(libshutdown.o)
    0x0800024a   0x0800024a   0x00000000   Code   RO         3920    .ARM.Collect$$libshutdown$$00000002  c_w.l(libshutdown2.o)
    0x0800024a   0x0800024a   0x00000000   Code   RO         3922    .ARM.Collect$$libshutdown$$00000004  c_w.l(libshutdown2.o)
    0x0800024a   0x0800024a   0x00000000   Code   RO         3924    .ARM.Collect$$libshutdown$$00000006  c_w.l(libshutdown2.o)
    0x0800024a   0x0800024a   0x00000000   Code   RO         3927    .ARM.Collect$$libshutdown$$00000009  c_w.l(libshutdown2.o)
    0x0800024a   0x0800024a   0x00000000   Code   RO         3930    .ARM.Collect$$libshutdown$$0000000C  c_w.l(libshutdown2.o)
    0x0800024a   0x0800024a   0x00000000   Code   RO         3932    .ARM.Collect$$libshutdown$$0000000E  c_w.l(libshutdown2.o)
    0x0800024a   0x0800024a   0x00000000   Code   RO         3935    .ARM.Collect$$libshutdown$$00000011  c_w.l(libshutdown2.o)
    0x0800024a   0x0800024a   0x00000002   Code   RO         3936    .ARM.Collect$$libshutdown$$00000012  c_w.l(libshutdown2.o)
    0x0800024c   0x0800024c   0x00000000   Code   RO         3761    .ARM.Collect$$rtentry$$00000000  c_w.l(__rtentry.o)
    0x0800024c   0x0800024c   0x00000000   Code   RO         3778    .ARM.Collect$$rtentry$$00000002  c_w.l(__rtentry2.o)
    0x0800024c   0x0800024c   0x00000006   Code   RO         3790    .ARM.Collect$$rtentry$$00000004  c_w.l(__rtentry4.o)
    0x08000252   0x08000252   0x00000008   Code   RO         3779    .ARM.Collect$$rtentry$$00000008  c_w.l(__rtentry2.o)
    0x0800025a   0x0800025a   0x00000004   Code   RO         3781    .ARM.Collect$$rtentry$$0000000A  c_w.l(__rtentry2.o)
    0x0800025e   0x0800025e   0x00000000   Code   RO         3783    .ARM.Collect$$rtentry$$0000000C  c_w.l(__rtentry2.o)
    0x0800025e   0x0800025e   0x00000008   Code   RO         3784    .ARM.Collect$$rtentry$$0000000D  c_w.l(__rtentry2.o)
    0x08000266   0x08000266   0x00000002   Code   RO         3811    .ARM.Collect$$rtexit$$00000000  c_w.l(rtexit.o)
    0x08000268   0x08000268   0x00000000   Code   RO         3867    .ARM.Collect$$rtexit$$00000002  c_w.l(rtexit2.o)
    0x08000268   0x08000268   0x00000004   Code   RO         3868    .ARM.Collect$$rtexit$$00000003  c_w.l(rtexit2.o)
    0x0800026c   0x0800026c   0x00000006   Code   RO         3869    .ARM.Collect$$rtexit$$00000004  c_w.l(rtexit2.o)
    0x08000272   0x08000272   0x00000002   PAD
    0x08000274   0x08000274   0x00000040   Code   RO         3188    .text               startup_stm32f429xx.o
    0x080002b4   0x080002b4   0x000000c8   Code   RO         3541    .text               RTX_CM4F.lib(irq_armv7m.o)
    0x0800037c   0x0800037c   0x000000ee   Code   RO         3717    .text               c_w.l(lludivv7m.o)
    0x0800046a   0x0800046a   0x0000008a   Code   RO         3751    .text               c_w.l(rt_memcpy_v6.o)
    0x080004f4   0x080004f4   0x00000044   Code   RO         3753    .text               c_w.l(rt_memclr.o)
    0x08000538   0x08000538   0x0000004e   Code   RO         3755    .text               c_w.l(rt_memclr_w.o)
    0x08000586   0x08000586   0x00000006   Code   RO         3757    .text               c_w.l(heapauxi.o)
    0x0800058c   0x0800058c   0x00000064   Code   RO         3775    .text               c_w.l(rt_memcpy_w.o)
    0x080005f0   0x080005f0   0x0000004a   Code   RO         3796    .text               c_w.l(sys_stackheap_outer.o)
    0x0800063a   0x0800063a   0x00000012   Code   RO         3798    .text               c_w.l(exit.o)
    0x0800064c   0x0800064c   0x00000008   Code   RO         3808    .text               c_w.l(libspace.o)
    0x08000654   0x08000654   0x0000000c   Code   RO         3864    .text               c_w.l(sys_exit.o)
    0x08000660   0x08000660   0x00000002   Code   RO         3883    .text               c_w.l(use_no_semi.o)
    0x08000662   0x08000662   0x00000000   Code   RO         3885    .text               c_w.l(indicate_semi.o)
    0x08000662   0x08000662   0x00000040   Code   RO         3657    .text.MessageQueueGet  RTX_CM4F.lib(rtx_msgqueue.o)
    0x080006a2   0x080006a2   0x00000058   Code   RO         3651    .text.MessageQueuePut  RTX_CM4F.lib(rtx_msgqueue.o)
    0x080006fa   0x080006fa   0x0000001c   Code   RO         3649    .text.MessageQueueRemove  RTX_CM4F.lib(rtx_msgqueue.o)
    0x08000716   0x08000716   0x00000002   PAD
    0x08000718   0x08000718   0x0000000c   Code   RO         3695    .text.OS_Tick_AcknowledgeIRQ  RTX_CM4F.lib(os_systick.o)
    0x08000724   0x08000724   0x0000002c   Code   RO         3691    .text.OS_Tick_Enable  RTX_CM4F.lib(os_systick.o)
    0x08000750   0x08000750   0x00000006   Code   RO         3697    .text.OS_Tick_GetIRQn  RTX_CM4F.lib(os_systick.o)
    0x08000756   0x08000756   0x00000002   PAD
    0x08000758   0x08000758   0x00000040   Code   RO         3689    .text.OS_Tick_Setup  RTX_CM4F.lib(os_systick.o)
    0x08000798   0x08000798   0x0000000c   Code   RO         3288    .text.OUTLINED_FUNCTION_0  RTX_CM4F.lib(rtx_kernel.o)
    0x080007a4   0x080007a4   0x00000006   Code   RO         3430    .text.OUTLINED_FUNCTION_0  RTX_CM4F.lib(rtx_thread.o)
    0x080007aa   0x080007aa   0x0000000c   Code   RO         3665    .text.OUTLINED_FUNCTION_0  RTX_CM4F.lib(rtx_msgqueue.o)
    0x080007b6   0x080007b6   0x00000006   Code   RO         3290    .text.OUTLINED_FUNCTION_1  RTX_CM4F.lib(rtx_kernel.o)
    0x080007bc   0x080007bc   0x00000064   Code   RO         3382    .text.ThreadFlagsCheck  RTX_CM4F.lib(rtx_thread.o)
    0x08000820   0x08000820   0x00000048   Code   RO         3482    .text.TimerInsert   RTX_CM4F.lib(rtx_timer.o)
    0x08000868   0x08000868   0x00000028   Code   RO         3490    .text.TimerRemove   RTX_CM4F.lib(rtx_timer.o)
    0x08000890   0x08000890   0x00000024   Code   RO         3448    .text.osDelay       RTX_CM4F.lib(rtx_delay.o)
    0x080008b4   0x080008b4   0x00000030   Code   RO         3240    .text.osKernelGetState  RTX_CM4F.lib(rtx_kernel.o)
    0x080008e4   0x080008e4   0x00000028   Code   RO         3256    .text.osKernelGetTickCount  RTX_CM4F.lib(rtx_kernel.o)
    0x0800090c   0x0800090c   0x0000002c   Code   RO         3234    .text.osKernelInitialize  RTX_CM4F.lib(rtx_kernel.o)
    0x08000938   0x08000938   0x00000024   Code   RO         3244    .text.osKernelStart  RTX_CM4F.lib(rtx_kernel.o)
    0x0800095c   0x0800095c   0x00000070   Code   RO         3625    .text.osMessageQueueGet  RTX_CM4F.lib(rtx_msgqueue.o)
    0x080009cc   0x080009cc   0x00000080   Code   RO         3623    .text.osMessageQueuePut  RTX_CM4F.lib(rtx_msgqueue.o)
    0x08000a4c   0x08000a4c   0x00000024   Code   RO         3514    .text.osMutexAcquire  RTX_CM4F.lib(rtx_mutex.o)
    0x08000a70   0x08000a70   0x00000024   Code   RO         3520    .text.osMutexDelete  RTX_CM4F.lib(rtx_mutex.o)
    0x08000a94   0x08000a94   0x00000024   Code   RO         3510    .text.osMutexNew    RTX_CM4F.lib(rtx_mutex.o)
    0x08000ab8   0x08000ab8   0x00000024   Code   RO         3516    .text.osMutexRelease  RTX_CM4F.lib(rtx_mutex.o)
    0x08000adc   0x08000adc   0x00000004   Code   RO         3232    .text.osRtxKernelErrorNotify  RTX_CM4F.lib(rtx_kernel.o)
    0x08000ae0   0x08000ae0   0x00000002   Code   RO         3230    .text.osRtxKernelPreInit  RTX_CM4F.lib(rtx_kernel.o)
    0x08000ae2   0x08000ae2   0x0000006c   Code   RO         3551    .text.osRtxMemoryAlloc  RTX_CM4F.lib(rtx_memory.o)
    0x08000b4e   0x08000b4e   0x00000042   Code   RO         3553    .text.osRtxMemoryFree  RTX_CM4F.lib(rtx_memory.o)
    0x08000b90   0x08000b90   0x00000036   Code   RO         3549    .text.osRtxMemoryInit  RTX_CM4F.lib(rtx_memory.o)
    0x08000bc6   0x08000bc6   0x0000003a   Code   RO         3565    .text.osRtxMemoryPoolAlloc  RTX_CM4F.lib(rtx_mempool.o)
    0x08000c00   0x08000c00   0x0000004a   Code   RO         3567    .text.osRtxMemoryPoolFree  RTX_CM4F.lib(rtx_mempool.o)
    0x08000c4a   0x08000c4a   0x00000038   Code   RO         3563    .text.osRtxMemoryPoolInit  RTX_CM4F.lib(rtx_mempool.o)
    0x08000c82   0x08000c82   0x000000aa   Code   RO         3647    .text.osRtxMessageQueuePostProcess  RTX_CM4F.lib(rtx_msgqueue.o)
    0x08000d2c   0x08000d2c   0x00000028   Code   RO         3615    .text.osRtxMessageQueueTimerSetup  RTX_CM4F.lib(rtx_msgqueue.o)
    0x08000d54   0x08000d54   0x00000048   Code   RO         3506    .text.osRtxMutexOwnerRelease  RTX_CM4F.lib(rtx_mutex.o)
    0x08000d9c   0x08000d9c   0x00000042   Code   RO         3508    .text.osRtxMutexOwnerRestore  RTX_CM4F.lib(rtx_mutex.o)
    0x08000dde   0x08000dde   0x00000002   PAD
    0x08000de0   0x08000de0   0x0000008c   Code   RO         3677    .text.osRtxPendSV_Handler  RTX_CM4F.lib(rtx_system.o)
    0x08000e6c   0x08000e6c   0x00000074   Code   RO         3679    .text.osRtxPostProcess  RTX_CM4F.lib(rtx_system.o)
    0x08000ee0   0x08000ee0   0x00000038   Code   RO         3322    .text.osRtxThreadBlock  RTX_CM4F.lib(rtx_thread.o)
    0x08000f18   0x08000f18   0x00000080   Code   RO         3330    .text.osRtxThreadDelayInsert  RTX_CM4F.lib(rtx_thread.o)
    0x08000f98   0x08000f98   0x00000040   Code   RO         3326    .text.osRtxThreadDelayRemove  RTX_CM4F.lib(rtx_thread.o)
    0x08000fd8   0x08000fd8   0x0000004c   Code   RO         3312    .text.osRtxThreadDelayTick  RTX_CM4F.lib(rtx_thread.o)
    0x08001024   0x08001024   0x00000024   Code   RO         3414    .text.osRtxThreadDestroy  RTX_CM4F.lib(rtx_thread.o)
    0x08001048   0x08001048   0x00000054   Code   RO         3320    .text.osRtxThreadDispatch  RTX_CM4F.lib(rtx_thread.o)
    0x0800109c   0x0800109c   0x00000058   Code   RO         3406    .text.osRtxThreadFree  RTX_CM4F.lib(rtx_thread.o)
    0x080010f4   0x080010f4   0x0000001e   Code   RO         3412    .text.osRtxThreadJoinWakeup  RTX_CM4F.lib(rtx_thread.o)
    0x08001112   0x08001112   0x00000012   Code   RO         3304    .text.osRtxThreadListGet  RTX_CM4F.lib(rtx_thread.o)
    0x08001124   0x08001124   0x0000002c   Code   RO         3302    .text.osRtxThreadListPut  RTX_CM4F.lib(rtx_thread.o)
    0x08001150   0x08001150   0x00000014   Code   RO         3308    .text.osRtxThreadListRemove  RTX_CM4F.lib(rtx_thread.o)
    0x08001164   0x08001164   0x0000000c   Code   RO         3314    .text.osRtxThreadListRoot  RTX_CM4F.lib(rtx_thread.o)
    0x08001170   0x08001170   0x00000026   Code   RO         3306    .text.osRtxThreadListSort  RTX_CM4F.lib(rtx_thread.o)
    0x08001196   0x08001196   0x00000028   Code   RO         3380    .text.osRtxThreadPostProcess  RTX_CM4F.lib(rtx_thread.o)
    0x080011be   0x080011be   0x00000002   PAD
    0x080011c0   0x080011c0   0x00000014   Code   RO         3310    .text.osRtxThreadReadyPut  RTX_CM4F.lib(rtx_thread.o)
    0x080011d4   0x080011d4   0x00000014   Code   RO         3316    .text.osRtxThreadRegPtr  RTX_CM4F.lib(rtx_thread.o)
    0x080011e8   0x080011e8   0x0000003c   Code   RO         3332    .text.osRtxThreadStartup  RTX_CM4F.lib(rtx_thread.o)
    0x08001224   0x08001224   0x00000010   Code   RO         3318    .text.osRtxThreadSwitch  RTX_CM4F.lib(rtx_thread.o)
    0x08001234   0x08001234   0x0000003c   Code   RO         3328    .text.osRtxThreadWaitEnter  RTX_CM4F.lib(rtx_thread.o)
    0x08001270   0x08001270   0x00000030   Code   RO         3324    .text.osRtxThreadWaitExit  RTX_CM4F.lib(rtx_thread.o)
    0x080012a0   0x080012a0   0x00000078   Code   RO         3675    .text.osRtxTick_Handler  RTX_CM4F.lib(rtx_system.o)
    0x08001318   0x08001318   0x00000020   Code   RO         3464    .text.osRtxTimerSetup  RTX_CM4F.lib(rtx_timer.o)
    0x08001338   0x08001338   0x00000020   Code   RO         3468    .text.osRtxTimerThread  RTX_CM4F.lib(rtx_timer.o)
    0x08001358   0x08001358   0x00000070   Code   RO         3466    .text.osRtxTimerTick  RTX_CM4F.lib(rtx_timer.o)
    0x080013c8   0x080013c8   0x0000000c   Code   RO         3364    .text.osThreadExit  RTX_CM4F.lib(rtx_thread.o)
    0x080013d4   0x080013d4   0x00000058   Code   RO         3372    .text.osThreadFlagsSet  RTX_CM4F.lib(rtx_thread.o)
    0x0800142c   0x0800142c   0x00000024   Code   RO         3378    .text.osThreadFlagsWait  RTX_CM4F.lib(rtx_thread.o)
    0x08001450   0x08001450   0x00000024   Code   RO         3336    .text.osThreadNew   RTX_CM4F.lib(rtx_thread.o)
    0x08001474   0x08001474   0x00000024   Code   RO         3354    .text.osThreadYield  RTX_CM4F.lib(rtx_thread.o)
    0x08001498   0x08001498   0x00000024   Code   RO         3470    .text.osTimerNew    RTX_CM4F.lib(rtx_timer.o)
    0x080014bc   0x080014bc   0x00000024   Code   RO         3474    .text.osTimerStart  RTX_CM4F.lib(rtx_timer.o)
    0x080014e0   0x080014e0   0x00000024   Code   RO         3476    .text.osTimerStop   RTX_CM4F.lib(rtx_timer.o)
    0x08001504   0x08001504   0x00000016   Code   RO         3452    .text.svcRtxDelay   RTX_CM4F.lib(rtx_delay.o)
    0x0800151a   0x0800151a   0x00000002   PAD
    0x0800151c   0x0800151c   0x0000000c   Code   RO         3242    .text.svcRtxKernelGetState  RTX_CM4F.lib(rtx_kernel.o)
    0x08001528   0x08001528   0x0000000c   Code   RO         3258    .text.svcRtxKernelGetTickCount  RTX_CM4F.lib(rtx_kernel.o)
    0x08001534   0x08001534   0x00000100   Code   RO         3272    .text.svcRtxKernelInitialize  RTX_CM4F.lib(rtx_kernel.o)
    0x08001634   0x08001634   0x00000088   Code   RO         3274    .text.svcRtxKernelStart  RTX_CM4F.lib(rtx_kernel.o)
    0x080016bc   0x080016bc   0x000000d8   Code   RO         3659    .text.svcRtxMessageQueueGet  RTX_CM4F.lib(rtx_msgqueue.o)
    0x08001794   0x08001794   0x00000118   Code   RO         3617    .text.svcRtxMessageQueueNew  RTX_CM4F.lib(rtx_msgqueue.o)
    0x080018ac   0x080018ac   0x000000b4   Code   RO         3655    .text.svcRtxMessageQueuePut  RTX_CM4F.lib(rtx_msgqueue.o)
    0x08001960   0x08001960   0x00000090   Code   RO         3526    .text.svcRtxMutexAcquire  RTX_CM4F.lib(rtx_mutex.o)
    0x080019f0   0x080019f0   0x000000b0   Code   RO         3532    .text.svcRtxMutexDelete  RTX_CM4F.lib(rtx_mutex.o)
    0x08001aa0   0x08001aa0   0x00000068   Code   RO         3522    .text.svcRtxMutexNew  RTX_CM4F.lib(rtx_mutex.o)
    0x08001b08   0x08001b08   0x000000b4   Code   RO         3528    .text.svcRtxMutexRelease  RTX_CM4F.lib(rtx_mutex.o)
    0x08001bbc   0x08001bbc   0x0000004c   Code   RO         3410    .text.svcRtxThreadExit  RTX_CM4F.lib(rtx_thread.o)
    0x08001c08   0x08001c08   0x00000066   Code   RO         3422    .text.svcRtxThreadFlagsSet  RTX_CM4F.lib(rtx_thread.o)
    0x08001c6e   0x08001c6e   0x00000002   PAD
    0x08001c70   0x08001c70   0x0000004c   Code   RO         3428    .text.svcRtxThreadFlagsWait  RTX_CM4F.lib(rtx_thread.o)
    0x08001cbc   0x08001cbc   0x000001ec   Code   RO         3334    .text.svcRtxThreadNew  RTX_CM4F.lib(rtx_thread.o)
    0x08001ea8   0x08001ea8   0x00000038   Code   RO         3396    .text.svcRtxThreadYield  RTX_CM4F.lib(rtx_thread.o)
    0x08001ee0   0x08001ee0   0x00000078   Code   RO         3484    .text.svcRtxTimerNew  RTX_CM4F.lib(rtx_timer.o)
    0x08001f58   0x08001f58   0x00000048   Code   RO         3488    .text.svcRtxTimerStart  RTX_CM4F.lib(rtx_timer.o)
    0x08001fa0   0x08001fa0   0x00000028   Code   RO         3492    .text.svcRtxTimerStop  RTX_CM4F.lib(rtx_timer.o)
    0x08001fc8   0x08001fc8   0x00000034   Code   RO         1174    i.DMA_CalcBaseAndBitshift  stm32f4xx_hal_dma.o
    0x08001ffc   0x08001ffc   0x000000aa   Code   RO         1175    i.DMA_CheckFifoParam  stm32f4xx_hal_dma.o
    0x080020a6   0x080020a6   0x0000002c   Code   RO         1176    i.DMA_SetConfig     stm32f4xx_hal_dma.o
    0x080020d2   0x080020d2   0x00000002   PAD
    0x080020d4   0x080020d4   0x000001d8   Code   RO          536    i.Enable_GPIO_Clock  i2c_stm32f4xx.o
    0x080022ac   0x080022ac   0x00000004   Code   RO            4    i.Error_Handler     main.o
    0x080022b0   0x080022b0   0x000000aa   Code   RO         1177    i.HAL_DMA_Abort     stm32f4xx_hal_dma.o
    0x0800235a   0x0800235a   0x00000002   PAD
    0x0800235c   0x0800235c   0x000000ec   Code   RO         1183    i.HAL_DMA_Init      stm32f4xx_hal_dma.o
    0x08002448   0x08002448   0x00000092   Code   RO         1187    i.HAL_DMA_Start_IT  stm32f4xx_hal_dma.o
    0x080024da   0x080024da   0x00000002   PAD
    0x080024dc   0x080024dc   0x00000028   Code   RO          843    i.HAL_Delay         stm32f4xx_hal.o
    0x08002504   0x08002504   0x00000180   Code   RO         1321    i.HAL_GPIO_DeInit   stm32f4xx_hal_gpio.o
    0x08002684   0x08002684   0x0000021c   Code   RO         1324    i.HAL_GPIO_Init     stm32f4xx_hal_gpio.o
    0x080028a0   0x080028a0   0x00000010   Code   RO         1326    i.HAL_GPIO_ReadPin  stm32f4xx_hal_gpio.o
    0x080028b0   0x080028b0   0x00000012   Code   RO         1327    i.HAL_GPIO_TogglePin  stm32f4xx_hal_gpio.o
    0x080028c2   0x080028c2   0x0000000c   Code   RO         1328    i.HAL_GPIO_WritePin  stm32f4xx_hal_gpio.o
    0x080028ce   0x080028ce   0x00000002   PAD
    0x080028d0   0x080028d0   0x0000000c   Code   RO          850    i.HAL_GetREVID      stm32f4xx_hal.o
    0x080028dc   0x080028dc   0x0000004c   Code   RO            5    i.HAL_GetTick       main.o
    0x08002928   0x08002928   0x00000030   Code   RO          858    i.HAL_Init          stm32f4xx_hal.o
    0x08002958   0x08002958   0x0000004c   Code   RO          859    i.HAL_InitTick      stm32f4xx_hal.o
    0x080029a4   0x080029a4   0x00000002   Code   RO          861    i.HAL_MspInit       stm32f4xx_hal.o
    0x080029a6   0x080029a6   0x00000002   PAD
    0x080029a8   0x080029a8   0x00000024   Code   RO         1037    i.HAL_NVIC_ClearPendingIRQ  stm32f4xx_hal_cortex.o
    0x080029cc   0x080029cc   0x0000002c   Code   RO         1038    i.HAL_NVIC_DisableIRQ  stm32f4xx_hal_cortex.o
    0x080029f8   0x080029f8   0x00000028   Code   RO         1039    i.HAL_NVIC_EnableIRQ  stm32f4xx_hal_cortex.o
    0x08002a20   0x08002a20   0x0000007c   Code   RO         1045    i.HAL_NVIC_SetPriority  stm32f4xx_hal_cortex.o
    0x08002a9c   0x08002a9c   0x00000028   Code   RO         1046    i.HAL_NVIC_SetPriorityGrouping  stm32f4xx_hal_cortex.o
    0x08002ac4   0x08002ac4   0x00000184   Code   RO         2082    i.HAL_RCC_ClockConfig  stm32f4xx_hal_rcc.o
    0x08002c48   0x08002c48   0x0000000c   Code   RO         2087    i.HAL_RCC_GetHCLKFreq  stm32f4xx_hal_rcc.o
    0x08002c54   0x08002c54   0x00000020   Code   RO         2089    i.HAL_RCC_GetPCLK1Freq  stm32f4xx_hal_rcc.o
    0x08002c74   0x08002c74   0x000000b0   Code   RO         2091    i.HAL_RCC_GetSysClockFreq  stm32f4xx_hal_rcc.o
    0x08002d24   0x08002d24   0x00000488   Code   RO         2094    i.HAL_RCC_OscConfig  stm32f4xx_hal_rcc.o
    0x080031ac   0x080031ac   0x00000034   Code   RO         1050    i.HAL_SYSTICK_Config  stm32f4xx_hal_cortex.o
    0x080031e0   0x080031e0   0x00000108   Code   RO         2318    i.HAL_TIM_PWM_ConfigChannel  stm32f4xx_hal_tim.o
    0x080032e8   0x080032e8   0x00000034   Code   RO         2321    i.HAL_TIM_PWM_Init  stm32f4xx_hal_tim.o
    0x0800331c   0x0800331c   0x00000002   Code   RO         2323    i.HAL_TIM_PWM_MspInit  stm32f4xx_hal_tim.o
    0x0800331e   0x0800331e   0x00000002   PAD
    0x08003320   0x08003320   0x00000058   Code   RO         2326    i.HAL_TIM_PWM_Start  stm32f4xx_hal_tim.o
    0x08003378   0x08003378   0x00000088   Code   RO         2329    i.HAL_TIM_PWM_Stop  stm32f4xx_hal_tim.o
    0x08003400   0x08003400   0x00000018   Code   RO          537    i.I2C1_Control      i2c_stm32f4xx.o
    0x08003418   0x08003418   0x00000010   Code   RO          538    i.I2C1_ER_IRQHandler  i2c_stm32f4xx.o
    0x08003428   0x08003428   0x00000010   Code   RO          539    i.I2C1_EV_IRQHandler  i2c_stm32f4xx.o
    0x08003438   0x08003438   0x00000010   Code   RO          540    i.I2C1_GetDataCount  i2c_stm32f4xx.o
    0x08003448   0x08003448   0x00000010   Code   RO          541    i.I2C1_GetStatus    i2c_stm32f4xx.o
    0x08003458   0x08003458   0x00000014   Code   RO          542    i.I2C1_Initialize   i2c_stm32f4xx.o
    0x0800346c   0x0800346c   0x00000020   Code   RO          543    i.I2C1_MasterReceive  i2c_stm32f4xx.o
    0x0800348c   0x0800348c   0x00000020   Code   RO          544    i.I2C1_MasterTransmit  i2c_stm32f4xx.o
    0x080034ac   0x080034ac   0x00000014   Code   RO          545    i.I2C1_PowerControl  i2c_stm32f4xx.o
    0x080034c0   0x080034c0   0x00000018   Code   RO          546    i.I2C1_SlaveReceive  i2c_stm32f4xx.o
    0x080034d8   0x080034d8   0x00000018   Code   RO          547    i.I2C1_SlaveTransmit  i2c_stm32f4xx.o
    0x080034f0   0x080034f0   0x00000010   Code   RO          548    i.I2C1_Uninitialize  i2c_stm32f4xx.o
    0x08003500   0x08003500   0x0000000c   Code   RO          549    i.I2CX_GetCapabilities  i2c_stm32f4xx.o
    0x0800350c   0x0800350c   0x00000010   Code   RO          550    i.I2CX_GetVersion   i2c_stm32f4xx.o
    0x0800351c   0x0800351c   0x0000034c   Code   RO          551    i.I2C_Control       i2c_stm32f4xx.o
    0x08003868   0x08003868   0x00000206   Code   RO          552    i.I2C_ER_IRQHandler  i2c_stm32f4xx.o
    0x08003a6e   0x08003a6e   0x000006bc   Code   RO          553    i.I2C_EV_IRQHandler  i2c_stm32f4xx.o
    0x0800412a   0x0800412a   0x00000034   Code   RO          554    i.I2C_GetDataCount  i2c_stm32f4xx.o
    0x0800415e   0x0800415e   0x00000008   Code   RO          555    i.I2C_GetStatus     i2c_stm32f4xx.o
    0x08004166   0x08004166   0x00000002   PAD
    0x08004168   0x08004168   0x000001c0   Code   RO          556    i.I2C_Initialize    i2c_stm32f4xx.o
    0x08004328   0x08004328   0x00000144   Code   RO          557    i.I2C_MasterReceive  i2c_stm32f4xx.o
    0x0800446c   0x0800446c   0x0000012a   Code   RO          558    i.I2C_MasterTransmit  i2c_stm32f4xx.o
    0x08004596   0x08004596   0x00000002   PAD
    0x08004598   0x08004598   0x00000298   Code   RO          559    i.I2C_PowerControl  i2c_stm32f4xx.o
    0x08004830   0x08004830   0x00000088   Code   RO          560    i.I2C_SlaveReceive  i2c_stm32f4xx.o
    0x080048b8   0x080048b8   0x00000088   Code   RO          561    i.I2C_SlaveTransmit  i2c_stm32f4xx.o
    0x08004940   0x08004940   0x00000034   Code   RO          562    i.I2C_Uninitialize  i2c_stm32f4xx.o
    0x08004974   0x08004974   0x00000028   Code   RO          168    i.Init_Thread       thread_test.o
    0x0800499c   0x0800499c   0x00000028   Code   RO          208    i.Init_Thread_LEDS  leds.o
    0x080049c4   0x080049c4   0x00000028   Code   RO          246    i.Init_Thread_PWM   pwm.o
    0x080049ec   0x080049ec   0x00000020   Code   RO          209    i.LedBlinkCb        leds.o
    0x08004a0c   0x08004a0c   0x000000c0   Code   RO            6    i.SystemClock_Config  main.o
    0x08004acc   0x08004acc   0x000000c0   Code   RO         3195    i.SystemCoreClockUpdate  system_stm32f4xx.o
    0x08004b8c   0x08004b8c   0x0000001c   Code   RO         3196    i.SystemInit        system_stm32f4xx.o
    0x08004ba8   0x08004ba8   0x000000d8   Code   RO         2339    i.TIM_Base_SetConfig  stm32f4xx_hal_tim.o
    0x08004c80   0x08004c80   0x00000022   Code   RO         2340    i.TIM_CCxChannelCmd  stm32f4xx_hal_tim.o
    0x08004ca2   0x08004ca2   0x00000002   PAD
    0x08004ca4   0x08004ca4   0x00000070   Code   RO         2352    i.TIM_OC1_SetConfig  stm32f4xx_hal_tim.o
    0x08004d14   0x08004d14   0x0000007c   Code   RO         2353    i.TIM_OC2_SetConfig  stm32f4xx_hal_tim.o
    0x08004d90   0x08004d90   0x00000078   Code   RO         2354    i.TIM_OC3_SetConfig  stm32f4xx_hal_tim.o
    0x08004e08   0x08004e08   0x00000054   Code   RO         2355    i.TIM_OC4_SetConfig  stm32f4xx_hal_tim.o
    0x08004e5c   0x08004e5c   0x00000048   Code   RO          169    i.Thread            thread_test.o
    0x08004ea4   0x08004ea4   0x00000088   Code   RO          210    i.Thread_LEDS       leds.o
    0x08004f2c   0x08004f2c   0x00000080   Code   RO          247    i.Thread_PWM        pwm.o
    0x08004fac   0x08004fac   0x00000010   Code   RO         1052    i.__NVIC_GetPriorityGrouping  stm32f4xx_hal_cortex.o
    0x08004fbc   0x08004fbc   0x00000028   Code   RO         1053    i.__NVIC_SetPriority  stm32f4xx_hal_cortex.o
    0x08004fe4   0x08004fe4   0x00000016   Code   RO          409    i._mutex_acquire    rtx_lib.o
    0x08004ffa   0x08004ffa   0x0000000c   Code   RO          410    i._mutex_free       rtx_lib.o
    0x08005006   0x08005006   0x00000022   Code   RO          411    i._mutex_initialize  rtx_lib.o
    0x08005028   0x08005028   0x00000012   Code   RO          412    i._mutex_release    rtx_lib.o
    0x0800503a   0x0800503a   0x00000008   Code   RO          413    i._platform_post_stackheap_init  rtx_lib.o
    0x08005042   0x08005042   0x00000002   PAD
    0x08005044   0x08005044   0x00000068   Code   RO          248    i.cb_timer_pwm_alarma  pwm.o
    0x080050ac   0x080050ac   0x00000048   Code   RO          249    i.inicializarPWM    pwm.o
    0x080050f4   0x080050f4   0x00000070   Code   RO          250    i.inicializarTimer  pwm.o
    0x08005164   0x08005164   0x00000088   Code   RO            7    i.initLeds          main.o
    0x080051ec   0x080051ec   0x00000028   Code   RO            8    i.main              main.o
    0x08005214   0x08005214   0x00000020   Code   RO          502    i.osRtxErrorNotify  rtx_config.o
    0x08005234   0x08005234   0x00000004   Code   RO          503    i.osRtxIdleThread   rtx_config.o
    0x08005238   0x08005238   0x00000020   Code   RO          414    i.os_kernel_is_active  rtx_lib.o
    0x08005258   0x08005258   0x0000000a   Code   RO         3879    x$fpl$fpinit        fz_wm.l(fpinit.o)
    0x08005262   0x08005262   0x00000002   PAD
    0x08005264   0x08005264   0x00000068   Data   RO          422    .constdata          rtx_lib.o
    0x080052cc   0x080052cc   0x00000068   Data   RO          564    .constdata          i2c_stm32f4xx.o
    0x08005334   0x08005334   0x00000018   Data   RO          726    .constdata          eventrecorder.o
    0x0800534c   0x0800534c   0x00000008   Data   RO         1189    .constdata          stm32f4xx_hal_dma.o
    0x08005354   0x08005354   0x00000018   Data   RO         3197    .constdata          system_stm32f4xx.o
    0x0800536c   0x0800536c   0x000000a8   Data   RO          424    .rodata             rtx_lib.o
    0x08005414   0x08005414   0x00000001   Data   RO         3542    .rodata             RTX_CM4F.lib(irq_armv7m.o)
    0x08005415   0x08005415   0x00000003   PAD
    0x08005418   0x08005418   0x0000000b   Data   RO         3292    .rodata.str1.4      RTX_CM4F.lib(rtx_kernel.o)
    0x08005423   0x08005423   0x00000001   PAD
    0x08005424   0x08005424   0x00000020   Data   RO         3937    Region$$Table       anon$$obj.o


    Execution Region RW_IRAM1 (Exec base: 0x20000000, Load base: 0x08005444, Size: 0x000091e8, Max: 0x00030000, ABSOLUTE, COMPRESSED[0x00000120])

    Exec Addr    Load Addr    Size         Type   Attr      Idx    E Section Name        Object

    0x20000000   COMPRESSED   0x00008040   Data   RW          415    .bss.os             rtx_lib.o
    0x20008040   COMPRESSED   0x00000034   Data   RW          417    .bss.os.msgqueue.cb  rtx_lib.o
    0x20008074   COMPRESSED   0x00000050   Data   RW          418    .bss.os.msgqueue.mem  rtx_lib.o
    0x200080c4   COMPRESSED   0x00000088   Data   RW          419    .bss.os.thread.cb   rtx_lib.o
    0x2000814c   COMPRESSED   0x00000004   PAD
    0x20008150   COMPRESSED   0x00000200   Data   RW          420    .bss.os.thread.idle.stack  rtx_lib.o
    0x20008350   COMPRESSED   0x00000200   Data   RW          421    .bss.os.thread.timer.stack  rtx_lib.o
    0x20008550   COMPRESSED   0x00000004   Data   RW           10    .data               main.o
    0x20008554   COMPRESSED   0x00000004   Data   RW          170    .data               thread_test.o
    0x20008558   COMPRESSED   0x00000009   Data   RW          211    .data               leds.o
    0x20008561   COMPRESSED   0x00000003   PAD
    0x20008564   COMPRESSED   0x0000000a   Data   RW          252    .data               pwm.o
    0x2000856e   COMPRESSED   0x00000001   Data   RW          423    .data               rtx_lib.o
    0x2000856f   COMPRESSED   0x00000001   PAD
    0x20008570   COMPRESSED   0x00000009   Data   RW          865    .data               stm32f4xx_hal.o
    0x20008579   COMPRESSED   0x00000003   PAD
    0x2000857c   COMPRESSED   0x00000004   Data   RW         3198    .data               system_stm32f4xx.o
    0x20008580   COMPRESSED   0x000000a4   Data   RW         3293    .data.os            RTX_CM4F.lib(rtx_kernel.o)
    0x20008624        -       0x00000014   Zero   RW            9    .bss                main.o
    0x20008638        -       0x0000005c   Zero   RW          251    .bss                pwm.o
    0x20008694        -       0x00000028   Zero   RW          563    .bss                i2c_stm32f4xx.o
    0x200086bc        -       0x00000060   Zero   RW         3809    .bss                c_w.l(libspace.o)
    0x2000871c   COMPRESSED   0x00000024   PAD
    0x20008740        -       0x000004a4   Zero   RW          725    .bss.noinit         eventrecorder.o
    0x20008be4        -       0x00000001   Zero   RW         3707    .bss.os             RTX_CM4F.lib(os_systick.o)
    0x20008be5   COMPRESSED   0x00000003   PAD
    0x20008be8        -       0x00000200   Zero   RW         3186    HEAP                startup_stm32f429xx.o
    0x20008de8        -       0x00000400   Zero   RW         3185    STACK               startup_stm32f429xx.o


==============================================================================

Image component sizes


      Code (inc. data)   RO Data    RW Data    ZI Data      Debug   Object Name

         0          0         24          0       1188       4104   eventrecorder.o
      5960        174        104          0         40      26404   i2c_stm32f4xx.o
       208         36          0          9          0       2156   leds.o
       448         36          0          4         20     743762   main.o
         0          0          0          0          0       2984   memoria.o
       456         72          0         10         92       3417   pwm.o
        36          6          0          0          0       1045   rtx_config.o
       126          4        272      34125          0      13274   rtx_lib.o
        64         26        428          0       1536        856   startup_stm32f429xx.o
       178         24          0          9          0      10310   stm32f4xx_hal.o
       392         34          0          0          0      36772   stm32f4xx_hal_cortex.o
       818         10          8          0          0       5986   stm32f4xx_hal_dma.o
       970        102          0          0          0       5166   stm32f4xx_hal_gpio.o
      1768         74          0          0          0       5685   stm32f4xx_hal_rcc.o
      1232        100          0          0          0       9577   stm32f4xx_hal_tim.o
       220         26         24          4          0       2111   system_stm32f4xx.o
       112         16          0          4          0       4956   thread_test.o

    ----------------------------------------------------------------------
     13008        740        892      34176       2876     878565   Object Totals
         0          0         32          0          0          0   (incl. Generated)
        20          0          0         11          0          0   (incl. Padding)

    ----------------------------------------------------------------------

      Code (inc. data)   RO Data    RW Data    ZI Data      Debug   Library Member Name

       200         12          1          0          0        634   irq_armv7m.o
       126         32          0          0          1       3200   os_systick.o
        58          4          0          0          0       2791   rtx_delay.o
       608         60         11        164          0      16501   rtx_kernel.o
       228          0          0          0          0       2537   rtx_memory.o
       188          0          0          0          0      16008   rtx_mempool.o
      1318         32          0          0          0      18657   rtx_msgqueue.o
       886         32          0          0          0       9962   rtx_mutex.o
       376         26          0          0          0       5296   rtx_system.o
      2074        104          0          0          0      31847   rtx_thread.o
       628         40          0          0          0      10397   rtx_timer.o
        58          0          0          0          0          0   __dczerorl.o
         8          0          0          0          0         68   __main.o
         0          0          0          0          0          0   __rtentry.o
        20          0          0          0          0          0   __rtentry2.o
         6          0          0          0          0          0   __rtentry4.o
        52          8          0          0          0          0   __scatter.o
        28          0          0          0          0          0   __scatter_zi.o
        18          0          0          0          0         80   exit.o
         6          0          0          0          0        152   heapauxi.o
         0          0          0          0          0          0   indicate_semi.o
         2          0          0          0          0          0   libinit.o
         6          0          0          0          0          0   libinit2.o
         2          0          0          0          0          0   libshutdown.o
         2          0          0          0          0          0   libshutdown2.o
         8          4          0          0         96         68   libspace.o
       238          0          0          0          0        100   lludivv7m.o
        68          0          0          0          0         68   rt_memclr.o
        78          0          0          0          0         80   rt_memclr_w.o
       138          0          0          0          0         68   rt_memcpy_v6.o
       100          0          0          0          0         80   rt_memcpy_w.o
         2          0          0          0          0          0   rtexit.o
        10          0          0          0          0          0   rtexit2.o
        12          4          0          0          0         68   sys_exit.o
        74          0          0          0          0         80   sys_stackheap_outer.o
         2          0          0          0          0         68   use_no_semi.o
        10          0          0          0          0        116   fpinit.o

    ----------------------------------------------------------------------
      7656        358         16        164        136     118926   Library Totals
        18          0          4          0         39          0   (incl. Padding)

    ----------------------------------------------------------------------

      Code (inc. data)   RO Data    RW Data    ZI Data      Debug   Library Name

      6690        342         12        164          1     117830   RTX_CM4F.lib
       938         16          0          0         96        980   c_w.l
        10          0          0          0          0        116   fz_wm.l

    ----------------------------------------------------------------------
      7656        358         16        164        136     118926   Library Totals

    ----------------------------------------------------------------------

==============================================================================


      Code (inc. data)   RO Data    RW Data    ZI Data      Debug   

     20664       1098        908      34340       3012     988231   Grand Totals
     20664       1098        908        288       3012     988231   ELF Image Totals (compressed)
     20664       1098        908        288          0          0   ROM Totals

==============================================================================

    Total RO  Size (Code + RO Data)                21572 (  21.07kB)
    Total RW  Size (RW Data + ZI Data)             37352 (  36.48kB)
    Total ROM Size (Code + RO Data + RW Data)      21860 (  21.35kB)

==============================================================================

