Component: ARM Compiler 6.16 Tool: armlink [5dfeaa00]

==============================================================================

Section Cross References

    main.o(.text.HAL_GetTick) refers to rtx_kernel.o(.text.osKernelGetState) for osKernelGetState
    main.o(.text.HAL_GetTick) refers to rtx_kernel.o(.text.osKernelGetTickCount) for osKernelGetTickCount
    main.o(.text.HAL_GetTick) refers to system_stm32f4xx.o(.data.SystemCoreClock) for SystemCoreClock
    main.o(.text.HAL_GetTick) refers to main.o(.bss.HAL_GetTick.ticks) for HAL_GetTick.ticks
    main.o(.ARM.exidx.text.HAL_GetTick) refers to main.o(.text.HAL_GetTick) for [Anonymous Symbol]
    main.o(.text.main) refers to stm32f4xx_hal.o(.text.HAL_Init) for HAL_Init
    main.o(.text.main) refers to main.o(.text.SystemClock_Config) for SystemClock_Config
    main.o(.text.main) refers to system_stm32f4xx.o(.text.SystemCoreClockUpdate) for SystemCoreClockUpdate
    main.o(.text.main) refers to rtx_kernel.o(.text.osKernelInitialize) for osKernelInitialize
    main.o(.text.main) refers to principal.o(.text.Init_Principal) for Init_Principal
    main.o(.text.main) refers to rtx_kernel.o(.text.osKernelStart) for osKernelStart
    main.o(.ARM.exidx.text.main) refers to main.o(.text.main) for [Anonymous Symbol]
    main.o(.text.SystemClock_Config) refers to stm32f4xx_hal_rcc.o(.text.HAL_RCC_OscConfig) for HAL_RCC_OscConfig
    main.o(.text.SystemClock_Config) refers to main.o(.text.Error_Handler) for Error_Handler
    main.o(.text.SystemClock_Config) refers to stm32f4xx_hal_rcc.o(.text.HAL_RCC_ClockConfig) for HAL_RCC_ClockConfig
    main.o(.text.SystemClock_Config) refers to stm32f4xx_hal.o(.text.HAL_GetREVID) for HAL_GetREVID
    main.o(.ARM.exidx.text.SystemClock_Config) refers to main.o(.text.SystemClock_Config) for [Anonymous Symbol]
    main.o(.ARM.exidx.text.Error_Handler) refers to main.o(.text.Error_Handler) for [Anonymous Symbol]
    principal.o(.text.Init_Principal) refers to principal.o(.bss.modo) for modo
    principal.o(.text.Init_Principal) refers to leds.o(.text.Init_Thread_LEDS) for Init_Thread_LEDS
    principal.o(.text.Init_Principal) refers to pwm.o(.text.Init_Thread_PWM) for Init_Thread_PWM
    principal.o(.text.Init_Principal) refers to thrfid.o(.text.Init_ThRFID) for Init_ThRFID
    principal.o(.text.Init_Principal) refers to thca.o(.text.Init_ThAirQuality) for Init_ThAirQuality
    principal.o(.text.Init_Principal) refers to rtc.o(.text.RTC_init) for RTC_init
    principal.o(.text.Init_Principal) refers to thcom.o(.text.Init_ThCom) for Init_ThCom
    principal.o(.text.Init_Principal) refers to principal.o(.text.Principal) for Principal
    principal.o(.text.Init_Principal) refers to rtx_thread.o(.text.osThreadNew) for osThreadNew
    principal.o(.text.Init_Principal) refers to principal.o(.bss.tid_Principal) for tid_Principal
    principal.o(.ARM.exidx.text.Init_Principal) refers to principal.o(.text.Init_Principal) for [Anonymous Symbol]
    principal.o(.text.Principal) refers to rtx_msgqueue.o(.text.osMessageQueueNew) for osMessageQueueNew
    principal.o(.text.Principal) refers to thcom.o(.bss.mid_ComQueue) for mid_ComQueue
    principal.o(.text.Principal) refers to principal.o(.bss.modo) for modo
    principal.o(.text.Principal) refers to rtc.o(.text.RTC_SetWakeUpEvery60s) for RTC_SetWakeUpEvery60s
    principal.o(.text.Principal) refers to principal.o(.bss.msg_com) for msg_com
    principal.o(.text.Principal) refers to principal.o(.rodata.str1.1) for .L.str
    principal.o(.text.Principal) refers to sprintf.o(.text) for sprintf
    principal.o(.text.Principal) refers to rtx_msgqueue.o(.text.osMessageQueuePut) for osMessageQueuePut
    principal.o(.text.Principal) refers to rtx_delay.o(.text.osDelay) for osDelay
    principal.o(.text.Principal) refers to stm32f4xx_hal.o(.text.HAL_SuspendTick) for HAL_SuspendTick
    principal.o(.text.Principal) refers to stm32f4xx_hal_pwr.o(.text.HAL_PWR_EnterSTOPMode) for HAL_PWR_EnterSTOPMode
    principal.o(.text.Principal) refers to stm32f4xx_hal.o(.text.HAL_ResumeTick) for HAL_ResumeTick
    principal.o(.text.Principal) refers to main.o(.text.SystemClock_Config) for SystemClock_Config
    principal.o(.text.Principal) refers to principal.o(.data.temp) for temp
    principal.o(.text.Principal) refers to principal.o(.bss.alarma) for alarma
    principal.o(.text.Principal) refers to thca.o(.bss.tid_AirQuality) for tid_AirQuality
    principal.o(.text.Principal) refers to rtx_thread.o(.text.osThreadFlagsSet) for osThreadFlagsSet
    principal.o(.text.Principal) refers to thca.o(.bss.mid_airQueue) for mid_airQueue
    principal.o(.text.Principal) refers to rtx_msgqueue.o(.text.osMessageQueueGet) for osMessageQueueGet
    principal.o(.text.Principal) refers to leds.o(.bss.tid_LEDS) for tid_LEDS
    principal.o(.text.Principal) refers to pwm.o(.bss.tid_PWM) for tid_PWM
    principal.o(.text.Principal) refers to rtx_thread.o(.text.osThreadFlagsWait) for osThreadFlagsWait
[...]
    Init_Thread_LEDS                         0x08006c25   Thumb Code    58  leds.o(.text.Init_Thread_LEDS)
    Init_Thread_PWM                          0x08006c61   Thumb Code    58  pwm.o(.text.Init_Thread_PWM)
    OS_Tick_AcknowledgeIRQ                   0x08006de9   Thumb Code     8  os_systick.o(.text.OS_Tick_AcknowledgeIRQ)
    OS_Tick_Enable                           0x08006df1   Thumb Code    32  os_systick.o(.text.OS_Tick_Enable)
    OS_Tick_GetIRQn                          0x08006e15   Thumb Code     6  os_systick.o(.text.OS_Tick_GetIRQn)
    OS_Tick_Setup                            0x08006e1d   Thumb Code    48  os_systick.o(.text.OS_Tick_Setup)
    Principal                                0x08006e81   Thumb Code   832  principal.o(.text.Principal)
    RC522_AntennaOn                          0x080071c1   Thumb Code    36  rfid.o(.text.RC522_AntennaOn)
    RC522_Anticoll                           0x080071e5   Thumb Code   138  rfid.o(.text.RC522_Anticoll)
    RC522_BSP_GPIO_Init                      0x08007271   Thumb Code   136  rfid.o(.text.RC522_BSP_GPIO_Init)
    RC522_ClearBitMask                       0x080072f9   Thumb Code    46  rfid.o(.text.RC522_ClearBitMask)
    RC522_Init                               0x080073d1   Thumb Code   130  rfid.o(.text.RC522_Init)
    RC522_ReadRegister                       0x08007455   Thumb Code   190  rfid.o(.text.RC522_ReadRegister)
    RC522_ReadUID                            0x08007515   Thumb Code    60  rfid.o(.text.RC522_ReadUID)
    RC522_Request                            0x08007551   Thumb Code    98  rfid.o(.text.RC522_Request)
    RC522_Reset                              0x080075b5   Thumb Code    50  rfid.o(.text.RC522_Reset)
    RC522_SPI1_Init                          0x080075e9   Thumb Code   204  rfid.o(.text.RC522_SPI1_Init)
    RC522_SetBitMask                         0x080076b5   Thumb Code    46  rfid.o(.text.RC522_SetBitMask)
    RC522_StopCommand                        0x080076e5   Thumb Code    12  rfid.o(.text.RC522_StopCommand)
    RC522_ToCard                             0x080076f1   Thumb Code   506  rfid.o(.text.RC522_ToCard)
    RC522_WriteRegister                      0x080078ed   Thumb Code   138  rfid.o(.text.RC522_WriteRegister)
    RFID_TryDisarm                           0x08007979   Thumb Code   112  rfid.o(.text.RFID_TryDisarm)
    RTC_Alarm_IRQHandler                     0x080079e9   Thumb Code    16  rtc.o(.text.RTC_Alarm_IRQHandler)
    RTC_Bcd2ToByte                           0x080079f9   Thumb Code    42  stm32f4xx_hal_rtc.o(.text.RTC_Bcd2ToByte)
    RTC_ByteToBcd2                           0x08007a25   Thumb Code    58  stm32f4xx_hal_rtc.o(.text.RTC_ByteToBcd2)
    RTC_CalendarConfig                       0x08007a61   Thumb Code    94  rtc.o(.text.RTC_CalendarConfig)
    RTC_EnterInitMode                        0x08007ac1   Thumb Code   100  stm32f4xx_hal_rtc.o(.text.RTC_EnterInitMode)
    RTC_SetAlarm                             0x08007b25   Thumb Code   154  rtc.o(.text.RTC_SetAlarm)
    RTC_SetWakeUpEvery60s                    0x08007bc1   Thumb Code    74  rtc.o(.text.RTC_SetWakeUpEvery60s)
    RTC_WKUP_IRQHandler                      0x08007c0d   Thumb Code    16  rtc.o(.text.RTC_WKUP_IRQHandler)
    RTC_init                                 0x08007c1d   Thumb Code   152  rtc.o(.text.RTC_init)
    SPI1_IRQHandler                          0x08007cf9   Thumb Code    16  spi_stm32f4xx.o(.text.SPI1_IRQHandler)
    SystemClock_Config                       0x08008f81   Thumb Code   200  main.o(.text.SystemClock_Config)
    SystemCoreClockUpdate                    0x08009049   Thumb Code   302  system_stm32f4xx.o(.text.SystemCoreClockUpdate)
    SystemInit                               0x08009179   Thumb Code    32  system_stm32f4xx.o(.text.SystemInit)
    TIM_Base_SetConfig                       0x08009199   Thumb Code   410  stm32f4xx_hal_tim.o(.text.TIM_Base_SetConfig)
    TIM_CCxChannelCmd                        0x08009335   Thumb Code    54  stm32f4xx_hal_tim.o(.text.TIM_CCxChannelCmd)
    TIM_OC2_SetConfig                        0x08009459   Thumb Code   244  stm32f4xx_hal_tim.o(.text.TIM_OC2_SetConfig)
    ThCom                                    0x080096e5   Thumb Code   164  thcom.o(.text.ThCom)
    ThRFID                                   0x08009789   Thumb Code    90  thrfid.o(.text.ThRFID)
    Th_AirQuality                            0x080097e5   Thumb Code   272  thca.o(.text.Th_AirQuality)
    Thread_LEDS                              0x08009959   Thumb Code   190  leds.o(.text.Thread_LEDS)
    Thread_PWM                               0x08009a19   Thumb Code   178  pwm.o(.text.Thread_PWM)
    USART3_IRQHandler                        0x08009bd9   Thumb Code    16  usart_stm32f4xx.o(.text.USART3_IRQHandler)
    USART_IRQHandler                         0x0800a9f9   Thumb Code   948  usart_stm32f4xx.o(.text.USART_IRQHandler)
    _mutex_acquire                           0x0800bae1   Thumb Code    32  rtx_lib.o(.text._mutex_acquire)
    _mutex_free                              0x0800bb01   Thumb Code    18  rtx_lib.o(.text._mutex_free)
    _mutex_initialize                        0x0800bb15   Thumb Code    50  rtx_lib.o(.text._mutex_initialize)
    _mutex_release                           0x0800bb49   Thumb Code    28  rtx_lib.o(.text._mutex_release)
    _platform_post_stackheap_init            0x0800bb65   Thumb Code     8  rtx_lib.o(.text._platform_post_stackheap_init)
    inicializarPWM                           0x0800bc0d   Thumb Code    74  pwm.o(.text.inicializarPWM)
    inicializarTimer                         0x0800bc59   Thumb Code   118  pwm.o(.text.inicializarTimer)
    initLeds                                 0x0800bcd1   Thumb Code   152  leds.o(.text.initLeds)
    main                                     0x0800bd69   Thumb Code    36  main.o(.text.main)
    myUSART_callback                         0x0800bd8d   Thumb Code    38  thcom.o(.text.myUSART_callback)
    osDelay                                  0x0800bdb5   Thumb Code    32  rtx_delay.o(.text.osDelay)
    osKernelGetState                         0x0800bdd9   Thumb Code    40  rtx_kernel.o(.text.osKernelGetState)
    osKernelGetTickCount                     0x0800be05   Thumb Code    32  rtx_kernel.o(.text.osKernelGetTickCount)
    osKernelInitialize                       0x0800be2d   Thumb Code    40  rtx_kernel.o(.text.osKernelInitialize)
    osKernelStart                            0x0800be59   Thumb Code    32  rtx_kernel.o(.text.osKernelStart)
    osMessageQueueGet                        0x0800be7d   Thumb Code   108  rtx_msgqueue.o(.text.osMessageQueueGet)
    osMessageQueueNew                        0x0800beed   Thumb Code    32  rtx_msgqueue.o(.text.osMessageQueueNew)
    osMessageQueuePut                        0x0800bf11   Thumb Code   124  rtx_msgqueue.o(.text.osMessageQueuePut)
    osMutexAcquire                           0x0800bf91   Thumb Code    32  rtx_mutex.o(.text.osMutexAcquire)
    osMutexDelete                            0x0800bfb5   Thumb Code    32  rtx_mutex.o(.text.osMutexDelete)
    osMutexNew                               0x0800bfd9   Thumb Code    32  rtx_mutex.o(.text.osMutexNew)
    osMutexRelease                           0x0800bffd   Thumb Code    32  rtx_mutex.o(.text.osMutexRelease)
    osRtxErrorNotify                         0x0800c021   Thumb Code    46  rtx_config.o(.text.osRtxErrorNotify)
    osRtxIdleThread                          0x0800c051   Thumb Code     8  rtx_config.o(.text.osRtxIdleThread)
    osRtxKernelErrorNotify                   0x0800c059   Thumb Code     4  rtx_kernel.o(.text.osRtxKernelErrorNotify)
    osRtxKernelPreInit                       0x0800c05d   Thumb Code     2  rtx_kernel.o(.text.osRtxKernelPreInit)
    osRtxMemoryAlloc                         0x0800c05f   Thumb Code   108  rtx_memory.o(.text.osRtxMemoryAlloc)
    osRtxMemoryFree                          0x0800c0cb   Thumb Code    66  rtx_memory.o(.text.osRtxMemoryFree)
    osRtxMemoryInit                          0x0800c10d   Thumb Code    54  rtx_memory.o(.text.osRtxMemoryInit)
    osRtxMemoryPoolAlloc                     0x0800c143   Thumb Code    58  rtx_mempool.o(.text.osRtxMemoryPoolAlloc)
    osRtxMemoryPoolFree                      0x0800c17d   Thumb Code    74  rtx_mempool.o(.text.osRtxMemoryPoolFree)
    osRtxMemoryPoolInit                      0x0800c1c7   Thumb Code    56  rtx_mempool.o(.text.osRtxMemoryPoolInit)
    osRtxMessageQueueTimerSetup              0x0800c2a9   Thumb Code    32  rtx_msgqueue.o(.text.osRtxMessageQueueTimerSetup)
    osRtxMutexOwnerRelease                   0x0800c2cd   Thumb Code    72  rtx_mutex.o(.text.osRtxMutexOwnerRelease)
    osRtxMutexOwnerRestore                   0x0800c315   Thumb Code    66  rtx_mutex.o(.text.osRtxMutexOwnerRestore)
    osRtxPendSV_Handler                      0x0800c359   Thumb Code   136  rtx_system.o(.text.osRtxPendSV_Handler)
    osRtxPostProcess                         0x0800c3e1   Thumb Code   108  rtx_system.o(.text.osRtxPostProcess)
    osRtxThreadDelayTick                     0x0800c53d   Thumb Code    72  rtx_thread.o(.text.osRtxThreadDelayTick)
    osRtxThreadDispatch                      0x0800c5a5   Thumb Code    80  rtx_thread.o(.text.osRtxThreadDispatch)
    osRtxThreadListGet                       0x0800c66b   Thumb Code    18  rtx_thread.o(.text.osRtxThreadListGet)
    osRtxThreadListPut                       0x0800c67d   Thumb Code    44  rtx_thread.o(.text.osRtxThreadListPut)
    osRtxThreadListRemove                    0x0800c6a9   Thumb Code    20  rtx_thread.o(.text.osRtxThreadListRemove)
    osRtxThreadListSort                      0x0800c6c9   Thumb Code    38  rtx_thread.o(.text.osRtxThreadListSort)
    osRtxThreadReadyPut                      0x0800c719   Thumb Code    16  rtx_thread.o(.text.osRtxThreadReadyPut)
    osRtxThreadRegPtr                        0x0800c72d   Thumb Code    20  rtx_thread.o(.text.osRtxThreadRegPtr)
    osRtxThreadStartup                       0x0800c741   Thumb Code    48  rtx_thread.o(.text.osRtxThreadStartup)
    osRtxThreadSwitch                        0x0800c779   Thumb Code    12  rtx_thread.o(.text.osRtxThreadSwitch)
    osRtxThreadWaitEnter                     0x0800c785   Thumb Code    56  rtx_thread.o(.text.osRtxThreadWaitEnter)
    osRtxThreadWaitExit                      0x0800c7c1   Thumb Code    48  rtx_thread.o(.text.osRtxThreadWaitExit)
    osRtxTick_Handler                        0x0800c7f1   Thumb Code   116  rtx_system.o(.text.osRtxTick_Handler)
    osRtxTimerSetup                          0x0800c869   Thumb Code    24  rtx_timer.o(.text.osRtxTimerSetup)
    osRtxTimerThread                         0x0800c889   Thumb Code    32  rtx_timer.o(.text.osRtxTimerThread)
    osThreadExit                             0x0800c919   Thumb Code     8  rtx_thread.o(.text.osThreadExit)
    osThreadFlagsSet                         0x0800c925   Thumb Code    84  rtx_thread.o(.text.osThreadFlagsSet)
    osThreadFlagsWait                        0x0800c97d   Thumb Code    32  rtx_thread.o(.text.osThreadFlagsWait)
    osThreadNew                              0x0800c9a1   Thumb Code    32  rtx_thread.o(.text.osThreadNew)
    osThreadYield                            0x0800c9c5   Thumb Code    32  rtx_thread.o(.text.osThreadYield)
    osTimerNew                               0x0800c9e9   Thumb Code    32  rtx_timer.o(.text.osTimerNew)
    osTimerStart                             0x0800ca0d   Thumb Code    32  rtx_timer.o(.text.osTimerStart)
    osTimerStop                              0x0800ca31   Thumb Code    32  rtx_timer.o(.text.osTimerStop)
    _btod_d2e                                0x0800d535   Thumb Code    62  btod.o(CL$$btod_d2e)
    _d2e_denorm_low                          0x0800d573   Thumb Code    70  btod.o(CL$$btod_d2e_denorm_low)
    _d2e_norm_op1                            0x0800d5b9   Thumb Code    96  btod.o(CL$$btod_d2e_norm_op1)
    __btod_div_common                        0x0800d619   Thumb Code   696  btod.o(CL$$btod_div_common)
    _e2e                                     0x0800d951   Thumb Code   220  btod.o(CL$$btod_e2e)
    _btod_ediv                               0x0800da2d   Thumb Code    42  btod.o(CL$$btod_ediv)
    _btod_emul                               0x0800da57   Thumb Code    42  btod.o(CL$$btod_emul)
    __btod_mult_common                       0x0800da81   Thumb Code   580  btod.o(CL$$btod_mult_common)
    __ARM_fpclassify                         0x0800dcc5   Thumb Code    48  fpclassify.o(i.__ARM_fpclassify)
    _is_digit                                0x0800dcf5   Thumb Code    14  __printf_wp.o(i._is_digit)
    _get_lc_numeric                          0x0800dd05   Thumb Code    44  lc_numeric_c.o(locale$$code)
    _get_lc_ctype                            0x0800dd31   Thumb Code    44  lc_ctype_c.o(locale$$code)
    _fp_init                                 0x0800dd5d   Thumb Code    26  fpinit.o(x$fpl$fpinit)
    __fplib_config_fpu_vfp                   0x0800dd75   Thumb Code     0  fpinit.o(x$fpl$fpinit)
    __fplib_config_pureend_doubles           0x0800dd75   Thumb Code     0  fpinit.o(x$fpl$fpinit)
    _printf_fp_dec                           0x0800dd77   Thumb Code     4  printf1.o(x$fpl$printf1)
    _printf_fp_hex                           0x0800dd7b   Thumb Code     4  printf2.o(x$fpl$printf2)
    __I$use$fp                               0x0800dd7e   Number         0  usenofp.o(x$fpl$usenofp)
    osRtxConfig                              0x0800de7c   Data         112  rtx_lib.o(.rodata)
    os_cb_sections                           0x0800deec   Data          56  rtx_lib.o(.rodata)
    AHBPrescTable                            0x0800df24   Data          16  system_stm32f4xx.o(.rodata.AHBPrescTable)
    APBPrescTable                            0x0800df34   Data           8  system_stm32f4xx.o(.rodata.APBPrescTable)
    Driver_I2C1                              0x0800df50   Data          48  i2c_stm32f4xx.o(.rodata.Driver_I2C1)
    Driver_SPI1                              0x0800df80   Data          44  spi_stm32f4xx.o(.rodata.Driver_SPI1)
    Driver_USART3                            0x0800dfac   Data          56  usart_stm32f4xx.o(.rodata.Driver_USART3)
    EventRecorderInfo                        0x0800dfe4   Data          24  eventrecorder.o(.rodata.EventRecorderInfo)
    osRtxUserSVC                             0x0800e0e0   Data           4  rtx_lib.o(.rodata.osRtxUserSVC)
    Region$$Table$$Base                      0x0800e170   Number         0  anon$$obj.o(Region$$Table)
    Region$$Table$$Limit                     0x0800e190   Number         0  anon$$obj.o(Region$$Table)
    __ctype                                  0x0800e1b9   Data           0  lc_ctype_c.o(locale$$data)
    RC522_SPIdrv                             0x20000004   Data           4  rfid.o(.data.RC522_SPIdrv)
    SystemCoreClock                          0x20000008   Data           4  system_stm32f4xx.o(.data.SystemCoreClock)
    osRtxInfo                                0x20000010   Data         164  rtx_kernel.o(.data.os)
    uwTickFreq                               0x200000b8   Data           1  stm32f4xx_hal.o(.data.uwTickFreq)
    uwTickPrio                               0x200000bc   Data           4  stm32f4xx_hal.o(.data.uwTickPrio)
    __libspace_start                         0x200000c0   Data          96  libspace.o(.bss)
    GPIO_InitStruct                          0x20000120   Data          20  leds.o(.bss.GPIO_InitStruct)
    __temporary_stack_top$libspace           0x20000120   Data           0  libspace.o(.bss)
    RtcHandle                                0x20000160   Data          32  rtc.o(.bss.RtcHandle)
    alarma                                   0x20000200   Data           1  principal.o(.bss.alarma)
    mid_ComQueue                             0x20000248   Data           4  thcom.o(.bss.mid_ComQueue)
    mid_airQueue                             0x2000024c   Data           4  thca.o(.bss.mid_airQueue)
    modo                                     0x20000250   Data           1  principal.o(.bss.modo)
    msgCom                                   0x20000251   Data         129  thcom.o(.bss.msgCom)
    .bss.os.msgqueue.cb$$Base                0x2000886c   Number         0  rtx_lib.o(.bss.os.msgqueue.cb)
    .bss.os.msgqueue.cb$$Limit               0x200088a0   Number         0  rtx_lib.o(.bss.os.msgqueue.cb)
    .bss.os.thread.cb$$Base                  0x200088f0   Number         0  rtx_lib.o(.bss.os.thread.cb)
    .bss.os.thread.cb$$Limit                 0x20008978   Number         0  rtx_lib.o(.bss.os.thread.cb)
    tid_AirQuality                           0x20008d80   Data           4  thca.o(.bss.tid_AirQuality)
    tid_LEDS                                 0x20008d84   Data           4  leds.o(.bss.tid_LEDS)
    tid_PWM                                  0x20008d88   Data           4  pwm.o(.bss.tid_PWM)
    tid_Principal                            0x20008d8c   Data           4  principal.o(.bss.tid_Principal)
    tid_ThCom                                0x20008d90   Data           4  thcom.o(.bss.tid_ThCom)
    tid_ThRFID                               0x20008d94   Data           4  thrfid.o(.bss.tid_ThRFID)
    ultimo_uid                               0x20008d9c   Data           4  rfid.o(.bss.ultimo_uid)



==============================================================================

Memory Map of the image

  Image Entry point : 0x080001ad

  Load Region LR_IROM1 (Base: 0x08000000, Size: 0x0000e380, Max: 0x00200000, ABSOLUTE)

    Execution Region ER_IROM1 (Exec base: 0x08000000, Load base: 0x08000000, Size: 0x0000e2bc, Max: 0x00200000, ABSOLUTE)

    Exec Addr    Load Addr    Size         Type   Attr      Idx    E Section Name        Object

    0x08000000   0x08000000   0x000001ac   Data   RO         1682    RESET               startup_stm32f429xx.o
    0x080001ac   0x080001ac   0x00000008   Code   RO         2300  * !!!main             c_w.l(__main.o)
    0x080001b4   0x080001b4   0x00000034   Code   RO         2645    !!!scatter          c_w.l(__scatter.o)
    0x080001e8   0x080001e8   0x0000001a   Code   RO         2647    !!handler_copy      c_w.l(__scatter_copy.o)
    0x08000202   0x08000202   0x00000002   PAD
    0x08000204   0x08000204   0x0000001c   Code   RO         2649    !!handler_zi        c_w.l(__scatter_zi.o)
    0x08000220   0x08000220   0x00000000   Code   RO         2388    .ARM.Collect$$_printf_percent$$00000000  c_w.l(_printf_percent.o)
    0x08000220   0x08000220   0x00000006   Code   RO         2377    .ARM.Collect$$_printf_percent$$00000001  c_w.l(_printf_n.o)
    0x08000226   0x08000226   0x00000006   Code   RO         2379    .ARM.Collect$$_printf_percent$$00000002  c_w.l(_printf_p.o)
    0x0800022c   0x0800022c   0x00000006   Code   RO         2384    .ARM.Collect$$_printf_percent$$00000003  c_w.l(_printf_f.o)
    0x08000232   0x08000232   0x00000006   Code   RO         2385    .ARM.Collect$$_printf_percent$$00000004  c_w.l(_printf_e.o)
    0x08000238   0x08000238   0x00000006   Code   RO         2386    .ARM.Collect$$_printf_percent$$00000005  c_w.l(_printf_g.o)
    0x0800023e   0x0800023e   0x00000006   Code   RO         2387    .ARM.Collect$$_printf_percent$$00000006  c_w.l(_printf_a.o)
    0x08000244   0x08000244   0x0000000a   Code   RO         2392    .ARM.Collect$$_printf_percent$$00000007  c_w.l(_printf_ll.o)
    0x0800024e   0x0800024e   0x00000006   Code   RO         2381    .ARM.Collect$$_printf_percent$$00000008  c_w.l(_printf_i.o)
    0x08000254   0x08000254   0x00000006   Code   RO         2382    .ARM.Collect$$_printf_percent$$00000009  c_w.l(_printf_d.o)
    0x0800025a   0x0800025a   0x00000006   Code   RO         2383    .ARM.Collect$$_printf_percent$$0000000A  c_w.l(_printf_u.o)
    0x08000260   0x08000260   0x00000006   Code   RO         2380    .ARM.Collect$$_printf_percent$$0000000B  c_w.l(_printf_o.o)
    0x08000266   0x08000266   0x00000006   Code   RO         2378    .ARM.Collect$$_printf_percent$$0000000C  c_w.l(_printf_x.o)
    0x0800026c   0x0800026c   0x00000006   Code   RO         2389    .ARM.Collect$$_printf_percent$$0000000D  c_w.l(_printf_lli.o)
    0x08000272   0x08000272   0x00000006   Code   RO         2390    .ARM.Collect$$_printf_percent$$0000000E  c_w.l(_printf_lld.o)
    0x08000278   0x08000278   0x00000006   Code   RO         2391    .ARM.Collect$$_printf_percent$$0000000F  c_w.l(_printf_llu.o)
    0x0800027e   0x0800027e   0x00000006   Code   RO         2396    .ARM.Collect$$_printf_percent$$00000010  c_w.l(_printf_llo.o)
    0x08000284   0x08000284   0x00000006   Code   RO         2397    .ARM.Collect$$_printf_percent$$00000011  c_w.l(_printf_llx.o)
    0x0800028a   0x0800028a   0x0000000a   Code   RO         2393    .ARM.Collect$$_printf_percent$$00000012  c_w.l(_printf_l.o)
    0x08000294   0x08000294   0x00000006   Code   RO         2375    .ARM.Collect$$_printf_percent$$00000013  c_w.l(_printf_c.o)
    0x0800029a   0x0800029a   0x00000006   Code   RO         2376    .ARM.Collect$$_printf_percent$$00000014  c_w.l(_printf_s.o)
    0x080002a0   0x080002a0   0x00000006   Code   RO         2394    .ARM.Collect$$_printf_percent$$00000015  c_w.l(_printf_lc.o)
    0x080002a6   0x080002a6   0x00000006   Code   RO         2395    .ARM.Collect$$_printf_percent$$00000016  c_w.l(_printf_ls.o)
    0x080002ac   0x080002ac   0x00000004   Code   RO         2442    .ARM.Collect$$_printf_percent$$00000017  c_w.l(_printf_percent_end.o)
    0x080002b0   0x080002b0   0x00000002   Code   RO         2497    .ARM.Collect$$libinit$$00000000  c_w.l(libinit.o)
    0x080002b2   0x080002b2   0x00000004   Code   RO         2519    .ARM.Collect$$libinit$$00000001  c_w.l(libinit2.o)
    0x080002b6   0x080002b6   0x00000000   Code   RO         2522    .ARM.Collect$$libinit$$00000004  c_w.l(libinit2.o)
    0x080002b6   0x080002b6   0x00000000   Code   RO         2525    .ARM.Collect$$libinit$$0000000A  c_w.l(libinit2.o)
    0x080002b6   0x080002b6   0x00000000   Code   RO         2527    .ARM.Collect$$libinit$$0000000C  c_w.l(libinit2.o)
    0x080002b6   0x080002b6   0x00000000   Code   RO         2529    .ARM.Collect$$libinit$$0000000E  c_w.l(libinit2.o)
    0x080002b6   0x080002b6   0x00000006   Code   RO         2530    .ARM.Collect$$libinit$$0000000F  c_w.l(libinit2.o)
    0x080002bc   0x080002bc   0x00000000   Code   RO         2532    .ARM.Collect$$libinit$$00000011  c_w.l(libinit2.o)
    0x080002bc   0x080002bc   0x0000000c   Code   RO         2533    .ARM.Collect$$libinit$$00000012  c_w.l(libinit2.o)
    0x080002c8   0x080002c8   0x00000000   Code   RO         2534    .ARM.Collect$$libinit$$00000013  c_w.l(libinit2.o)
    0x080002c8   0x080002c8   0x00000000   Code   RO         2536    .ARM.Collect$$libinit$$00000015  c_w.l(libinit2.o)
    0x080002c8   0x080002c8   0x0000000a   Code   RO         2537    .ARM.Collect$$libinit$$00000016  c_w.l(libinit2.o)
    0x080002d2   0x080002d2   0x00000000   Code   RO         2538    .ARM.Collect$$libinit$$00000017  c_w.l(libinit2.o)
    0x080002d2   0x080002d2   0x00000000   Code   RO         2540    .ARM.Collect$$libinit$$00000019  c_w.l(libinit2.o)
    0x080002d2   0x080002d2   0x00000000   Code   RO         2542    .ARM.Collect$$libinit$$0000001B  c_w.l(libinit2.o)
    0x080002d2   0x080002d2   0x00000000   Code   RO         2544    .ARM.Collect$$libinit$$0000001D  c_w.l(libinit2.o)
    0x080002d2   0x080002d2   0x00000000   Code   RO         2546    .ARM.Collect$$libinit$$0000001F  c_w.l(libinit2.o)
    0x080002d2   0x080002d2   0x00000000   Code   RO         2548    .ARM.Collect$$libinit$$00000021  c_w.l(libinit2.o)
    0x080002d2   0x080002d2   0x00000000   Code   RO         2550    .ARM.Collect$$libinit$$00000023  c_w.l(libinit2.o)
    0x080002d2   0x080002d2   0x00000000   Code   RO         2552    .ARM.Collect$$libinit$$00000025  c_w.l(libinit2.o)
    0x080002d2   0x080002d2   0x00000000   Code   RO         2556    .ARM.Collect$$libinit$$0000002C  c_w.l(libinit2.o)
    0x080002d2   0x080002d2   0x00000000   Code   RO         2558    .ARM.Collect$$libinit$$0000002E  c_w.l(libinit2.o)
    0x080002d2   0x080002d2   0x00000000   Code   RO         2560    .ARM.Collect$$libinit$$00000030  c_w.l(libinit2.o)
    0x080002d2   0x080002d2   0x00000000   Code   RO         2562    .ARM.Collect$$libinit$$00000032  c_w.l(libinit2.o)
    0x080002d2   0x080002d2   0x00000002   Code   RO         2563    .ARM.Collect$$libinit$$00000033  c_w.l(libinit2.o)
    0x080002d4   0x080002d4   0x00000002   Code   RO         2600    .ARM.Collect$$libshutdown$$00000000  c_w.l(libshutdown.o)
    0x080002d6   0x080002d6   0x00000000   Code   RO         2628    .ARM.Collect$$libshutdown$$00000002  c_w.l(libshutdown2.o)
    0x080002d6   0x080002d6   0x00000000   Code   RO         2630    .ARM.Collect$$libshutdown$$00000004  c_w.l(libshutdown2.o)
    0x080002d6   0x080002d6   0x00000000   Code   RO         2633    .ARM.Collect$$libshutdown$$00000007  c_w.l(libshutdown2.o)
    0x080002d6   0x080002d6   0x00000000   Code   RO         2636    .ARM.Collect$$libshutdown$$0000000A  c_w.l(libshutdown2.o)
    0x080002d6   0x080002d6   0x00000000   Code   RO         2638    .ARM.Collect$$libshutdown$$0000000C  c_w.l(libshutdown2.o)
    0x080002d6   0x080002d6   0x00000000   Code   RO         2641    .ARM.Collect$$libshutdown$$0000000F  c_w.l(libshutdown2.o)
    0x080002d6   0x080002d6   0x00000002   Code   RO         2642    .ARM.Collect$$libshutdown$$00000010  c_w.l(libshutdown2.o)
    0x080002d8   0x080002d8   0x00000000   Code   RO         2302    .ARM.Collect$$rtentry$$00000000  c_w.l(__rtentry.o)
    0x080002d8   0x080002d8   0x00000000   Code   RO         2409    .ARM.Collect$$rtentry$$00000002  c_w.l(__rtentry2.o)
    0x080002d8   0x080002d8   0x00000006   Code   RO         2421    .ARM.Collect$$rtentry$$00000004  c_w.l(__rtentry4.o)
    0x080002de   0x080002de   0x00000008   Code   RO         2410    .ARM.Collect$$rtentry$$00000008  c_w.l(__rtentry2.o)
    0x080002e6   0x080002e6   0x00000004   Code   RO         2412    .ARM.Collect$$rtentry$$0000000A  c_w.l(__rtentry2.o)
    0x080002ea   0x080002ea   0x00000000   Code   RO         2414    .ARM.Collect$$rtentry$$0000000C  c_w.l(__rtentry2.o)
    0x080002ea   0x080002ea   0x00000008   Code   RO         2415    .ARM.Collect$$rtentry$$0000000D  c_w.l(__rtentry2.o)
    0x080002f2   0x080002f2   0x00000002   Code   RO         2506    .ARM.Collect$$rtexit$$00000000  c_w.l(rtexit.o)
    0x080002f4   0x080002f4   0x00000000   Code   RO         2569    .ARM.Collect$$rtexit$$00000002  c_w.l(rtexit2.o)
    0x080002f4   0x080002f4   0x00000004   Code   RO         2570    .ARM.Collect$$rtexit$$00000003  c_w.l(rtexit2.o)
    0x080002f8   0x080002f8   0x00000006   Code   RO         2571    .ARM.Collect$$rtexit$$00000004  c_w.l(rtexit2.o)
    0x080002fe   0x080002fe   0x00000002   PAD
    0x08000300   0x08000300   0x00000040   Code   RO         1683    .text               startup_stm32f429xx.o
    0x08000340   0x08000340   0x000000c8   Code   RO         2170    .text               RTX_CM4F.lib(irq_armv7m.o)
    0x08000408   0x08000408   0x000000f0   Code   RO         2286    .text               c_w.l(lludivv7m.o)
    0x080004f8   0x080004f8   0x0000002c   Code   RO         2288    .text               c_w.l(sprintf.o)
    0x08000524   0x08000524   0x0000008a   Code   RO         2290    .text               c_w.l(rt_memcpy_v6.o)
    0x080005ae   0x080005ae   0x00000044   Code   RO         2292    .text               c_w.l(rt_memclr.o)
    0x080005f2   0x080005f2   0x0000004e   Code   RO         2294    .text               c_w.l(rt_memclr_w.o)
    0x08000640   0x08000640   0x0000007c   Code   RO         2296    .text               c_w.l(strcmpv7em.o)
    0x080006bc   0x080006bc   0x00000006   Code   RO         2298    .text               c_w.l(heapauxi.o)
    0x080006c2   0x080006c2   0x0000004e   Code   RO         2309    .text               c_w.l(_printf_pad.o)
    0x08000710   0x08000710   0x00000024   Code   RO         2311    .text               c_w.l(_printf_truncate.o)
    0x08000734   0x08000734   0x00000052   Code   RO         2313    .text               c_w.l(_printf_str.o)
    0x08000786   0x08000786   0x00000002   PAD
    0x08000788   0x08000788   0x00000078   Code   RO         2315    .text               c_w.l(_printf_dec.o)
    0x08000800   0x08000800   0x00000028   Code   RO         2317    .text               c_w.l(_printf_charcount.o)
    0x08000828   0x08000828   0x00000030   Code   RO         2319    .text               c_w.l(_printf_char_common.o)
    0x08000858   0x08000858   0x0000000a   Code   RO         2321    .text               c_w.l(_sputc.o)
    0x08000862   0x08000862   0x00000002   PAD
    0x08000864   0x08000864   0x000000bc   Code   RO         2323    .text               c_w.l(_printf_wctomb.o)
    0x08000920   0x08000920   0x0000007c   Code   RO         2326    .text               c_w.l(_printf_longlong_dec.o)
    0x0800099c   0x0800099c   0x00000070   Code   RO         2332    .text               c_w.l(_printf_oct_int_ll.o)
    0x08000a0c   0x08000a0c   0x00000094   Code   RO         2352    .text               c_w.l(_printf_hex_int_ll_ptr.o)
    0x08000aa0   0x08000aa0   0x00000188   Code   RO         2372    .text               c_w.l(__printf_flags_ss_wp.o)
    0x08000c28   0x08000c28   0x00000064   Code   RO         2398    .text               c_w.l(rt_memcpy_w.o)
    0x08000c8c   0x08000c8c   0x0000008a   Code   RO         2425    .text               c_w.l(lludiv10.o)
    0x08000d16   0x08000d16   0x000000b2   Code   RO         2427    .text               c_w.l(_printf_intcommon.o)
    0x08000dc8   0x08000dc8   0x0000041c   Code   RO         2429    .text               c_w.l(_printf_fp_dec.o)
    0x080011e4   0x080011e4   0x000002fc   Code   RO         2433    .text               c_w.l(_printf_fp_hex.o)
    0x080014e0   0x080014e0   0x0000002c   Code   RO         2438    .text               c_w.l(_printf_char.o)
    0x0800150c   0x0800150c   0x0000002c   Code   RO         2440    .text               c_w.l(_printf_wchar.o)
    0x08001538   0x08001538   0x00000048   Code   RO         2443    .text               c_w.l(_c16rtomb.o)
    0x08001580   0x08001580   0x0000004a   Code   RO         2445    .text               c_w.l(sys_stackheap_outer.o)
    0x080015ca   0x080015ca   0x00000002   PAD
    0x080015cc   0x080015cc   0x00000010   Code   RO         2447    .text               c_w.l(rt_ctype_table.o)
    0x080015dc   0x080015dc   0x0000000a   Code   RO         2454    .text               c_w.l(rt_locale_twolibspace.o)
    0x080015e6   0x080015e6   0x00000002   PAD
    0x080015e8   0x080015e8   0x00000080   Code   RO         2456    .text               c_w.l(_printf_fp_infnan.o)
    0x08001668   0x08001668   0x000000e4   Code   RO         2458    .text               c_w.l(bigflt0.o)
    0x0800174c   0x0800174c   0x00000012   Code   RO         2488    .text               c_w.l(exit.o)
    0x0800175e   0x0800175e   0x00000002   PAD
    0x08001760   0x08001760   0x00000008   Code   RO         2503    .text               c_w.l(libspace.o)
    0x08001768   0x08001768   0x0000000c   Code   RO         2564    .text               c_w.l(sys_exit.o)
    0x08001774   0x08001774   0x00000002   Code   RO         2589    .text               c_w.l(use_no_semi.o)
    0x08001776   0x08001776   0x00000000   Code   RO         2591    .text               c_w.l(indicate_semi.o)
    0x08001776   0x08001776   0x00000002   PAD
    0x08001778   0x08001778   0x00000062   Code   RO           71    .text.CCS811_Init   thca.o
    0x080017da   0x080017da   0x00000002   PAD
    0x080017dc   0x080017dc   0x00000056   Code   RO          711    .text.DMA_CalcBaseAndBitshift  stm32f4xx_hal_dma.o
    0x08001832   0x08001832   0x00000002   PAD
    0x08001834   0x08001834   0x000000f0   Code   RO          709    .text.DMA_CheckFifoParam  stm32f4xx_hal_dma.o
    0x08001924   0x08001924   0x00000050   Code   RO          717    .text.DMA_SetConfig  stm32f4xx_hal_dma.o
    0x08001974   0x08001974   0x000000de   Code   RO          359    .text.Disable_SPI_Clock  spi_stm32f4xx.o
    0x08001a52   0x08001a52   0x00000002   PAD
    0x08001a54   0x08001a54   0x00000256   Code   RO          285    .text.Enable_GPIO_Clock  i2c_stm32f4xx.o
    0x08001caa   0x08001caa   0x00000002   PAD
    0x08001cac   0x08001cac   0x00000256   Code   RO          349    .text.Enable_GPIO_Clock  spi_stm32f4xx.o
    0x08001f02   0x08001f02   0x00000002   PAD
    0x08001f04   0x08001f04   0x000001da   Code   RO          429    .text.Enable_GPIO_Clock  usart_stm32f4xx.o
    0x080020de   0x080020de   0x00000002   PAD
    0x080020e0   0x080020e0   0x0000014a   Code   RO          361    .text.Enable_SPI_Clock  spi_stm32f4xx.o
    0x0800222a   0x0800222a   0x00000002   PAD
    0x0800222c   0x0800222c   0x00000004   Code   RO            8    .text.Error_Handler  main.o
    0x08002230   0x08002230   0x000000ea   Code   RO          721    .text.HAL_DMA_Abort  stm32f4xx_hal_dma.o
    0x0800231a   0x0800231a   0x00000002   PAD
    0x0800231c   0x0800231c   0x00000044   Code   RO          723    .text.HAL_DMA_Abort_IT  stm32f4xx_hal_dma.o
    0x08002360   0x08002360   0x0000016e   Code   RO          707    .text.HAL_DMA_Init  stm32f4xx_hal_dma.o
    0x080024ce   0x080024ce   0x00000002   PAD
    0x080024d0   0x080024d0   0x000000c2   Code   RO          719    .text.HAL_DMA_Start_IT  stm32f4xx_hal_dma.o
    0x08002592   0x08002592   0x00000002   PAD
    0x08002594   0x08002594   0x00000042   Code   RO          588    .text.HAL_Delay     stm32f4xx_hal.o
    0x080025d6   0x080025d6   0x00000002   PAD
    0x080025d8   0x080025d8   0x0000025c   Code   RO          787    .text.HAL_GPIO_DeInit  stm32f4xx_hal_gpio.o
    0x08002834   0x08002834   0x000003f0   Code   RO          785    .text.HAL_GPIO_Init  stm32f4xx_hal_gpio.o
    0x08002c24   0x08002c24   0x0000002e   Code   RO          789    .text.HAL_GPIO_ReadPin  stm32f4xx_hal_gpio.o
    0x08002c52   0x08002c52   0x00000002   PAD
    0x08002c54   0x08002c54   0x00000032   Code   RO          793    .text.HAL_GPIO_TogglePin  stm32f4xx_hal_gpio.o
    0x08002c86   0x08002c86   0x00000002   PAD
    0x08002c88   0x08002c88   0x0000002e   Code   RO          791    .text.HAL_GPIO_WritePin  stm32f4xx_hal_gpio.o
    0x08002cb6   0x08002cb6   0x00000002   PAD
    0x08002cb8   0x08002cb8   0x0000000e   Code   RO          596    .text.HAL_GetREVID  stm32f4xx_hal.o
    0x08002cc6   0x08002cc6   0x00000002   PAD
    0x08002cc8   0x08002cc8   0x00000066   Code   RO            2    .text.HAL_GetTick   main.o
    0x08002d2e   0x08002d2e   0x00000002   PAD
    0x08002d30   0x08002d30   0x0000002e   Code   RO          568    .text.HAL_Init      stm32f4xx_hal.o
    0x08002d5e   0x08002d5e   0x00000002   PAD
    0x08002d60   0x08002d60   0x00000070   Code   RO          570    .text.HAL_InitTick  stm32f4xx_hal.o
    0x08002dd0   0x08002dd0   0x00000002   Code   RO          572    .text.HAL_MspInit   stm32f4xx_hal.o
    0x08002dd2   0x08002dd2   0x00000002   PAD
    0x08002dd4   0x08002dd4   0x00000014   Code   RO          686    .text.HAL_NVIC_ClearPendingIRQ  stm32f4xx_hal_cortex.o
    0x08002de8   0x08002de8   0x00000014   Code   RO          652    .text.HAL_NVIC_DisableIRQ  stm32f4xx_hal_cortex.o
    0x08002dfc   0x08002dfc   0x00000014   Code   RO          648    .text.HAL_NVIC_EnableIRQ  stm32f4xx_hal_cortex.o
    0x08002e10   0x08002e10   0x00000032   Code   RO          640    .text.HAL_NVIC_SetPriority  stm32f4xx_hal_cortex.o
    0x08002e42   0x08002e42   0x00000002   PAD
    0x08002e44   0x08002e44   0x00000010   Code   RO          636    .text.HAL_NVIC_SetPriorityGrouping  stm32f4xx_hal_cortex.o
    0x08002e54   0x08002e54   0x0000000c   Code   RO          990    .text.HAL_PWR_EnableBkUpAccess  stm32f4xx_hal_pwr.o
    0x08002e60   0x08002e60   0x00000056   Code   RO         1006    .text.HAL_PWR_EnterSTOPMode  stm32f4xx_hal_pwr.o
    0x08002eb6   0x08002eb6   0x00000002   PAD
    0x08002eb8   0x08002eb8   0x0000041c   Code   RO         1089    .text.HAL_RCCEx_PeriphCLKConfig  stm32f4xx_hal_rcc_ex.o
    0x080032d4   0x080032d4   0x00000262   Code   RO         1058    .text.HAL_RCC_ClockConfig  stm32f4xx_hal_rcc.o
    0x08003536   0x08003536   0x00000002   PAD
    0x08003538   0x08003538   0x0000000c   Code   RO         1068    .text.HAL_RCC_GetHCLKFreq  stm32f4xx_hal_rcc.o
    0x08003544   0x08003544   0x00000022   Code   RO         1070    .text.HAL_RCC_GetPCLK1Freq  stm32f4xx_hal_rcc.o
    0x08003566   0x08003566   0x00000002   PAD
    0x08003568   0x08003568   0x00000022   Code   RO         1072    .text.HAL_RCC_GetPCLK2Freq  stm32f4xx_hal_rcc.o
    0x0800358a   0x0800358a   0x00000002   PAD
    0x0800358c   0x0800358c   0x000000e6   Code   RO         1060    .text.HAL_RCC_GetSysClockFreq  stm32f4xx_hal_rcc.o
    0x08003672   0x08003672   0x00000002   PAD
    0x08003674   0x08003674   0x000006a4   Code   RO         1056    .text.HAL_RCC_OscConfig  stm32f4xx_hal_rcc.o
    0x08003d18   0x08003d18   0x00000008   Code   RO         1225    .text.HAL_RTCEx_AlarmBEventCallback  stm32f4xx_hal_rtc_ex.o
    0x08003d20   0x08003d20   0x00000024   Code   RO         1203    .text.HAL_RTCEx_BKUPRead  stm32f4xx_hal_rtc_ex.o
    0x08003d44   0x08003d44   0x00000028   Code   RO         1201    .text.HAL_RTCEx_BKUPWrite  stm32f4xx_hal_rtc_ex.o
    0x08003d6c   0x08003d6c   0x000000d0   Code   RO         1191    .text.HAL_RTCEx_DeactivateWakeUpTimer  stm32f4xx_hal_rtc_ex.o
    0x08003e3c   0x08003e3c   0x000001c4   Code   RO         1189    .text.HAL_RTCEx_SetWakeUpTimer_IT  stm32f4xx_hal_rtc_ex.o
    0x08004000   0x08004000   0x00000008   Code   RO         1197    .text.HAL_RTCEx_WakeUpTimerEventCallback  stm32f4xx_hal_rtc_ex.o
    0x08004008   0x08004008   0x0000004e   Code   RO         1195    .text.HAL_RTCEx_WakeUpTimerIRQHandler  stm32f4xx_hal_rtc_ex.o
    0x08004056   0x08004056   0x00000002   PAD
    0x08004058   0x08004058   0x0000000e   Code   RO           46    .text.HAL_RTC_AlarmAEventCallback  rtc.o
    0x08004066   0x08004066   0x00000002   PAD
    0x08004068   0x08004068   0x000000aa   Code   RO         1144    .text.HAL_RTC_AlarmIRQHandler  stm32f4xx_hal_rtc.o
    0x08004112   0x08004112   0x00000002   PAD
    0x08004114   0x08004114   0x0000014a   Code   RO         1140    .text.HAL_RTC_DeactivateAlarm  stm32f4xx_hal_rtc.o
    0x0800425e   0x0800425e   0x00000002   PAD
    0x08004260   0x08004260   0x00000094   Code   RO         1128    .text.HAL_RTC_GetTime  stm32f4xx_hal_rtc.o
    0x080042f4   0x080042f4   0x0000011e   Code   RO         1112    .text.HAL_RTC_Init  stm32f4xx_hal_rtc.o
    0x08004412   0x08004412   0x00000002   PAD
    0x08004414   0x08004414   0x00000078   Code   RO           42    .text.HAL_RTC_MspInit  rtc.o
    0x0800448c   0x0800448c   0x000002b4   Code   RO         1138    .text.HAL_RTC_SetAlarm_IT  stm32f4xx_hal_rtc.o
    0x08004740   0x08004740   0x00000174   Code   RO         1132    .text.HAL_RTC_SetDate  stm32f4xx_hal_rtc.o
    0x080048b4   0x080048b4   0x000001a4   Code   RO         1124    .text.HAL_RTC_SetTime  stm32f4xx_hal_rtc.o
    0x08004a58   0x08004a58   0x00000056   Code   RO         1118    .text.HAL_RTC_WaitForSynchro  stm32f4xx_hal_rtc.o
    0x08004aae   0x08004aae   0x00000002   PAD
    0x08004ab0   0x08004ab0   0x00000012   Code   RO          592    .text.HAL_ResumeTick  stm32f4xx_hal.o
    0x08004ac2   0x08004ac2   0x00000002   PAD
    0x08004ac4   0x08004ac4   0x00000010   Code   RO          660    .text.HAL_SYSTICK_Config  stm32f4xx_hal_cortex.o
    0x08004ad4   0x08004ad4   0x00000012   Code   RO          590    .text.HAL_SuspendTick  stm32f4xx_hal.o
    0x08004ae6   0x08004ae6   0x00000002   PAD
    0x08004ae8   0x08004ae8   0x00000144   Code   RO         1527    .text.HAL_TIM_PWM_ConfigChannel  stm32f4xx_hal_tim.o
    0x08004c2c   0x08004c2c   0x00000058   Code   RO         1415    .text.HAL_TIM_PWM_Init  stm32f4xx_hal_tim.o
    0x08004c84   0x08004c84   0x00000008   Code   RO         1417    .text.HAL_TIM_PWM_MspInit  stm32f4xx_hal_tim.o
    0x08004c8c   0x08004c8c   0x00000080   Code   RO         1423    .text.HAL_TIM_PWM_Start  stm32f4xx_hal_tim.o
    0x08004d0c   0x08004d0c   0x000000c0   Code   RO         1425    .text.HAL_TIM_PWM_Stop  stm32f4xx_hal_tim.o
    0x08004dcc   0x08004dcc   0x0000001c   Code   RO          279    .text.I2C1_Control  i2c_stm32f4xx.o
    0x08004de8   0x08004de8   0x00000010   Code   RO          255    .text.I2C1_ER_IRQHandler  i2c_stm32f4xx.o
    0x08004df8   0x08004df8   0x00000010   Code   RO          251    .text.I2C1_EV_IRQHandler  i2c_stm32f4xx.o
    0x08004e08   0x08004e08   0x00000010   Code   RO          277    .text.I2C1_GetDataCount  i2c_stm32f4xx.o
    0x08004e18   0x08004e18   0x00000018   Code   RO          281    .text.I2C1_GetStatus  i2c_stm32f4xx.o
    0x08004e30   0x08004e30   0x00000018   Code   RO          263    .text.I2C1_Initialize  i2c_stm32f4xx.o
    0x08004e48   0x08004e48   0x00000032   Code   RO          271    .text.I2C1_MasterReceive  i2c_stm32f4xx.o
    0x08004e7a   0x08004e7a   0x00000002   PAD
    0x08004e7c   0x08004e7c   0x00000032   Code   RO          269    .text.I2C1_MasterTransmit  i2c_stm32f4xx.o
    0x08004eae   0x08004eae   0x00000002   PAD
    0x08004eb0   0x08004eb0   0x0000001c   Code   RO          267    .text.I2C1_PowerControl  i2c_stm32f4xx.o
    0x08004ecc   0x08004ecc   0x0000001c   Code   RO          275    .text.I2C1_SlaveReceive  i2c_stm32f4xx.o
    0x08004ee8   0x08004ee8   0x0000001c   Code   RO          273    .text.I2C1_SlaveTransmit  i2c_stm32f4xx.o
    0x08004f04   0x08004f04   0x00000010   Code   RO          265    .text.I2C1_Uninitialize  i2c_stm32f4xx.o
    0x08004f14   0x08004f14   0x0000000c   Code   RO          261    .text.I2CX_GetCapabilities  i2c_stm32f4xx.o
    0x08004f20   0x08004f20   0x00000014   Code   RO          259    .text.I2CX_GetVersion  i2c_stm32f4xx.o
    0x08004f34   0x08004f34   0x00000464   Code   RO          301    .text.I2C_Control   i2c_stm32f4xx.o
    0x08005398   0x08005398   0x000002f8   Code   RO          257    .text.I2C_ER_IRQHandler  i2c_stm32f4xx.o
    0x08005690   0x08005690   0x000009a2   Code   RO          253    .text.I2C_EV_IRQHandler  i2c_stm32f4xx.o
    0x08006032   0x08006032   0x00000002   PAD
    0x08006034   0x08006034   0x00000054   Code   RO          299    .text.I2C_GetDataCount  i2c_stm32f4xx.o
    0x08006088   0x08006088   0x00000012   Code   RO          303    .text.I2C_GetStatus  i2c_stm32f4xx.o
    0x0800609a   0x0800609a   0x00000002   PAD
    0x0800609c   0x0800609c   0x0000023a   Code   RO          283    .text.I2C_Initialize  i2c_stm32f4xx.o
    0x080062d6   0x080062d6   0x00000002   PAD
    0x080062d8   0x080062d8   0x0000018c   Code   RO          293    .text.I2C_MasterReceive  i2c_stm32f4xx.o
    0x08006464   0x08006464   0x00000174   Code   RO          291    .text.I2C_MasterTransmit  i2c_stm32f4xx.o
    0x080065d8   0x080065d8   0x0000030e   Code   RO          289    .text.I2C_PowerControl  i2c_stm32f4xx.o
    0x080068e6   0x080068e6   0x00000002   PAD
    0x080068e8   0x080068e8   0x0000001a   Code   RO           67    .text.I2C_Signal_Event  thca.o
    0x08006902   0x08006902   0x00000002   PAD
    0x08006904   0x08006904   0x000000b6   Code   RO          297    .text.I2C_SlaveReceive  i2c_stm32f4xx.o
    0x080069ba   0x080069ba   0x00000002   PAD
    0x080069bc   0x080069bc   0x000000b6   Code   RO          295    .text.I2C_SlaveTransmit  i2c_stm32f4xx.o
    0x08006a72   0x08006a72   0x00000002   PAD
    0x08006a74   0x08006a74   0x0000004c   Code   RO          287    .text.I2C_Uninitialize  i2c_stm32f4xx.o
    0x08006ac0   0x08006ac0   0x00000060   Code   RO           19    .text.Init_Principal  principal.o
    0x08006b20   0x08006b20   0x0000008c   Code   RO           65    .text.Init_ThAirQuality  thca.o
    0x08006bac   0x08006bac   0x0000003a   Code   RO          189    .text.Init_ThCom    thcom.o
    0x08006be6   0x08006be6   0x00000002   PAD
    0x08006be8   0x08006be8   0x0000003a   Code   RO          133    .text.Init_ThRFID   thrfid.o
    0x08006c22   0x08006c22   0x00000002   PAD
    0x08006c24   0x08006c24   0x0000003a   Code   RO          145    .text.Init_Thread_LEDS  leds.o
    0x08006c5e   0x08006c5e   0x00000002   PAD
    0x08006c60   0x08006c60   0x0000003a   Code   RO          164    .text.Init_Thread_PWM  pwm.o
    0x08006c9a   0x08006c9a   0x00000002   PAD
    0x08006c9c   0x08006c9c   0x0000002a   Code   RO          151    .text.LedBlinkCb    leds.o
    0x08006cc6   0x08006cc6   0x00000040   Code   RO         2153    .text.MessageQueueGet  RTX_CM4F.lib(rtx_msgqueue.o)
    0x08006d06   0x08006d06   0x00000058   Code   RO         2147    .text.MessageQueuePut  RTX_CM4F.lib(rtx_msgqueue.o)
    0x08006d5e   0x08006d5e   0x0000001c   Code   RO         2145    .text.MessageQueueRemove  RTX_CM4F.lib(rtx_msgqueue.o)
    0x08006d7a   0x08006d7a   0x00000002   PAD
    0x08006d7c   0x08006d7c   0x0000006c   Code   RO          646    .text.NVIC_EncodePriority  stm32f4xx_hal_cortex.o
    0x08006de8   0x08006de8   0x00000008   Code   RO         2264    .text.OS_Tick_AcknowledgeIRQ  RTX_CM4F.lib(os_systick.o)
    0x08006df0   0x08006df0   0x00000024   Code   RO         2260    .text.OS_Tick_Enable  RTX_CM4F.lib(os_systick.o)
    0x08006e14   0x08006e14   0x00000006   Code   RO         2266    .text.OS_Tick_GetIRQn  RTX_CM4F.lib(os_systick.o)
    0x08006e1a   0x08006e1a   0x00000002   PAD
    0x08006e1c   0x08006e1c   0x00000040   Code   RO         2258    .text.OS_Tick_Setup  RTX_CM4F.lib(os_systick.o)
    0x08006e5c   0x08006e5c   0x0000000c   Code   RO         1857    .text.OUTLINED_FUNCTION_0  RTX_CM4F.lib(rtx_kernel.o)
    0x08006e68   0x08006e68   0x00000006   Code   RO         1999    .text.OUTLINED_FUNCTION_0  RTX_CM4F.lib(rtx_thread.o)
    0x08006e6e   0x08006e6e   0x0000000c   Code   RO         2161    .text.OUTLINED_FUNCTION_0  RTX_CM4F.lib(rtx_msgqueue.o)
    0x08006e7a   0x08006e7a   0x00000006   Code   RO         1859    .text.OUTLINED_FUNCTION_1  RTX_CM4F.lib(rtx_kernel.o)
    0x08006e80   0x08006e80   0x00000340   Code   RO           21    .text.Principal     principal.o
    0x080071c0   0x080071c0   0x00000024   Code   RO           96    .text.RC522_AntennaOn  rfid.o
    0x080071e4   0x080071e4   0x0000008a   Code   RO          110    .text.RC522_Anticoll  rfid.o
    0x0800726e   0x0800726e   0x00000002   PAD
    0x08007270   0x08007270   0x00000088   Code   RO          114    .text.RC522_BSP_GPIO_Init  rfid.o
    0x080072f8   0x080072f8   0x0000002e   Code   RO           90    .text.RC522_ClearBitMask  rfid.o
    0x08007326   0x08007326   0x00000002   PAD
    0x08007328   0x08007328   0x000000a8   Code   RO          102    .text.RC522_GPIO_Init  rfid.o
    0x080073d0   0x080073d0   0x00000082   Code   RO          100    .text.RC522_Init    rfid.o
    0x08007452   0x08007452   0x00000002   PAD
    0x08007454   0x08007454   0x000000be   Code   RO           86    .text.RC522_ReadRegister  rfid.o
    0x08007512   0x08007512   0x00000002   PAD
    0x08007514   0x08007514   0x0000003c   Code   RO          112    .text.RC522_ReadUID  rfid.o
    0x08007550   0x08007550   0x00000062   Code   RO          108    .text.RC522_Request  rfid.o
    0x080075b2   0x080075b2   0x00000002   PAD
    0x080075b4   0x080075b4   0x00000032   Code   RO          104    .text.RC522_Reset   rfid.o
    0x080075e6   0x080075e6   0x00000002   PAD
    0x080075e8   0x080075e8   0x000000cc   Code   RO          116    .text.RC522_SPI1_Init  rfid.o
    0x080076b4   0x080076b4   0x0000002e   Code   RO           88    .text.RC522_SetBitMask  rfid.o
    0x080076e2   0x080076e2   0x00000002   PAD
    0x080076e4   0x080076e4   0x0000000c   Code   RO           94    .text.RC522_StopCommand  rfid.o
    0x080076f0   0x080076f0   0x000001fa   Code   RO          106    .text.RC522_ToCard  rfid.o
    0x080078ea   0x080078ea   0x00000002   PAD
    0x080078ec   0x080078ec   0x0000008a   Code   RO           84    .text.RC522_WriteRegister  rfid.o
    0x08007976   0x08007976   0x00000002   PAD
    0x08007978   0x08007978   0x00000070   Code   RO          118    .text.RFID_TryDisarm  rfid.o
    0x080079e8   0x080079e8   0x00000010   Code   RO           44    .text.RTC_Alarm_IRQHandler  rtc.o
    0x080079f8   0x080079f8   0x0000002a   Code   RO         1130    .text.RTC_Bcd2ToByte  stm32f4xx_hal_rtc.o
    0x08007a22   0x08007a22   0x00000002   PAD
    0x08007a24   0x08007a24   0x0000003a   Code   RO         1126    .text.RTC_ByteToBcd2  stm32f4xx_hal_rtc.o
    0x08007a5e   0x08007a5e   0x00000002   PAD
    0x08007a60   0x08007a60   0x0000005e   Code   RO           36    .text.RTC_CalendarConfig  rtc.o
    0x08007abe   0x08007abe   0x00000002   PAD
    0x08007ac0   0x08007ac0   0x00000064   Code   RO         1116    .text.RTC_EnterInitMode  stm32f4xx_hal_rtc.o
    0x08007b24   0x08007b24   0x0000009a   Code   RO           40    .text.RTC_SetAlarm  rtc.o
    0x08007bbe   0x08007bbe   0x00000002   PAD
    0x08007bc0   0x08007bc0   0x0000004a   Code   RO           50    .text.RTC_SetWakeUpEvery60s  rtc.o
    0x08007c0a   0x08007c0a   0x00000002   PAD
    0x08007c0c   0x08007c0c   0x00000010   Code   RO           52    .text.RTC_WKUP_IRQHandler  rtc.o
    0x08007c1c   0x08007c1c   0x00000098   Code   RO           48    .text.RTC_init      rtc.o
    0x08007cb4   0x08007cb4   0x0000001c   Code   RO          339    .text.SPI1_Control  spi_stm32f4xx.o
    0x08007cd0   0x08007cd0   0x00000010   Code   RO          337    .text.SPI1_GetDataCount  spi_stm32f4xx.o
    0x08007ce0   0x08007ce0   0x00000018   Code   RO          341    .text.SPI1_GetStatus  spi_stm32f4xx.o
    0x08007cf8   0x08007cf8   0x00000010   Code   RO          317    .text.SPI1_IRQHandler  spi_stm32f4xx.o
    0x08007d08   0x08007d08   0x00000018   Code   RO          325    .text.SPI1_Initialize  spi_stm32f4xx.o
    0x08007d20   0x08007d20   0x0000001c   Code   RO          329    .text.SPI1_PowerControl  spi_stm32f4xx.o
    0x08007d3c   0x08007d3c   0x0000001c   Code   RO          333    .text.SPI1_Receive  spi_stm32f4xx.o
    0x08007d58   0x08007d58   0x0000001c   Code   RO          331    .text.SPI1_Send     spi_stm32f4xx.o
    0x08007d74   0x08007d74   0x00000020   Code   RO          335    .text.SPI1_Transfer  spi_stm32f4xx.o
    0x08007d94   0x08007d94   0x00000010   Code   RO          327    .text.SPI1_Uninitialize  spi_stm32f4xx.o
    0x08007da4   0x08007da4   0x00000014   Code   RO          323    .text.SPIX_GetCapabilities  spi_stm32f4xx.o
    0x08007db8   0x08007db8   0x00000014   Code   RO          321    .text.SPIX_GetVersion  spi_stm32f4xx.o
    0x08007dcc   0x08007dcc   0x000006f4   Code   RO          355    .text.SPI_Control   spi_stm32f4xx.o
    0x080084c0   0x080084c0   0x0000000e   Code   RO          373    .text.SPI_GetDataCount  spi_stm32f4xx.o
    0x080084ce   0x080084ce   0x00000002   PAD
    0x080084d0   0x080084d0   0x00000044   Code   RO          375    .text.SPI_GetStatus  spi_stm32f4xx.o
    0x08008514   0x08008514   0x00000198   Code   RO          319    .text.SPI_IRQHandler  spi_stm32f4xx.o
    0x080086ac   0x080086ac   0x0000012a   Code   RO          347    .text.SPI_Initialize  spi_stm32f4xx.o
    0x080087d6   0x080087d6   0x00000002   PAD
    0x080087d8   0x080087d8   0x000001bc   Code   RO          357    .text.SPI_PeripheralReset  spi_stm32f4xx.o
    0x08008994   0x08008994   0x00000124   Code   RO          353    .text.SPI_PowerControl  spi_stm32f4xx.o
    0x08008ab8   0x08008ab8   0x000000e2   Code   RO          369    .text.SPI_Receive   spi_stm32f4xx.o
    0x08008b9a   0x08008b9a   0x00000002   PAD
    0x08008b9c   0x08008b9c   0x0000009e   Code   RO          343    .text.SPI_RxData    spi_stm32f4xx.o
    0x08008c3a   0x08008c3a   0x00000002   PAD
    0x08008c3c   0x08008c3c   0x000000e2   Code   RO          367    .text.SPI_Send      spi_stm32f4xx.o
    0x08008d1e   0x08008d1e   0x00000002   PAD
    0x08008d20   0x08008d20   0x000000b8   Code   RO          371    .text.SPI_Transfer  spi_stm32f4xx.o
    0x08008dd8   0x08008dd8   0x000000a6   Code   RO          345    .text.SPI_TxData    spi_stm32f4xx.o
    0x08008e7e   0x08008e7e   0x00000002   PAD
    0x08008e80   0x08008e80   0x000000aa   Code   RO          351    .text.SPI_Uninitialize  spi_stm32f4xx.o
    0x08008f2a   0x08008f2a   0x00000002   PAD
    0x08008f2c   0x08008f2c   0x00000052   Code   RO          662    .text.SysTick_Config  stm32f4xx_hal_cortex.o
    0x08008f7e   0x08008f7e   0x00000002   PAD
    0x08008f80   0x08008f80   0x000000c8   Code   RO            6    .text.SystemClock_Config  main.o
    0x08009048   0x08009048   0x0000012e   Code   RO         1692    .text.SystemCoreClockUpdate  system_stm32f4xx.o
    0x08009176   0x08009176   0x00000002   PAD
    0x08009178   0x08009178   0x00000020   Code   RO         1690    .text.SystemInit    system_stm32f4xx.o
    0x08009198   0x08009198   0x0000019a   Code   RO         1365    .text.TIM_Base_SetConfig  stm32f4xx_hal_tim.o
    0x08009332   0x08009332   0x00000002   PAD
    0x08009334   0x08009334   0x00000036   Code   RO         1399    .text.TIM_CCxChannelCmd  stm32f4xx_hal_tim.o
    0x0800936a   0x0800936a   0x00000002   PAD
    0x0800936c   0x0800936c   0x000000ea   Code   RO         1509    .text.TIM_OC1_SetConfig  stm32f4xx_hal_tim.o
    0x08009456   0x08009456   0x00000002   PAD
    0x08009458   0x08009458   0x000000f4   Code   RO         1511    .text.TIM_OC2_SetConfig  stm32f4xx_hal_tim.o
    0x0800954c   0x0800954c   0x000000f2   Code   RO         1513    .text.TIM_OC3_SetConfig  stm32f4xx_hal_tim.o
    0x0800963e   0x0800963e   0x00000002   PAD
    0x08009640   0x08009640   0x000000a4   Code   RO         1515    .text.TIM_OC4_SetConfig  stm32f4xx_hal_tim.o
    0x080096e4   0x080096e4   0x000000a4   Code   RO          191    .text.ThCom         thcom.o
    0x08009788   0x08009788   0x0000005a   Code   RO          135    .text.ThRFID        thrfid.o
    0x080097e2   0x080097e2   0x00000002   PAD
    0x080097e4   0x080097e4   0x00000110   Code   RO           69    .text.Th_AirQuality  thca.o
    0x080098f4   0x080098f4   0x00000064   Code   RO         1951    .text.ThreadFlagsCheck  RTX_CM4F.lib(rtx_thread.o)
    0x08009958   0x08009958   0x000000be   Code   RO          147    .text.Thread_LEDS   leds.o
    0x08009a16   0x08009a16   0x00000002   PAD
    0x08009a18   0x08009a18   0x000000b2   Code   RO          166    .text.Thread_PWM    pwm.o
    0x08009aca   0x08009aca   0x00000002   PAD
    0x08009acc   0x08009acc   0x00000044   Code   RO         2051    .text.TimerInsert   RTX_CM4F.lib(rtx_timer.o)
    0x08009b10   0x08009b10   0x00000028   Code   RO         2059    .text.TimerRemove   RTX_CM4F.lib(rtx_timer.o)
    0x08009b38   0x08009b38   0x0000001a   Code   RO          120    .text.UID_Equals    rfid.o
    0x08009b52   0x08009b52   0x00000002   PAD
    0x08009b54   0x08009b54   0x0000001c   Code   RO          417    .text.USART3_Control  usart_stm32f4xx.o
    0x08009b70   0x08009b70   0x00000018   Code   RO          399    .text.USART3_GetCapabilities  usart_stm32f4xx.o
    0x08009b88   0x08009b88   0x00000018   Code   RO          423    .text.USART3_GetModemStatus  usart_stm32f4xx.o
    0x08009ba0   0x08009ba0   0x00000010   Code   RO          415    .text.USART3_GetRxCount  usart_stm32f4xx.o
    0x08009bb0   0x08009bb0   0x00000018   Code   RO          419    .text.USART3_GetStatus  usart_stm32f4xx.o
    0x08009bc8   0x08009bc8   0x00000010   Code   RO          413    .text.USART3_GetTxCount  usart_stm32f4xx.o
    0x08009bd8   0x08009bd8   0x00000010   Code   RO          395    .text.USART3_IRQHandler  usart_stm32f4xx.o
    0x08009be8   0x08009be8   0x00000018   Code   RO          401    .text.USART3_Initialize  usart_stm32f4xx.o
    0x08009c00   0x08009c00   0x0000001c   Code   RO          405    .text.USART3_PowerControl  usart_stm32f4xx.o
    0x08009c1c   0x08009c1c   0x0000001c   Code   RO          409    .text.USART3_Receive  usart_stm32f4xx.o
    0x08009c38   0x08009c38   0x0000001c   Code   RO          407    .text.USART3_Send   usart_stm32f4xx.o
    0x08009c54   0x08009c54   0x0000001c   Code   RO          421    .text.USART3_SetModemControl  usart_stm32f4xx.o
    0x08009c70   0x08009c70   0x00000020   Code   RO          411    .text.USART3_Transfer  usart_stm32f4xx.o
    0x08009c90   0x08009c90   0x00000010   Code   RO          403    .text.USART3_Uninitialize  usart_stm32f4xx.o
    0x08009ca0   0x08009ca0   0x00000bfa   Code   RO          451    .text.USART_Control  usart_stm32f4xx.o
    0x0800a89a   0x0800a89a   0x00000002   PAD
    0x0800a89c   0x0800a89c   0x00000010   Code   RO          425    .text.USART_GetCapabilities  usart_stm32f4xx.o
    0x0800a8ac   0x0800a8ac   0x0000006a   Code   RO          457    .text.USART_GetModemStatus  usart_stm32f4xx.o
    0x0800a916   0x0800a916   0x00000002   PAD
    0x0800a918   0x0800a918   0x0000000e   Code   RO          449    .text.USART_GetRxCount  usart_stm32f4xx.o
    0x0800a926   0x0800a926   0x00000002   PAD
    0x0800a928   0x0800a928   0x000000be   Code   RO          453    .text.USART_GetStatus  usart_stm32f4xx.o
    0x0800a9e6   0x0800a9e6   0x00000002   PAD
    0x0800a9e8   0x0800a9e8   0x0000000e   Code   RO          447    .text.USART_GetTxCount  usart_stm32f4xx.o
    0x0800a9f6   0x0800a9f6   0x00000002   PAD
    0x0800a9f8   0x0800a9f8   0x000003b4   Code   RO          393    .text.USART_IRQHandler  usart_stm32f4xx.o
    0x0800adac   0x0800adac   0x000000e0   Code   RO          427    .text.USART_Initialize  usart_stm32f4xx.o
    0x0800ae8c   0x0800ae8c   0x0000024c   Code   RO          439    .text.USART_PeripheralReset  usart_stm32f4xx.o
    0x0800b0d8   0x0800b0d8   0x00000440   Code   RO          433    .text.USART_PowerControl  usart_stm32f4xx.o
    0x0800b518   0x0800b518   0x000000e4   Code   RO          443    .text.USART_Receive  usart_stm32f4xx.o
    0x0800b5fc   0x0800b5fc   0x000000c2   Code   RO          441    .text.USART_Send    usart_stm32f4xx.o
    0x0800b6be   0x0800b6be   0x00000002   PAD
    0x0800b6c0   0x0800b6c0   0x000000e2   Code   RO          455    .text.USART_SetModemControl  usart_stm32f4xx.o
    0x0800b7a2   0x0800b7a2   0x00000002   PAD
    0x0800b7a4   0x0800b7a4   0x00000096   Code   RO          445    .text.USART_Transfer  usart_stm32f4xx.o
    0x0800b83a   0x0800b83a   0x00000002   PAD
    0x0800b83c   0x0800b83c   0x000000a8   Code   RO          431    .text.USART_Uninitialize  usart_stm32f4xx.o
    0x0800b8e4   0x0800b8e4   0x00000014   Code   RO          397    .text.USARTx_GetVersion  usart_stm32f4xx.o
    0x0800b8f8   0x0800b8f8   0x00000030   Code   RO          363    .text.__NVIC_ClearPendingIRQ  spi_stm32f4xx.o
    0x0800b928   0x0800b928   0x00000030   Code   RO          435    .text.__NVIC_ClearPendingIRQ  usart_stm32f4xx.o
    0x0800b958   0x0800b958   0x00000030   Code   RO          688    .text.__NVIC_ClearPendingIRQ  stm32f4xx_hal_cortex.o
    0x0800b988   0x0800b988   0x00000038   Code   RO          654    .text.__NVIC_DisableIRQ  stm32f4xx_hal_cortex.o
    0x0800b9c0   0x0800b9c0   0x00000030   Code   RO          365    .text.__NVIC_EnableIRQ  spi_stm32f4xx.o
    0x0800b9f0   0x0800b9f0   0x00000030   Code   RO          437    .text.__NVIC_EnableIRQ  usart_stm32f4xx.o
    0x0800ba20   0x0800ba20   0x00000030   Code   RO          650    .text.__NVIC_EnableIRQ  stm32f4xx_hal_cortex.o
    0x0800ba50   0x0800ba50   0x00000010   Code   RO          642    .text.__NVIC_GetPriorityGrouping  stm32f4xx_hal_cortex.o
    0x0800ba60   0x0800ba60   0x00000042   Code   RO          644    .text.__NVIC_SetPriority  stm32f4xx_hal_cortex.o
    0x0800baa2   0x0800baa2   0x00000002   PAD
    0x0800baa4   0x0800baa4   0x0000003c   Code   RO          638    .text.__NVIC_SetPriorityGrouping  stm32f4xx_hal_cortex.o
    0x0800bae0   0x0800bae0   0x00000020   Code   RO          213    .text._mutex_acquire  rtx_lib.o
    0x0800bb00   0x0800bb00   0x00000012   Code   RO          217    .text._mutex_free   rtx_lib.o
    0x0800bb12   0x0800bb12   0x00000002   PAD
    0x0800bb14   0x0800bb14   0x00000032   Code   RO          211    .text._mutex_initialize  rtx_lib.o
    0x0800bb46   0x0800bb46   0x00000002   PAD
    0x0800bb48   0x0800bb48   0x0000001c   Code   RO          215    .text._mutex_release  rtx_lib.o
    0x0800bb64   0x0800bb64   0x00000008   Code   RO          205    .text._platform_post_stackheap_init  rtx_lib.o
    0x0800bb6c   0x0800bb6c   0x0000009e   Code   RO          172    .text.cb_timer_pwm_alarma  pwm.o
    0x0800bc0a   0x0800bc0a   0x00000002   PAD
    0x0800bc0c   0x0800bc0c   0x0000004a   Code   RO          170    .text.inicializarPWM  pwm.o
    0x0800bc56   0x0800bc56   0x00000002   PAD
    0x0800bc58   0x0800bc58   0x00000076   Code   RO          168    .text.inicializarTimer  pwm.o
    0x0800bcce   0x0800bcce   0x00000002   PAD
    0x0800bcd0   0x0800bcd0   0x00000098   Code   RO          149    .text.initLeds      leds.o
    0x0800bd68   0x0800bd68   0x00000024   Code   RO            4    .text.main          main.o
    0x0800bd8c   0x0800bd8c   0x00000026   Code   RO          187    .text.myUSART_callback  thcom.o
    0x0800bdb2   0x0800bdb2   0x00000002   PAD
    0x0800bdb4   0x0800bdb4   0x00000024   Code   RO         2017    .text.osDelay       RTX_CM4F.lib(rtx_delay.o)
    0x0800bdd8   0x0800bdd8   0x0000002c   Code   RO         1809    .text.osKernelGetState  RTX_CM4F.lib(rtx_kernel.o)
    0x0800be04   0x0800be04   0x00000028   Code   RO         1825    .text.osKernelGetTickCount  RTX_CM4F.lib(rtx_kernel.o)
    0x0800be2c   0x0800be2c   0x0000002c   Code   RO         1803    .text.osKernelInitialize  RTX_CM4F.lib(rtx_kernel.o)
    0x0800be58   0x0800be58   0x00000024   Code   RO         1813    .text.osKernelStart  RTX_CM4F.lib(rtx_kernel.o)
    0x0800be7c   0x0800be7c   0x00000070   Code   RO         2121    .text.osMessageQueueGet  RTX_CM4F.lib(rtx_msgqueue.o)
    0x0800beec   0x0800beec   0x00000024   Code   RO         2115    .text.osMessageQueueNew  RTX_CM4F.lib(rtx_msgqueue.o)
    0x0800bf10   0x0800bf10   0x00000080   Code   RO         2119    .text.osMessageQueuePut  RTX_CM4F.lib(rtx_msgqueue.o)
    0x0800bf90   0x0800bf90   0x00000024   Code   RO         2083    .text.osMutexAcquire  RTX_CM4F.lib(rtx_mutex.o)
    0x0800bfb4   0x0800bfb4   0x00000024   Code   RO         2089    .text.osMutexDelete  RTX_CM4F.lib(rtx_mutex.o)
    0x0800bfd8   0x0800bfd8   0x00000024   Code   RO         2079    .text.osMutexNew    RTX_CM4F.lib(rtx_mutex.o)
    0x0800bffc   0x0800bffc   0x00000024   Code   RO         2085    .text.osMutexRelease  RTX_CM4F.lib(rtx_mutex.o)
    0x0800c020   0x0800c020   0x0000002e   Code   RO          242    .text.osRtxErrorNotify  rtx_config.o
    0x0800c04e   0x0800c04e   0x00000002   PAD
    0x0800c050   0x0800c050   0x00000008   Code   RO          240    .text.osRtxIdleThread  rtx_config.o
    0x0800c058   0x0800c058   0x00000004   Code   RO         1801    .text.osRtxKernelErrorNotify  RTX_CM4F.lib(rtx_kernel.o)
    0x0800c05c   0x0800c05c   0x00000002   Code   RO         1799    .text.osRtxKernelPreInit  RTX_CM4F.lib(rtx_kernel.o)
    0x0800c05e   0x0800c05e   0x0000006c   Code   RO         2180    .text.osRtxMemoryAlloc  RTX_CM4F.lib(rtx_memory.o)
    0x0800c0ca   0x0800c0ca   0x00000042   Code   RO         2182    .text.osRtxMemoryFree  RTX_CM4F.lib(rtx_memory.o)
    0x0800c10c   0x0800c10c   0x00000036   Code   RO         2178    .text.osRtxMemoryInit  RTX_CM4F.lib(rtx_memory.o)
    0x0800c142   0x0800c142   0x0000003a   Code   RO         2194    .text.osRtxMemoryPoolAlloc  RTX_CM4F.lib(rtx_mempool.o)
    0x0800c17c   0x0800c17c   0x0000004a   Code   RO         2196    .text.osRtxMemoryPoolFree  RTX_CM4F.lib(rtx_mempool.o)
    0x0800c1c6   0x0800c1c6   0x00000038   Code   RO         2192    .text.osRtxMemoryPoolInit  RTX_CM4F.lib(rtx_mempool.o)
    0x0800c1fe   0x0800c1fe   0x000000aa   Code   RO         2143    .text.osRtxMessageQueuePostProcess  RTX_CM4F.lib(rtx_msgqueue.o)
    0x0800c2a8   0x0800c2a8   0x00000024   Code   RO         2111    .text.osRtxMessageQueueTimerSetup  RTX_CM4F.lib(rtx_msgqueue.o)
    0x0800c2cc   0x0800c2cc   0x00000048   Code   RO         2075    .text.osRtxMutexOwnerRelease  RTX_CM4F.lib(rtx_mutex.o)
    0x0800c314   0x0800c314   0x00000042   Code   RO         2077    .text.osRtxMutexOwnerRestore  RTX_CM4F.lib(rtx_mutex.o)
    0x0800c356   0x0800c356   0x00000002   PAD
    0x0800c358   0x0800c358   0x00000088   Code   RO         2246    .text.osRtxPendSV_Handler  RTX_CM4F.lib(rtx_system.o)
    0x0800c3e0   0x0800c3e0   0x00000070   Code   RO         2248    .text.osRtxPostProcess  RTX_CM4F.lib(rtx_system.o)
    0x0800c450   0x0800c450   0x00000034   Code   RO         1891    .text.osRtxThreadBlock  RTX_CM4F.lib(rtx_thread.o)
    0x0800c484   0x0800c484   0x0000007c   Code   RO         1899    .text.osRtxThreadDelayInsert  RTX_CM4F.lib(rtx_thread.o)
    0x0800c500   0x0800c500   0x0000003c   Code   RO         1895    .text.osRtxThreadDelayRemove  RTX_CM4F.lib(rtx_thread.o)
    0x0800c53c   0x0800c53c   0x00000048   Code   RO         1881    .text.osRtxThreadDelayTick  RTX_CM4F.lib(rtx_thread.o)
    0x0800c584   0x0800c584   0x00000020   Code   RO         1983    .text.osRtxThreadDestroy  RTX_CM4F.lib(rtx_thread.o)
    0x0800c5a4   0x0800c5a4   0x00000050   Code   RO         1889    .text.osRtxThreadDispatch  RTX_CM4F.lib(rtx_thread.o)
    0x0800c5f4   0x0800c5f4   0x00000058   Code   RO         1975    .text.osRtxThreadFree  RTX_CM4F.lib(rtx_thread.o)
    0x0800c64c   0x0800c64c   0x0000001e   Code   RO         1981    .text.osRtxThreadJoinWakeup  RTX_CM4F.lib(rtx_thread.o)
    0x0800c66a   0x0800c66a   0x00000012   Code   RO         1873    .text.osRtxThreadListGet  RTX_CM4F.lib(rtx_thread.o)
    0x0800c67c   0x0800c67c   0x0000002c   Code   RO         1871    .text.osRtxThreadListPut  RTX_CM4F.lib(rtx_thread.o)
    0x0800c6a8   0x0800c6a8   0x00000014   Code   RO         1877    .text.osRtxThreadListRemove  RTX_CM4F.lib(rtx_thread.o)
    0x0800c6bc   0x0800c6bc   0x0000000c   Code   RO         1883    .text.osRtxThreadListRoot  RTX_CM4F.lib(rtx_thread.o)
    0x0800c6c8   0x0800c6c8   0x00000026   Code   RO         1875    .text.osRtxThreadListSort  RTX_CM4F.lib(rtx_thread.o)
    0x0800c6ee   0x0800c6ee   0x00000028   Code   RO         1949    .text.osRtxThreadPostProcess  RTX_CM4F.lib(rtx_thread.o)
    0x0800c716   0x0800c716   0x00000002   PAD
    0x0800c718   0x0800c718   0x00000014   Code   RO         1879    .text.osRtxThreadReadyPut  RTX_CM4F.lib(rtx_thread.o)
    0x0800c72c   0x0800c72c   0x00000014   Code   RO         1885    .text.osRtxThreadRegPtr  RTX_CM4F.lib(rtx_thread.o)
    0x0800c740   0x0800c740   0x00000038   Code   RO         1901    .text.osRtxThreadStartup  RTX_CM4F.lib(rtx_thread.o)
    0x0800c778   0x0800c778   0x0000000c   Code   RO         1887    .text.osRtxThreadSwitch  RTX_CM4F.lib(rtx_thread.o)
    0x0800c784   0x0800c784   0x0000003c   Code   RO         1897    .text.osRtxThreadWaitEnter  RTX_CM4F.lib(rtx_thread.o)
    0x0800c7c0   0x0800c7c0   0x00000030   Code   RO         1893    .text.osRtxThreadWaitExit  RTX_CM4F.lib(rtx_thread.o)
    0x0800c7f0   0x0800c7f0   0x00000078   Code   RO         2244    .text.osRtxTick_Handler  RTX_CM4F.lib(rtx_system.o)
    0x0800c868   0x0800c868   0x00000020   Code   RO         2033    .text.osRtxTimerSetup  RTX_CM4F.lib(rtx_timer.o)
    0x0800c888   0x0800c888   0x00000020   Code   RO         2037    .text.osRtxTimerThread  RTX_CM4F.lib(rtx_timer.o)
    0x0800c8a8   0x0800c8a8   0x00000070   Code   RO         2035    .text.osRtxTimerTick  RTX_CM4F.lib(rtx_timer.o)
    0x0800c918   0x0800c918   0x0000000c   Code   RO         1933    .text.osThreadExit  RTX_CM4F.lib(rtx_thread.o)
    0x0800c924   0x0800c924   0x00000058   Code   RO         1941    .text.osThreadFlagsSet  RTX_CM4F.lib(rtx_thread.o)
    0x0800c97c   0x0800c97c   0x00000024   Code   RO         1947    .text.osThreadFlagsWait  RTX_CM4F.lib(rtx_thread.o)
    0x0800c9a0   0x0800c9a0   0x00000024   Code   RO         1905    .text.osThreadNew   RTX_CM4F.lib(rtx_thread.o)
    0x0800c9c4   0x0800c9c4   0x00000024   Code   RO         1923    .text.osThreadYield  RTX_CM4F.lib(rtx_thread.o)
    0x0800c9e8   0x0800c9e8   0x00000024   Code   RO         2039    .text.osTimerNew    RTX_CM4F.lib(rtx_timer.o)
    0x0800ca0c   0x0800ca0c   0x00000024   Code   RO         2043    .text.osTimerStart  RTX_CM4F.lib(rtx_timer.o)
    0x0800ca30   0x0800ca30   0x00000024   Code   RO         2045    .text.osTimerStop   RTX_CM4F.lib(rtx_timer.o)
    0x0800ca54   0x0800ca54   0x00000036   Code   RO          209    .text.os_kernel_is_active  rtx_lib.o
    0x0800ca8a   0x0800ca8a   0x00000016   Code   RO         2021    .text.svcRtxDelay   RTX_CM4F.lib(rtx_delay.o)
    0x0800caa0   0x0800caa0   0x00000008   Code   RO         1811    .text.svcRtxKernelGetState  RTX_CM4F.lib(rtx_kernel.o)
    0x0800caa8   0x0800caa8   0x0000000c   Code   RO         1827    .text.svcRtxKernelGetTickCount  RTX_CM4F.lib(rtx_kernel.o)
    0x0800cab4   0x0800cab4   0x000000fc   Code   RO         1841    .text.svcRtxKernelInitialize  RTX_CM4F.lib(rtx_kernel.o)
    0x0800cbb0   0x0800cbb0   0x00000088   Code   RO         1843    .text.svcRtxKernelStart  RTX_CM4F.lib(rtx_kernel.o)
    0x0800cc38   0x0800cc38   0x000000d4   Code   RO         2155    .text.svcRtxMessageQueueGet  RTX_CM4F.lib(rtx_msgqueue.o)
    0x0800cd0c   0x0800cd0c   0x00000118   Code   RO         2113    .text.svcRtxMessageQueueNew  RTX_CM4F.lib(rtx_msgqueue.o)
    0x0800ce24   0x0800ce24   0x000000b0   Code   RO         2151    .text.svcRtxMessageQueuePut  RTX_CM4F.lib(rtx_msgqueue.o)
    0x0800ced4   0x0800ced4   0x00000090   Code   RO         2095    .text.svcRtxMutexAcquire  RTX_CM4F.lib(rtx_mutex.o)
    0x0800cf64   0x0800cf64   0x000000ac   Code   RO         2101    .text.svcRtxMutexDelete  RTX_CM4F.lib(rtx_mutex.o)
    0x0800d010   0x0800d010   0x00000068   Code   RO         2091    .text.svcRtxMutexNew  RTX_CM4F.lib(rtx_mutex.o)
    0x0800d078   0x0800d078   0x000000b4   Code   RO         2097    .text.svcRtxMutexRelease  RTX_CM4F.lib(rtx_mutex.o)
    0x0800d12c   0x0800d12c   0x0000004c   Code   RO         1979    .text.svcRtxThreadExit  RTX_CM4F.lib(rtx_thread.o)
    0x0800d178   0x0800d178   0x00000066   Code   RO         1991    .text.svcRtxThreadFlagsSet  RTX_CM4F.lib(rtx_thread.o)
    0x0800d1de   0x0800d1de   0x00000002   PAD
    0x0800d1e0   0x0800d1e0   0x0000004c   Code   RO         1997    .text.svcRtxThreadFlagsWait  RTX_CM4F.lib(rtx_thread.o)
    0x0800d22c   0x0800d22c   0x000001ec   Code   RO         1903    .text.svcRtxThreadNew  RTX_CM4F.lib(rtx_thread.o)
    0x0800d418   0x0800d418   0x00000038   Code   RO         1965    .text.svcRtxThreadYield  RTX_CM4F.lib(rtx_thread.o)
    0x0800d450   0x0800d450   0x00000074   Code   RO         2053    .text.svcRtxTimerNew  RTX_CM4F.lib(rtx_timer.o)
    0x0800d4c4   0x0800d4c4   0x00000048   Code   RO         2057    .text.svcRtxTimerStart  RTX_CM4F.lib(rtx_timer.o)
    0x0800d50c   0x0800d50c   0x00000028   Code   RO         2061    .text.svcRtxTimerStop  RTX_CM4F.lib(rtx_timer.o)
    0x0800d534   0x0800d534   0x0000003e   Code   RO         2461    CL$$btod_d2e        c_w.l(btod.o)
    0x0800d572   0x0800d572   0x00000046   Code   RO         2463    CL$$btod_d2e_denorm_low  c_w.l(btod.o)
    0x0800d5b8   0x0800d5b8   0x00000060   Code   RO         2462    CL$$btod_d2e_norm_op1  c_w.l(btod.o)
    0x0800d618   0x0800d618   0x00000338   Code   RO         2471    CL$$btod_div_common  c_w.l(btod.o)
    0x0800d950   0x0800d950   0x000000dc   Code   RO         2468    CL$$btod_e2e        c_w.l(btod.o)
    0x0800da2c   0x0800da2c   0x0000002a   Code   RO         2465    CL$$btod_ediv       c_w.l(btod.o)
    0x0800da56   0x0800da56   0x0000002a   Code   RO         2464    CL$$btod_emul       c_w.l(btod.o)
    0x0800da80   0x0800da80   0x00000244   Code   RO         2470    CL$$btod_mult_common  c_w.l(btod.o)
    0x0800dcc4   0x0800dcc4   0x00000030   Code   RO         2501    i.__ARM_fpclassify  m_wm.l(fpclassify.o)
    0x0800dcf4   0x0800dcf4   0x0000000e   Code   RO         2365    i._is_digit         c_w.l(__printf_wp.o)
    0x0800dd02   0x0800dd02   0x00000002   PAD
    0x0800dd04   0x0800dd04   0x0000002c   Code   RO         2486    locale$$code        c_w.l(lc_numeric_c.o)
    0x0800dd30   0x0800dd30   0x0000002c   Code   RO         2513    locale$$code        c_w.l(lc_ctype_c.o)
    0x0800dd5c   0x0800dd5c   0x0000001a   Code   RO         2583    x$fpl$fpinit        fz_wm.l(fpinit.o)
    0x0800dd76   0x0800dd76   0x00000004   Code   RO         2400    x$fpl$printf1       fz_wm.l(printf1.o)
    0x0800dd7a   0x0800dd7a   0x00000004   Code   RO         2402    x$fpl$printf2       fz_wm.l(printf2.o)
    0x0800dd7e   0x0800dd7e   0x00000000   Code   RO         2500    x$fpl$usenofp       fz_wm.l(usenofp.o)
    0x0800dd7e   0x0800dd7e   0x00000002   PAD
    0x0800dd80   0x0800dd80   0x00000008   Data   RO         2324    .constdata          c_w.l(_printf_wctomb.o)
    0x0800dd88   0x0800dd88   0x00000028   Data   RO         2353    .constdata          c_w.l(_printf_hex_int_ll_ptr.o)
    0x0800ddb0   0x0800ddb0   0x00000011   Data   RO         2373    .constdata          c_w.l(__printf_flags_ss_wp.o)
    0x0800ddc1   0x0800ddc1   0x00000026   Data   RO         2434    .constdata          c_w.l(_printf_fp_hex.o)
    0x0800dde7   0x0800dde7   0x00000001   PAD
    0x0800dde8   0x0800dde8   0x00000094   Data   RO         2459    .constdata          c_w.l(bigflt0.o)
    0x0800de7c   0x0800de7c   0x000000a8   Data   RO          223    .rodata             rtx_lib.o
    0x0800df24   0x0800df24   0x00000010   Data   RO         1695    .rodata.AHBPrescTable  system_stm32f4xx.o
    0x0800df34   0x0800df34   0x00000008   Data   RO         1696    .rodata.APBPrescTable  system_stm32f4xx.o
    0x0800df3c   0x0800df3c   0x00000008   Data   RO          737    .rodata.DMA_CalcBaseAndBitshift.flagBitshiftOffset  stm32f4xx_hal_dma.o
    0x0800df44   0x0800df44   0x00000004   Data   RO          385    .rodata.DriverCapabilities  spi_stm32f4xx.o
    0x0800df48   0x0800df48   0x00000004   Data   RO          308    .rodata.DriverVersion  i2c_stm32f4xx.o
    0x0800df4c   0x0800df4c   0x00000004   Data   RO          384    .rodata.DriverVersion  spi_stm32f4xx.o
    0x0800df50   0x0800df50   0x00000030   Data   RO          306    .rodata.Driver_I2C1  i2c_stm32f4xx.o
    0x0800df80   0x0800df80   0x0000002c   Data   RO          378    .rodata.Driver_SPI1  spi_stm32f4xx.o
    0x0800dfac   0x0800dfac   0x00000038   Data   RO          459    .rodata.Driver_USART3  usart_stm32f4xx.o
    0x0800dfe4   0x0800dfe4   0x00000018   Data   RO          528    .rodata.EventRecorderInfo  eventrecorder.o
    0x0800dffc   0x0800dffc   0x00000030   Data   RO          305    .rodata.I2C1_Resources  i2c_stm32f4xx.o
    0x0800e02c   0x0800e02c   0x0000000c   Data   RO          123    .rodata.RFID_TryDisarm.allowed_uids  rfid.o
    0x0800e038   0x0800e038   0x0000002c   Data   RO          377    .rodata.SPI1_Resources  spi_stm32f4xx.o
    0x0800e064   0x0800e064   0x00000010   Data   RO          380    .rodata.SPI1_miso   spi_stm32f4xx.o
    0x0800e074   0x0800e074   0x00000010   Data   RO          379    .rodata.SPI1_mosi   spi_stm32f4xx.o
    0x0800e084   0x0800e084   0x00000010   Data   RO          381    .rodata.SPI1_sck    spi_stm32f4xx.o
    0x0800e094   0x0800e094   0x00000034   Data   RO          464    .rodata.USART3_Resources  usart_stm32f4xx.o
    0x0800e0c8   0x0800e0c8   0x0000000c   Data   RO          461    .rodata.USART3_rx   usart_stm32f4xx.o
    0x0800e0d4   0x0800e0d4   0x0000000c   Data   RO          460    .rodata.USART3_tx   usart_stm32f4xx.o
    0x0800e0e0   0x0800e0e0   0x00000004   Data   RO          225    .rodata.osRtxUserSVC  rtx_lib.o
    0x0800e0e4   0x0800e0e4   0x00000024   Data   RO          220    .rodata.os_idle_thread_attr  rtx_lib.o
    0x0800e108   0x0800e108   0x00000018   Data   RO          222    .rodata.os_timer_mq_attr  rtx_lib.o
    0x0800e120   0x0800e120   0x00000024   Data   RO          221    .rodata.os_timer_thread_attr  rtx_lib.o
    0x0800e144   0x0800e144   0x0000001c   Data   RO           27    .rodata.str1.1      principal.o
    0x0800e160   0x0800e160   0x0000000b   Data   RO         1861    .rodata.str1.4      RTX_CM4F.lib(rtx_kernel.o)
    0x0800e16b   0x0800e16b   0x00000001   PAD
    0x0800e16c   0x0800e16c   0x00000004   Data   RO          465    .rodata.usart_driver_version  usart_stm32f4xx.o
    0x0800e170   0x0800e170   0x00000020   Data   RO         2644    Region$$Table       anon$$obj.o
    0x0800e190   0x0800e190   0x0000001c   Data   RO         2485    locale$$data        c_w.l(lc_numeric_c.o)
    0x0800e1ac   0x0800e1ac   0x00000110   Data   RO         2512    locale$$data        c_w.l(lc_ctype_c.o)


    Execution Region RW_IRAM1 (Exec base: 0x20000000, Load base: 0x0800e2c0, Size: 0x000093a0, Max: 0x00030000, ABSOLUTE)

    Exec Addr    Load Addr    Size         Type   Attr      Idx    E Section Name        Object

    0x20000000   0x0800e2c0   0x00000004   Data   RW           74    .data.I2Cdrv        thca.o
    0x20000004   0x0800e2c4   0x00000004   Data   RW          122    .data.RC522_SPIdrv  rfid.o
    0x20000008   0x0800e2c8   0x00000004   Data   RW         1694    .data.SystemCoreClock  system_stm32f4xx.o
    0x2000000c   0x0800e2cc   0x00000004   Data   RW          194    .data.ThCom.USARTdrv  thcom.o
    0x20000010   0x0800e2d0   0x000000a4   Data   RW         1862    .data.os            RTX_CM4F.lib(rtx_kernel.o)
    0x200000b4   0x0800e374   0x00000004   Data   RW           28    .data.temp          principal.o
    0x200000b8   0x0800e378   0x00000001   Data   RW          627    .data.uwTickFreq    stm32f4xx_hal.o
    0x200000b9   0x0800e379   0x00000003   PAD
    0x200000bc   0x0800e37c   0x00000004   Data   RW          626    .data.uwTickPrio    stm32f4xx_hal.o
    0x200000c0        -       0x00000060   Zero   RW         2504    .bss                c_w.l(libspace.o)
    0x20000120        -       0x00000014   Zero   RW          156    .bss.GPIO_InitStruct  leds.o
    0x20000134        -       0x00000004   Zero   RW           10    .bss.HAL_GetTick.ticks  main.o
    0x20000138        -       0x00000028   Zero   RW          307    .bss.I2C1_Info      i2c_stm32f4xx.o
    0x20000160        -       0x00000020   Zero   RW           56    .bss.RtcHandle      rtc.o
    0x20000180        -       0x00000010   Zero   RW          382    .bss.SPI1_Info      spi_stm32f4xx.o
    0x20000190        -       0x0000001c   Zero   RW          383    .bss.SPI1_TransferInfo  spi_stm32f4xx.o
    0x200001ac        -       0x0000001c   Zero   RW          179    .bss.TIMConfig      pwm.o
    0x200001c8        -       0x00000014   Zero   RW          462    .bss.USART3_Info    usart_stm32f4xx.o
    0x200001dc        -       0x00000024   Zero   RW          463    .bss.USART3_TransferInfo  usart_stm32f4xx.o
    0x20000200        -       0x00000001   Zero   RW           23    .bss.alarma         principal.o
    0x20000201        -       0x00000001   Zero   RW          155    .bss.alarma_activa  leds.o
    0x20000202        -       0x00000001   Zero   RW          176    .bss.alarma_activa  pwm.o
    0x20000203   0x0800e380   0x00000001   PAD
    0x20000204        -       0x00000040   Zero   RW          178    .bss.htim1          pwm.o
    0x20000244        -       0x00000004   Zero   RW          154    .bss.ledBlinkTimer  leds.o
    0x20000248        -       0x00000004   Zero   RW          195    .bss.mid_ComQueue   thcom.o
    0x2000024c        -       0x00000004   Zero   RW           73    .bss.mid_airQueue   thca.o
    0x20000250        -       0x00000001   Zero   RW           24    .bss.modo           principal.o
    0x20000251        -       0x00000081   Zero   RW          196    .bss.msgCom         thcom.o
    0x200002d2        -       0x00000081   Zero   RW           26    .bss.msg_com        principal.o
    0x20000353   0x0800e380   0x0000002d   PAD
    0x20000380        -       0x000004a4   Zero   RW          527    .bss.noinit         eventrecorder.o
    0x20000824   0x0800e380   0x00000004   PAD
    0x20000828        -       0x00008040   Zero   RW          219    .bss.os             rtx_lib.o
    0x20008868        -       0x00000001   Zero   RW         2276    .bss.os             RTX_CM4F.lib(os_systick.o)
    0x20008869   0x0800e380   0x00000003   PAD
    0x2000886c        -       0x00000034   Zero   RW          230    .bss.os.msgqueue.cb  rtx_lib.o
    0x200088a0        -       0x00000050   Zero   RW          231    .bss.os.msgqueue.mem  rtx_lib.o
    0x200088f0        -       0x00000088   Zero   RW          227    .bss.os.thread.cb   rtx_lib.o
    0x20008978        -       0x00000200   Zero   RW          228    .bss.os.thread.idle.stack  rtx_lib.o
    0x20008b78        -       0x00000200   Zero   RW          229    .bss.os.thread.timer.stack  rtx_lib.o
    0x20008d78        -       0x00000004   Zero   RW          197    .bss.osStatusQueue  thcom.o
    0x20008d7c        -       0x00000001   Zero   RW          232    .bss.os_kernel_is_active.os_kernel_active  rtx_lib.o
    0x20008d7d        -       0x00000001   Zero   RW          177    .bss.pwm_on         pwm.o
    0x20008d7e   0x0800e380   0x00000002   PAD
    0x20008d80        -       0x00000004   Zero   RW           75    .bss.tid_AirQuality  thca.o
    0x20008d84        -       0x00000004   Zero   RW          153    .bss.tid_LEDS       leds.o
    0x20008d88        -       0x00000004   Zero   RW          174    .bss.tid_PWM        pwm.o
    0x20008d8c        -       0x00000004   Zero   RW           25    .bss.tid_Principal  principal.o
    0x20008d90        -       0x00000004   Zero   RW          193    .bss.tid_ThCom      thcom.o
    0x20008d94        -       0x00000004   Zero   RW          137    .bss.tid_ThRFID     thrfid.o
    0x20008d98        -       0x00000004   Zero   RW          175    .bss.timer_pwm_alarma  pwm.o
    0x20008d9c        -       0x00000004   Zero   RW          124    .bss.ultimo_uid     rfid.o
    0x20008da0        -       0x00000200   Zero   RW         1681    HEAP                startup_stm32f429xx.o
    0x20008fa0        -       0x00000400   Zero   RW         1680    STACK               startup_stm32f429xx.o


==============================================================================

Image component sizes


      Code (inc. data)   RO Data    RW Data    ZI Data      Debug   Object Name

         0          0         24          0       1188       7906   eventrecorder.o
      7966          8        100          0         40      19803   i2c_stm32f4xx.o
       442          0          0          0         29       3067   leds.o
       342          0          0          0          4       3526   main.o
       928          0         28          4        135       2121   principal.o
       586          0          0          0        102       5861   pwm.o
      2096          0         12          4          4       8017   rfid.o
       640          0          0          0         32       8303   rtc.o
        54          6          0          0          0        733   rtx_config.o
       190          0        268          0      34125       7176   rtx_lib.o
      5960         20        144          0         44      18491   spi_stm32f4xx.o
        64         26        428          0       1536        904   startup_stm32f429xx.o
       276          0          0          5          0       7860   stm32f4xx_hal.o
       626          0          0          0          0       9939   stm32f4xx_hal_cortex.o
      1268          8          8          0          0       8694   stm32f4xx_hal_dma.o
      1754          0          0          0          0       5430   stm32f4xx_hal_gpio.o
        98          0          0          0          0       4707   stm32f4xx_hal_pwr.o
      2620          0          0          0          0       7871   stm32f4xx_hal_rcc.o
      1052          0          0          0          0       5693   stm32f4xx_hal_rcc_ex.o
      2704          0          0          0          0       9688   stm32f4xx_hal_rtc.o
       830          0          0          0          0      12087   stm32f4xx_hal_rtc_ex.o
      2088         14          0          0          0      31790   stm32f4xx_hal_tim.o
       334          0         24          4          0       2711   system_stm32f4xx.o
       536          0          0          4          8       3195   thca.o
       260          0          0          4        141       4101   thcom.o
       148          0          0          0          4        928   thrfid.o
      8142         52        136          0         56      22007   usart_stm32f4xx.o

    ----------------------------------------------------------------------
     42188        134       1204         28      37500     222609   Object Totals
         0          0         32          0          0          0   (incl. Generated)
       184          0          0          3         52          0   (incl. Padding)

    ----------------------------------------------------------------------

      Code (inc. data)   RO Data    RW Data    ZI Data      Debug   Library Member Name

       200         12          0          0          0        634   irq_armv7m.o
       114         20          0          0          1       3200   os_systick.o
        58          4          0          0          0       2791   rtx_delay.o
       596         48         11        164          0      16501   rtx_kernel.o
       228          0          0          0          0       2537   rtx_memory.o
       188          0          0          0          0      16008   rtx_mempool.o
      1342         24          0          0          0      18657   rtx_msgqueue.o
       882         28          0          0          0       9962   rtx_mutex.o
       368         18          0          0          0       5296   rtx_system.o
      2042         72          0          0          0      31847   rtx_thread.o
       620         32          0          0          0      10397   rtx_timer.o
         8          0          0          0          0         68   __main.o
       392          4         17          0          0         92   __printf_flags_ss_wp.o
        14          0          0          0          0         68   __printf_wp.o
         0          0          0          0          0          0   __rtentry.o
        20          0          0          0          0          0   __rtentry2.o
         6          0          0          0          0          0   __rtentry4.o
        52          8          0          0          0          0   __scatter.o
        26          0          0          0          0          0   __scatter_copy.o
        28          0          0          0          0          0   __scatter_zi.o
        72          0          0          0          0         96   _c16rtomb.o
         6          0          0          0          0          0   _printf_a.o
         6          0          0          0          0          0   _printf_c.o
        44          0          0          0          0        108   _printf_char.o
        48          6          0          0          0         96   _printf_char_common.o
        40          0          0          0          0         68   _printf_charcount.o
         6          0          0          0          0          0   _printf_d.o
       120         16          0          0          0         92   _printf_dec.o
         6          0          0          0          0          0   _printf_e.o
         6          0          0          0          0          0   _printf_f.o
      1052          0          0          0          0        148   _printf_fp_dec.o
       764          8         38          0          0        100   _printf_fp_hex.o
       128         16          0          0          0         84   _printf_fp_infnan.o
         6          0          0          0          0          0   _printf_g.o
       148          4         40          0          0        160   _printf_hex_int_ll_ptr.o
         6          0          0          0          0          0   _printf_i.o
       178          0          0          0          0         88   _printf_intcommon.o
        10          0          0          0          0          0   _printf_l.o
         6          0          0          0          0          0   _printf_lc.o
        10          0          0          0          0          0   _printf_ll.o
         6          0          0          0          0          0   _printf_lld.o
         6          0          0          0          0          0   _printf_lli.o
         6          0          0          0          0          0   _printf_llo.o
         6          0          0          0          0          0   _printf_llu.o
         6          0          0          0          0          0   _printf_llx.o
       124         16          0          0          0         92   _printf_longlong_dec.o
         6          0          0          0          0          0   _printf_ls.o
         6          0          0          0          0          0   _printf_n.o
         6          0          0          0          0          0   _printf_o.o
       112          8          0          0          0        124   _printf_oct_int_ll.o
         6          0          0          0          0          0   _printf_p.o
        78          0          0          0          0        108   _printf_pad.o
         0          0          0          0          0          0   _printf_percent.o
         4          0          0          0          0          0   _printf_percent_end.o
         6          0          0          0          0          0   _printf_s.o
        82          0          0          0          0         80   _printf_str.o
        36          0          0          0          0         84   _printf_truncate.o
         6          0          0          0          0          0   _printf_u.o
        44          0          0          0          0        108   _printf_wchar.o
       188          6          8          0          0         92   _printf_wctomb.o
         6          0          0          0          0          0   _printf_x.o
        10          0          0          0          0         68   _sputc.o
       228          4        148          0          0         96   bigflt0.o
      1936        128          0          0          0        668   btod.o
        18          0          0          0          0         80   exit.o
         6          0          0          0          0        152   heapauxi.o
         0          0          0          0          0          0   indicate_semi.o
        44         10        272          0          0         76   lc_ctype_c.o
        44         10         28          0          0         76   lc_numeric_c.o
         2          0          0          0          0          0   libinit.o
        34          0          0          0          0          0   libinit2.o
         2          0          0          0          0          0   libshutdown.o
         2          0          0          0          0          0   libshutdown2.o
         8          4          0          0         96         68   libspace.o
       138          0          0          0          0         80   lludiv10.o
       240          0          0          0          0        100   lludivv7m.o
        16          4          0          0          0         76   rt_ctype_table.o
        10          0          0          0          0         76   rt_locale_twolibspace.o
        68          0          0          0          0         68   rt_memclr.o
        78          0          0          0          0         80   rt_memclr_w.o
       138          0          0          0          0         68   rt_memcpy_v6.o
       100          0          0          0          0         80   rt_memcpy_w.o
         2          0          0          0          0          0   rtexit.o
        10          0          0          0          0          0   rtexit2.o
        44          6          0          0          0         84   sprintf.o
       124          0          0          0          0         88   strcmpv7em.o
        12          4          0          0          0         68   sys_exit.o
        74          0          0          0          0         80   sys_stackheap_outer.o
         2          0          0          0          0         68   use_no_semi.o
        26          0          0          0          0        116   fpinit.o
         4          0          0          0          0        116   printf1.o
         4          0          0          0          0        116   printf2.o
         0          0          0          0          0          0   usenofp.o
        48          0          0          0          0        124   fpclassify.o

    ----------------------------------------------------------------------
     14088        520        564        164        100     122558   Library Totals
        30          0          2          0          3          0   (incl. Padding)

    ----------------------------------------------------------------------

      Code (inc. data)   RO Data    RW Data    ZI Data      Debug   Library Name

      6638        258         11        164          1     117830   RTX_CM4F.lib
      7338        262        551          0         96       4256   c_w.l
        34          0          0          0          0        348   fz_wm.l
        48          0          0          0          0        124   m_wm.l

    ----------------------------------------------------------------------
     14088        520        564        164        100     122558   Library Totals

    ----------------------------------------------------------------------

==============================================================================


      Code (inc. data)   RO Data    RW Data    ZI Data      Debug   

     56276        654       1768        192      37600     342135   Grand Totals
     56276        654       1768        192      37600     342135   ELF Image Totals
     56276        654       1768        192          0          0   ROM Totals

==============================================================================

    Total RO  Size (Code + RO Data)                58044 (  56.68kB)
    Total RW  Size (RW Data + ZI Data)             37792 (  36.91kB)
    Total ROM Size (Code + RO Data + RW Data)      58236 (  56.87kB)

==============================================================================

