Component: ARM Compiler 5.06 update 7 (build 960) Tool: armlink [4d3601]

==============================================================================

Section Cross References

    main.o(.text) refers to rtx_kernel.o(.text) for osKernelGetState
    main.o(.text) refers to stm32f4xx_hal_rcc.o(.text) for HAL_RCC_OscConfig
    main.o(.text) refers to stm32f4xx_hal.o(.text) for HAL_GetREVID
    main.o(.text) refers to system_stm32f4xx.o(.text) for SystemCoreClockUpdate
    main.o(.text) refers to master.o(.text) for Init_Master
    main.o(.text) refers to rtx_thread.o(.text) for osThreadNew
    main.o(.text) refers to system_stm32f4xx.o(.data) for SystemCoreClock
    main.o(.text) refers to main.o(.data) for ticks
    main.o(.text) refers to http_server.o(.constdata) for app_main_attr
    main.o(.text) refers to http_server.o(.text) for app_main
    http_server.o(.text) refers to net_sys.o(i.netInitialize) for netInitialize
    http_server.o(.text) refers to rtx_delay.o(.text) for osDelay
    http_server.o(.constdata) refers to http_server.o(.bss) for app_main_stk
    http_server_cgi.o(.text) refers to net_http_server.o(i.netCGI_GetEnvVar) for netCGI_GetEnvVar
    http_server_cgi.o(.text) refers to net_addr.o(i.netIP_aton) for netIP_aton
    http_server_cgi.o(.text) refers to net_sys.o(i.netIF_SetOption) for netIF_SetOption
    http_server_cgi.o(.text) refers to strcmp.o(.text) for strcmp
    http_server_cgi.o(.text) refers to printf8.o(i.__0sprintf$8) for __2sprintf
    http_server_cgi.o(.text) refers to rtx_msgqueue.o(.text) for osMessageQueuePut
    http_server_cgi.o(.text) refers to rtx_delay.o(.text) for osDelay
    http_server_cgi.o(.text) refers to strncmp.o(.text) for strncmp
    http_server_cgi.o(.text) refers to atoi.o(.text) for atoi
    http_server_cgi.o(.text) refers to memoria.o(.text) for guardar_umbrales
    http_server_cgi.o(.text) refers to master.o(.text) for Master_confirm
    http_server_cgi.o(.text) refers to net_sys.o(i.netIF_GetOption) for netIF_GetOption
    http_server_cgi.o(.text) refers to net_addr.o(i.netIP_ntoa) for netIP_ntoa
    http_server_cgi.o(.text) refers to net_tcp.o(i.netTCP_GetState) for netTCP_GetState
    http_server_cgi.o(.text) refers to net_tcp.o(i.netTCP_GetLocalPort) for netTCP_GetLocalPort
    http_server_cgi.o(.text) refers to net_tcp.o(i.netTCP_GetPeer) for netTCP_GetPeer
    http_server_cgi.o(.text) refers to net_tcp.o(i.netTCP_GetTimer) for netTCP_GetTimer
    http_server_cgi.o(.text) refers to net_http_server.o(i.netHTTPs_LoginActive) for netHTTPs_LoginActive
    http_server_cgi.o(.text) refers to net_http_server.o(i.netHTTPs_GetPassword) for netHTTPs_GetPassword
    http_server_cgi.o(.text) refers to net_http_server.o(i.netHTTPs_GetLanguage) for netHTTPs_GetLanguage
    http_server_cgi.o(.text) refers to http_server_cgi.o(.bss) for ip_addr
    http_server_cgi.o(.text) refers to http_server_cgi.o(.data) for P2
    http_server_cgi.o(.text) refers to thcom.o(.data) for mid_ComQueue
    http_server_cgi.o(.text) refers to master.o(.data) for th_temp
    http_server_cgi.o(.text) refers to http_server_cgi.o(.conststring) for .conststring
    http_server_cgi.o(.text) refers to threcepcion.o(.data) for modo
    http_server_cgi.o(.text) refers to stm32f4xx_hal_rtc.o(.text) for HAL_RTC_GetTime
    http_server_cgi.o(.text) refers to logger.o(.text) for Logger_GetWriteIndex
    http_server_cgi.o(.text) refers to printf8.o(i.__0snprintf$8) for __2snprintf
    http_server_cgi.o(.text) refers to strcpy.o(.text) for strcpy
    http_server_cgi.o(.text) refers to rtc.o(.bss) for RtcHandle
    web.o(.text) refers to web.o(.constdata) for imageFileTable
    thcom.o(.text) refers to rtx_msgqueue.o(.text) for osMessageQueueGet
    thcom.o(.text) refers to uartmanager.o(.text) for UART_Send
    thcom.o(.text) refers to printf8.o(i.__0printf$8) for __2printf
    thcom.o(.text) refers to rtx_thread.o(.text) for osThreadFlagsWait
    thcom.o(.text) refers to thcom.o(.bss) for msgCom
    thcom.o(.text) refers to thcom.o(.data) for mid_ComQueue
    threcepcion.o(.text) refers to _scanf_int.o(.text) for _scanf_int
    threcepcion.o(.text) refers to _scanf_str.o(.text) for _scanf_string
    threcepcion.o(.text) refers to __0sscanf.o(.text) for __0sscanf
    threcepcion.o(.text) refers to stm32f4xx_hal_rtc.o(.text) for HAL_RTC_GetTime
    threcepcion.o(.text) refers to printf8.o(i.__0sprintf$8) for __2sprintf
    threcepcion.o(.text) refers to printf8.o(i.__0printf$8) for __2printf
    threcepcion.o(.text) refers to rtx_msgqueue.o(.text) for osMessageQueuePut
    threcepcion.o(.text) refers to strlen.o(.text) for strlen
    threcepcion.o(.text) refers to strtol.o(.text) for strtol
    threcepcion.o(.text) refers to uartmanager.o(.text) for UART_Receive
    threcepcion.o(.text) refers to rtx_thread.o(.text) for osThreadFlagsWait
    threcepcion.o(.text) refers to rtc.o(.bss) for RtcHandle
    threcepcion.o(.text) refers to threcepcion.o(.data) for ultima_actualizacion
[...]
    netETH_ReceiveRaw                        0x080140db   Thumb Code     2  net_eth.o(i.netETH_ReceiveRaw)
    netETH_Thread                            0x080140dd   Thumb Code   114  net_eth.o(i.netETH_Thread)
    netHTTPs_AcceptClient                    0x0801414f   Thumb Code     4  net_http_server.o(i.netHTTPs_AcceptClient)
    netHTTPs_CheckAccount                    0x08014153   Thumb Code     4  net_http_server_auth.o(i.netHTTPs_CheckAccount)
    netHTTPs_FileAccess                      0x08014157   Thumb Code     4  net_http_server.o(i.netHTTPs_FileAccess)
    netHTTPs_GetLanguage                     0x0801415d   Thumb Code    24  net_http_server.o(i.netHTTPs_GetLanguage)
    netHTTPs_GetPassword                     0x0801417d   Thumb Code     6  net_http_server.o(i.netHTTPs_GetPassword)
    netHTTPs_LoginActive                     0x08014189   Thumb Code     6  net_http_server.o(i.netHTTPs_LoginActive)
    netIF_GetOption                          0x08014195   Thumb Code   128  net_sys.o(i.netIF_GetOption)
    netIF_SetOption                          0x0801421d   Thumb Code   124  net_sys.o(i.netIF_SetOption)
    netIP_aton                               0x080142a1   Thumb Code    26  net_addr.o(i.netIP_aton)
    netIP_ntoa                               0x080142bb   Thumb Code    50  net_addr.o(i.netIP_ntoa)
    netInitialize                            0x080142ed   Thumb Code   156  net_sys.o(i.netInitialize)
    netMAC_aton                              0x08014399   Thumb Code   140  net_addr.o(i.netMAC_aton)
    netTCP_GetLocalPort                      0x08014425   Thumb Code     4  net_tcp.o(i.netTCP_GetLocalPort)
    netTCP_GetPeer                           0x08014429   Thumb Code    32  net_tcp.o(i.netTCP_GetPeer)
    netTCP_GetState                          0x08014449   Thumb Code     4  net_tcp.o(i.netTCP_GetState)
    netTCP_GetTimer                          0x0801444d   Thumb Code     4  net_tcp.o(i.netTCP_GetTimer)
    net_addr4_aton                           0x08014451   Thumb Code   124  net_addr.o(i.net_addr4_aton)
    net_addr4_to_mac                         0x080144cd   Thumb Code    30  net_addr.o(i.net_addr4_to_mac)
    net_addr6_aton                           0x080144ed   Thumb Code   230  net_addr.o(i.net_addr6_aton)
    net_addr6_comp                           0x080145d3   Thumb Code    40  net_addr.o(i.net_addr6_comp)
    net_addr6_copy                           0x080145fb   Thumb Code    18  net_addr.o(i.net_addr6_copy)
    net_addr6_create                         0x0801460d   Thumb Code    70  net_addr.o(i.net_addr6_create)
    net_addr6_get_solicited                  0x08014659   Thumb Code    34  net_addr.o(i.net_addr6_get_solicited)
    net_addr6_is_linklocal                   0x08014681   Thumb Code    24  net_addr.o(i.net_addr6_is_linklocal)
    net_addr6_is_onlink                      0x08014699   Thumb Code   110  net_addr.o(i.net_addr6_is_onlink)
    net_addr6_is_solicited                   0x08014707   Thumb Code    72  net_addr.o(i.net_addr6_is_solicited)
    net_addr6_is_unspec                      0x0801474f   Thumb Code    24  net_addr.o(i.net_addr6_is_unspec)
    net_addr6_to_mac                         0x08014767   Thumb Code    14  net_addr.o(i.net_addr6_to_mac)
    net_addr_copy                            0x08014775   Thumb Code    38  net_addr.o(i.net_addr_copy)
    net_addr_find_route                      0x0801479b   Thumb Code    26  net_addr.o(i.net_addr_find_route)
    net_addr_get_local                       0x080147b5   Thumb Code    26  net_addr.o(i.net_addr_get_local)
    net_addr_is_unspec                       0x080147d5   Thumb Code    34  net_addr.o(i.net_addr_is_unspec)
    net_arp_cache_add                        0x080147f9   Thumb Code   276  net_arp.o(i.net_arp_cache_add)
    net_arp_cache_early                      0x08014915   Thumb Code   180  net_arp.o(i.net_arp_cache_early)
    net_arp_cache_find                       0x080149d1   Thumb Code   224  net_arp.o(i.net_arp_cache_find)
    net_arp_cache_init                       0x08014abd   Thumb Code    64  net_arp.o(i.net_arp_cache_init)
    net_arp_cache_run                        0x08014b05   Thumb Code    22  net_arp.o(i.net_arp_cache_run)
    net_arp_cache_uninit                     0x08014b21   Thumb Code    56  net_arp.o(i.net_arp_cache_uninit)
    net_arp_enqueue                          0x08014b61   Thumb Code   114  net_arp.o(i.net_arp_enqueue)
    net_arp_notify                           0x08014bd9   Thumb Code    32  net_arp.o(i.net_arp_notify)
    net_arp_process                          0x08014bf9   Thumb Code   536  net_arp.o(i.net_arp_process)
    net_atoi                                 0x08014e1d   Thumb Code    66  net_common.o(i.net_atoi)
    net_base64_decode                        0x08014e61   Thumb Code   114  net_base64.o(i.net_base64_decode)
    net_chksum_buf                           0x08014ed9   Thumb Code    48  net_common.o(i.net_chksum_buf)
    net_crc_buf                              0x08014f09   Thumb Code    30  net_common.o(i.net_crc_buf)
    net_eth_callback                         0x08014f27   Thumb Code    14  net_eth.o(i.net_eth_callback)
    net_eth_config_mcast                     0x08014f35   Thumb Code   104  net_eth.o(i.net_eth_config_mcast)
    net_eth_get_option                       0x08014f9d   Thumb Code   234  net_eth.o(i.net_eth_get_option)
    net_eth_iface_init                       0x08015089   Thumb Code    22  net_eth.o(i.net_eth_iface_init)
    net_eth_iface_run                        0x080150a5   Thumb Code    22  net_eth.o(i.net_eth_iface_run)
    net_eth_iface_uninit                     0x080150c1   Thumb Code    22  net_eth.o(i.net_eth_iface_uninit)
    net_eth_output                           0x080150dd   Thumb Code   164  net_eth.o(i.net_eth_output)
    net_eth_send_frame                       0x08015185   Thumb Code   462  net_eth.o(i.net_eth_send_frame)
    net_eth_set_option                       0x08015365   Thumb Code   610  net_eth.o(i.net_eth_set_option)
    net_http_server_init                     0x080155d5   Thumb Code   212  net_http_server.o(i.net_http_server_init)
    net_http_server_run                      0x080156bd   Thumb Code    30  net_http_server.o(i.net_http_server_run)
    net_http_server_uninit                   0x080156e5   Thumb Code    98  net_http_server.o(i.net_http_server_uninit)
    net_icmp6_init                           0x08015755   Thumb Code    20  net_icmp6.o(i.net_icmp6_init)
    net_icmp6_process                        0x0801576d   Thumb Code   542  net_icmp6.o(i.net_icmp6_process)
    net_icmp6_send                           0x080159a5   Thumb Code   122  net_icmp6.o(i.net_icmp6_send)
    net_icmp6_send_echo                      0x08015a29   Thumb Code    78  net_icmp6.o(i.net_icmp6_send_echo)
    net_icmp_init                            0x08015a81   Thumb Code    20  net_icmp.o(i.net_icmp_init)
    net_icmp_process                         0x08015a99   Thumb Code   430  net_icmp.o(i.net_icmp_process)
    net_icmp_send_echo                       0x08015c61   Thumb Code   142  net_icmp.o(i.net_icmp_send_echo)
    net_if_map_all                           0x08015d01   Thumb Code     6  net_sys.o(i.net_if_map_all)
    net_igmp_collect_mcast                   0x08015d0d   Thumb Code   104  net_igmp.o(i.net_igmp_collect_mcast)
    net_igmp_host_init                       0x08015d79   Thumb Code    68  net_igmp.o(i.net_igmp_host_init)
    net_igmp_host_run                        0x08015dc1   Thumb Code    22  net_igmp.o(i.net_igmp_host_run)
    net_igmp_host_uninit                     0x08015ddd   Thumb Code    48  net_igmp.o(i.net_igmp_host_uninit)
    net_igmp_is_member                       0x08015e15   Thumb Code    28  net_igmp.o(i.net_igmp_is_member)
    net_igmp_process                         0x08015e35   Thumb Code   414  net_igmp.o(i.net_igmp_process)
    net_ip4_chk_frame                        0x08015fe1   Thumb Code   372  net_ip4.o(i.net_ip4_chk_frame)
    net_ip4_chksum                           0x0801616d   Thumb Code    44  net_ip4.o(i.net_ip4_chksum)
    net_ip4_chksum_buf                       0x08016199   Thumb Code     6  net_ip4.o(i.net_ip4_chksum_buf)
    net_ip4_find_route                       0x080161a1   Thumb Code   104  net_ip4.o(i.net_ip4_find_route)
    net_ip4_get_local                        0x08016221   Thumb Code    40  net_ip4.o(i.net_ip4_get_local)
    net_ip4_init                             0x0801624d   Thumb Code    22  net_ip4.o(i.net_ip4_init)
    net_ip4_is_onlink                        0x08016271   Thumb Code    32  net_ip4.o(i.net_ip4_is_onlink)
    net_ip4_is_subcast                       0x08016291   Thumb Code    38  net_ip4.o(i.net_ip4_is_subcast)
    net_ip4_reass_frame                      0x080162b7   Thumb Code    14  net_ip4.o(i.net_ip4_reass_frame)
    net_ip4_send_frame                       0x080162c5   Thumb Code   340  net_ip4.o(i.net_ip4_send_frame)
    net_ip4_tx_offl_hl                       0x08016429   Thumb Code    42  net_ip4.o(i.net_ip4_tx_offl_hl)
    net_ip4_uninit                           0x08016455   Thumb Code    22  net_ip4.o(i.net_ip4_uninit)
    net_ip6_chk_frame                        0x08016475   Thumb Code   236  net_ip6.o(i.net_ip6_chk_frame)
    net_ip6_chksum                           0x08016575   Thumb Code    50  net_ip6.o(i.net_ip6_chksum)
    net_ip6_collect_mcast                    0x080165a9   Thumb Code   118  net_ip6.o(i.net_ip6_collect_mcast)
    net_ip6_find_route                       0x08016625   Thumb Code    56  net_ip6.o(i.net_ip6_find_route)
    net_ip6_get_local                        0x0801666d   Thumb Code    74  net_ip6.o(i.net_ip6_get_local)
    net_ip6_init                             0x080166c1   Thumb Code    20  net_ip6.o(i.net_ip6_init)
    net_ip6_send_frame                       0x080166dd   Thumb Code   192  net_ip6.o(i.net_ip6_send_frame)
    net_ip6_tx_offl_hl                       0x080167a9   Thumb Code    30  net_ip6.o(i.net_ip6_tx_offl_hl)
    net_ip6_uninit                           0x080167c9   Thumb Code    20  net_ip6.o(i.net_ip6_uninit)
    net_itoa                                 0x080167e5   Thumb Code     8  net_common.o(i.net_itoa)
    net_itoa_n0                              0x080167ed   Thumb Code     6  net_common.o(i.net_itoa_n0)
    net_loop_iface_init                      0x080167f5   Thumb Code    40  net_loopback.o(i.net_loop_iface_init)
    net_loop_iface_run                       0x08016825   Thumb Code   176  net_loopback.o(i.net_loop_iface_run)
    net_loop_iface_uninit                    0x080168e1   Thumb Code    32  net_loopback.o(i.net_loop_iface_uninit)
    net_loop_send_frame                      0x08016909   Thumb Code   104  net_loopback.o(i.net_loop_send_frame)
    net_mem_alloc                            0x08016979   Thumb Code   178  net_mem.o(i.net_mem_alloc)
    net_mem_avail                            0x08016a39   Thumb Code    22  net_mem.o(i.net_mem_avail)
    net_mem_free                             0x08016a55   Thumb Code   152  net_mem.o(i.net_mem_free)
    net_mem_init                             0x08016af9   Thumb Code    98  net_mem.o(i.net_mem_init)
    net_mem_shrink                           0x08016b69   Thumb Code    62  net_mem.o(i.net_mem_shrink)
    net_nbns_client_init                     0x08016bb1   Thumb Code    82  net_nbns_client.o(i.net_nbns_client_init)
    net_nbns_client_uninit                   0x08016c15   Thumb Code    42  net_nbns_client.o(i.net_nbns_client_uninit)
    net_ndp_cache_find                       0x08016c4d   Thumb Code   438  net_ndp.o(i.net_ndp_cache_find)
    net_ndp_cache_refresh                    0x08016e11   Thumb Code   112  net_ndp.o(i.net_ndp_cache_refresh)
    net_ndp_enqueue                          0x08016e89   Thumb Code   108  net_ndp.o(i.net_ndp_enqueue)
    net_ndp_process                          0x08016ef9   Thumb Code   872  net_ndp.o(i.net_ndp_process)
    net_path                                 0x0801726d   Thumb Code    52  net_sys.o(i.net_path)
    net_ping_client_init                     0x080172a5   Thumb Code    22  net_ping_core.o(i.net_ping_client_init)
    net_ping_client_run                      0x080172c5   Thumb Code   110  net_ping_core.o(i.net_ping_client_run)
    net_ping_client_uninit                   0x08017345   Thumb Code    24  net_ping_core.o(i.net_ping_client_uninit)
    net_rand32                               0x08017365   Thumb Code    18  net_sys.o(i.net_rand32)
    net_strcasecmp                           0x08017381   Thumb Code    46  net_common.o(i.net_strcasecmp)
    net_strchr                               0x080173af   Thumb Code    22  net_common.o(i.net_strchr)
    net_strcmp                               0x080173c5   Thumb Code    26  net_common.o(i.net_strcmp)
    net_strcpy                               0x080173df   Thumb Code    18  net_common.o(i.net_strcpy)
    net_strnchr                              0x080173f1   Thumb Code    28  net_common.o(i.net_strnchr)
    net_strncpy                              0x0801740d   Thumb Code    26  net_common.o(i.net_strncpy)
    net_strtoupper                           0x08017427   Thumb Code    32  net_common.o(i.net_strtoupper)
    net_sys_lock                             0x08017449   Thumb Code     8  net_sys.o(i.net_sys_lock)
    net_sys_resume                           0x08017455   Thumb Code    22  net_sys.o(i.net_sys_resume)
    net_sys_tick                             0x0801746d   Thumb Code    16  net_sys.o(i.net_sys_tick)
    net_sys_unlock                           0x08017481   Thumb Code     8  net_sys.o(i.net_sys_unlock)
    net_sys_wakeup                           0x0801748d   Thumb Code    26  net_sys.o(i.net_sys_wakeup)
    net_tcp_abort                            0x080174ad   Thumb Code   122  net_tcp.o(i.net_tcp_abort)
    net_tcp_close                            0x08017531   Thumb Code   218  net_tcp.o(i.net_tcp_close)
    net_tcp_get_buf                          0x08017615   Thumb Code    46  net_tcp.o(i.net_tcp_get_buf)
    net_tcp_get_local_port                   0x08017645   Thumb Code    48  net_tcp.o(i.net_tcp_get_local_port)
    net_tcp_get_mss                          0x08017679   Thumb Code    34  net_tcp.o(i.net_tcp_get_mss)
    net_tcp_get_peer                         0x080176a1   Thumb Code    80  net_tcp.o(i.net_tcp_get_peer)
    net_tcp_get_socket                       0x080176f5   Thumb Code   104  net_tcp.o(i.net_tcp_get_socket)
    net_tcp_get_state                        0x08017765   Thumb Code    40  net_tcp.o(i.net_tcp_get_state)
    net_tcp_get_timer                        0x08017791   Thumb Code    48  net_tcp.o(i.net_tcp_get_timer)
    net_tcp_listen                           0x080177c5   Thumb Code   168  net_tcp.o(i.net_tcp_listen)
    net_tcp_process                          0x08017875   Thumb Code  1956  net_tcp.o(i.net_tcp_process)
    net_tcp_send                             0x0801801d   Thumb Code   336  net_tcp.o(i.net_tcp_send)
    net_tcp_set_option                       0x08018179   Thumb Code   288  net_tcp.o(i.net_tcp_set_option)
    net_tcp_socket_init                      0x080182a5   Thumb Code    30  net_tcp.o(i.net_tcp_socket_init)
    net_tcp_socket_run                       0x080182cd   Thumb Code   938  net_tcp.o(i.net_tcp_socket_run)
    net_tcp_socket_uninit                    0x0801868d   Thumb Code    30  net_tcp.o(i.net_tcp_socket_uninit)
    net_udp_get_buf                          0x080186b5   Thumb Code    46  net_udp.o(i.net_udp_get_buf)
    net_udp_get_socket                       0x080186e5   Thumb Code   102  net_udp.o(i.net_udp_get_socket)
    net_udp_open                             0x08018755   Thumb Code   160  net_udp.o(i.net_udp_open)
    net_udp_process                          0x08018801   Thumb Code   322  net_udp.o(i.net_udp_process)
    net_udp_send_if                          0x08018959   Thumb Code   540  net_udp.o(i.net_udp_send_if)
    net_udp_socket_init                      0x08018b85   Thumb Code    30  net_udp.o(i.net_udp_socket_init)
    net_udp_socket_uninit                    0x08018ba9   Thumb Code    28  net_udp.o(i.net_udp_socket_uninit)
    net_ultoa                                0x08018bcd   Thumb Code     8  net_common.o(i.net_ultoa)
    net_ultox                                0x08018bd5   Thumb Code    44  net_common.o(i.net_ultox)
    net_xtoul                                0x08018c05   Thumb Code    76  net_common.o(i.net_xtoul)
    app_main_attr                            0x08019740   Data          36  http_server.o(.constdata)
    imageLastModified                        0x08019764   Data           4  web.o(.constdata)
    ntp_server                               0x0801ffc8   Data          20  thsntp.o(.constdata)
    irqRtxLib                                0x0801ffdc   Data           1  irq_armv7m.o(.constdata)
    irqRtxLibRef                             0x08020040   Data           4  rtx_lib.o(.constdata)
    osRtxUserSVC                             0x08020044   Data           4  rtx_lib.o(.constdata)
    Driver_ETH_PHY0                          0x0802004c   Data          32  phy_lan8742a.o(.constdata)
    Driver_ETH_MAC0                          0x080200bc   Data          68  emac_stm32f4xx.o(.constdata)
    Driver_I2C1                              0x08020138   Data          48  i2c_stm32f4xx.o(.constdata)
    Driver_USART3                            0x080201b8   Data          56  usart_stm32f4xx.o(.constdata)
    EventRecorderInfo                        0x080201f0   Data          24  eventrecorder.o(.constdata)
    AHBPrescTable                            0x08020210   Data          16  system_stm32f4xx.o(.constdata)
    APBPrescTable                            0x08020220   Data           8  system_stm32f4xx.o(.constdata)
    net_sys_config                           0x080202b0   Data          28  net_config.o(.constdata)
    net_eth0_if_config                       0x08020324   Data          44  net_config.o(.constdata)
    net_eth_list                             0x08020370   Data           8  net_config.o(.constdata)
    net_if_list_lan                          0x08020378   Data           8  net_config.o(.constdata)
    net_if_list_all                          0x08020380   Data           8  net_config.o(.constdata)
    net_if_inet_def                          0x08020388   Data           8  net_config.o(.constdata)
    net_if_link_def                          0x08020390   Data           8  net_config.o(.constdata)
    net_arp_list                             0x08020398   Data           8  net_config.o(.constdata)
    net_icmp_list                            0x080203a0   Data           8  net_config.o(.constdata)
    net_igmp_list                            0x080203a8   Data           8  net_config.o(.constdata)
    net_ndp_list                             0x080203b0   Data           4  net_config.o(.constdata)
    net_icmp6_list                           0x080203b4   Data           4  net_config.o(.constdata)
    net_udp_config                           0x080203b8   Data          12  net_config.o(.constdata)
    net_tcp_config                           0x080203c4   Data          24  net_config.o(.constdata)
    net_http_config                          0x080203dc   Data          52  net_config.o(.constdata)
    net_sys_fn_uninit                        0x08020458   Data          40  net_config.o(.constdata)
    netif_getopt_func                        0x08020480   Data          16  net_config.o(.constdata)
    netif_setopt_func                        0x08020490   Data          16  net_config.o(.constdata)
    net_loop_if_config                       0x080204a8   Data          44  net_loopback.o(.constdata)
    net_http_auth_basic_func                 0x080205e4   Data          24  net_http_server_auth.o(.constdata)
    net_ping_payload                         0x080205fc   Data          18  net_ping_core.o(.constdata)
    net_addr_unspec                          0x0802060e   Data          16  net_addr.o(.constdata)
    net_addr_bcast                           0x0802061e   Data           6  net_addr.o(.constdata)
    net_addr4_loopback                       0x08020624   Data           4  net_ip4.o(.constdata)
    net_addr6_all_nodes                      0x08020628   Data          16  net_ip6.o(.constdata)
    net_addr6_loopback                       0x08020638   Data          16  net_ip6.o(.constdata)
    net_http_error                           0x08020648   Data          24  net_http_server_err.o(.constdata)
    net_lib_version                          0x08020700   Data           4  net_version.o(.constdata)
    network_ip4ip6_debug_v7.15.0             0x08020700   Data           4  net_version.o(.constdata)
    __ctype_table                            0x08020710   Data         129  ctype_o.o(.constdata)
    osRtxConfig                              0x08020bc4   Data         112  rtx_lib.o(.rodata)
    os_cb_sections                           0x08020c34   Data          56  rtx_lib.o(.rodata)
    Region$$Table$$Base                      0x08020c6c   Number         0  anon$$obj.o(Region$$Table)
    Region$$Table$$Limit                     0x08020c9c   Number         0  anon$$obj.o(Region$$Table)
    .bss.os.msgqueue.cb$$Base                0x20008044   Number         0  rtx_lib.o(.bss.os.msgqueue.cb)
    .bss.os.msgqueue.cb$$Limit               0x20008078   Number         0  rtx_lib.o(.bss.os.msgqueue.cb)
    .bss.os.mutex.cb$$Base                   0x200080c8   Number         0  net_config.o(.bss.os.mutex.cb)
    .bss.os.mutex.cb$$Limit                  0x20008100   Number         0  net_config.o(.bss.os.mutex.cb)
    .bss.os.semaphore.cb$$Base               0x20008100   Number         0  net_config.o(.bss.os.semaphore.cb)
    .bss.os.semaphore.cb$$Limit              0x20008110   Number         0  net_config.o(.bss.os.semaphore.cb)
    .bss.os.thread.cb$$Base                  0x20008110   Number         0  rtx_lib.o(.bss.os.thread.cb)
    .bss.os.thread.cb$$Limit                 0x20008220   Number         0  net_config.o(.bss.os.thread.cb)
    .bss.os.timer.cb$$Base                   0x20008620   Number         0  net_config.o(.bss.os.timer.cb)
    .bss.os.timer.cb$$Limit                  0x20008640   Number         0  net_config.o(.bss.os.timer.cb)
    sDate                                    0x20008659   Data           4  http_server_cgi.o(.data)
    tid_ThCom                                0x2000866c   Data           4  thcom.o(.data)
    mid_ComQueue                             0x20008674   Data           4  thcom.o(.data)
    tid_ThRecep                              0x20008678   Data           4  threcepcion.o(.data)
    mid_AlarmQueue                           0x20008680   Data           4  threcepcion.o(.data)
    temp                                     0x20008684   Data           2  threcepcion.o(.data)
    co2                                      0x20008686   Data           2  threcepcion.o(.data)
    tvoc                                     0x20008688   Data           2  threcepcion.o(.data)
    RFID                                     0x2000868a   Data           4  threcepcion.o(.data)
    consumo                                  0x2000868e   Data           2  threcepcion.o(.data)
    estado                                   0x20008690   Data           2  threcepcion.o(.data)
    modo                                     0x20008692   Data           2  threcepcion.o(.data)
    modo_ant                                 0x20008694   Data           2  threcepcion.o(.data)
    ultima_actualizacion                     0x20008696   Data          25  threcepcion.o(.data)
    tid_Logger                               0x200086bc   Data           4  logger.o(.data)
    rd_a                                     0x200086cc   Data           2  memoria.o(.data)
    temp_index                               0x200086ce   Data           1  memoria.o(.data)
    hora_index                               0x200086cf   Data           1  memoria.o(.data)
    ca_index                                 0x200086d0   Data           1  memoria.o(.data)
    consumo_index                            0x200086d1   Data           1  memoria.o(.data)
    cfg_index                                0x200086d2   Data           1  memoria.o(.data)
    completo                                 0x200086d3   Data           1  memoria.o(.data)
    temp_index_r                             0x200086d4   Data           1  memoria.o(.data)
    hora_index_r                             0x200086d5   Data           1  memoria.o(.data)
    ca_index_r                               0x200086d6   Data           1  memoria.o(.data)
    consumo_index_r                          0x200086d7   Data           1  memoria.o(.data)
    cfg_index_r                              0x200086d8   Data           1  memoria.o(.data)
    tid_Master_t                             0x200086e8   Data           4  master.o(.data)
    tiempo                                   0x200086f0   Data           4  master.o(.data)
    tiempo_transcurrido                      0x200086f4   Data           4  master.o(.data)
    th_temp                                  0x200086f8   Data           2  master.o(.data)
    th_co2                                   0x200086fa   Data           2  master.o(.data)
    th_tvoc                                  0x200086fc   Data           2  master.o(.data)
    tid_ThSNTP                               0x20008700   Data           4  thsntp.o(.data)
    ITM_RxBuffer                             0x20008704   Data           4  retarget_io.o(.data)
    uwTick                                   0x20008708   Data           4  stm32f4xx_hal.o(.data)
    uwTickPrio                               0x2000870c   Data           4  stm32f4xx_hal.o(.data)
    uwTickFreq                               0x20008710   Data           1  stm32f4xx_hal.o(.data)
    SystemCoreClock                          0x20008714   Data           4  system_stm32f4xx.o(.data)
    net_eth0_igmp_control                    0x20008726   Data           4  net_igmp.o(.data)
    net_eth0_icmp_control                    0x20008730   Data           1  net_icmp.o(.data)
    __stdout                                 0x20008754   Data           4  stdout.o(.data)
    __stderr                                 0x20008758   Data           4  stderr.o(.data)
    __microlib_freelist                      0x2000875c   Data           4  mvars.o(.data)
    __microlib_freelist_initialised          0x20008760   Data           4  mvars.o(.data)
    osRtxInfo                                0x20008768   Data         164  rtx_kernel.o(.data.os)
    app_main_stk                             0x20008810   Data        1024  http_server.o(.bss)
    sTime                                    0x20008c48   Data          20  http_server_cgi.o(.bss)
    hora_str                                 0x20008c5c   Data          20  http_server_cgi.o(.bss)
    fecha_str                                0x20008c70   Data          20  http_server_cgi.o(.bss)
    msgCom                                   0x20008c84   Data          65  thcom.o(.bss)
    msg                                      0x20008cc6   Data          12  threcepcion.o(.bss)
    wr_a                                     0x20008d26   Data          66  memoria.o(.bss)
    RtcHandle                                0x20008d68   Data          32  rtc.o(.bss)
    aShowTime                                0x20008d88   Data          50  rtc.o(.bss)
    aShowDate                                0x20008dba   Data          50  rtc.o(.bss)
    net_eth0_if_control                      0x2000eed8   Data         160  net_eth.o(.bss)
    net_eth0_arp_control                     0x2000ef78   Data          24  net_arp.o(.bss)
    net_http_control                         0x2000f030   Data          20  net_http_server.o(.bss)
    net_ping_control                         0x2000f044   Data          44  net_ping_core.o(.bss)
    net_sys_control                          0x2000f080   Data          28  net_sys.o(.bss)
    net_dbg_buf                              0x2000f0a8   Data          36  net_sys.o(.bss)
    __heap_base                              0x2000f168   Data           0  startup_stm32f429xx.o(HEAP)
    __heap_limit                             0x2000f368   Data           0  startup_stm32f429xx.o(HEAP)
    __initial_sp                             0x2000f768   Data           0  startup_stm32f429xx.o(STACK)



==============================================================================

Memory Map of the image

  Image Entry point : 0x080001ad

  Load Region LR_IROM1 (Base: 0x08000000, Size: 0x000294a8, Max: 0x00200000, ABSOLUTE, COMPRESSED[0x00020dec])

    Execution Region ER_IROM1 (Exec base: 0x08000000, Load base: 0x08000000, Size: 0x00020c9c, Max: 0x00200000, ABSOLUTE)

    Exec Addr    Load Addr    Size         Type   Attr      Idx    E Section Name        Object

    0x08000000   0x08000000   0x000001ac   Data   RO         1762    RESET               startup_stm32f429xx.o
    0x080001ac   0x080001ac   0x00000000   Code   RO         2842  * .ARM.Collect$$$$00000000  mc_w.l(entry.o)
    0x080001ac   0x080001ac   0x00000004   Code   RO         3172    .ARM.Collect$$$$00000001  mc_w.l(entry2.o)
    0x080001b0   0x080001b0   0x00000004   Code   RO         3175    .ARM.Collect$$$$00000004  mc_w.l(entry5.o)
    0x080001b4   0x080001b4   0x00000000   Code   RO         3177    .ARM.Collect$$$$00000008  mc_w.l(entry7b.o)
    0x080001b4   0x080001b4   0x00000000   Code   RO         3179    .ARM.Collect$$$$0000000A  mc_w.l(entry8b.o)
    0x080001b4   0x080001b4   0x00000008   Code   RO         3180    .ARM.Collect$$$$0000000B  mc_w.l(entry9a.o)
    0x080001bc   0x080001bc   0x00000004   Code   RO         3187    .ARM.Collect$$$$0000000E  mc_w.l(entry12b.o)
    0x080001c0   0x080001c0   0x00000000   Code   RO         3182    .ARM.Collect$$$$0000000F  mc_w.l(entry10a.o)
    0x080001c0   0x080001c0   0x00000000   Code   RO         3184    .ARM.Collect$$$$00000011  mc_w.l(entry11a.o)
    0x080001c0   0x080001c0   0x00000004   Code   RO         3173    .ARM.Collect$$$$00002712  mc_w.l(entry2.o)
    0x080001c4   0x080001c4   0x00000148   Code   RO          801    .emb_text           rtx_mempool.o
    0x0800030c   0x0800030c   0x00000148   Code   RO          832    .emb_text           rtx_msgqueue.o
    0x08000454   0x08000454   0x00000148   Code   RO          897    .emb_text           rtx_semaphore.o
    0x0800059c   0x0800059c   0x00000148   Code   RO          928    .emb_text           rtx_system.o
    0x080006e4   0x080006e4   0x00000148   Code   RO          962    .emb_text           rtx_thread.o
    0x0800082c   0x0800082c   0x00000074   Code   RO         1208    .emb_text           eventrecorder.o
    0x080008a0   0x080008a0   0x0000013c   Code   RO            4    .text               main.o
    0x080009dc   0x080009dc   0x00000012   Code   RO          156    .text               http_server.o
    0x080009ee   0x080009ee   0x00000002   PAD
    0x080009f0   0x080009f0   0x000008e8   Code   RO          205    .text               http_server_cgi.o
    0x080012d8   0x080012d8   0x00000088   Code   RO          288    .text               web.o
    0x08001360   0x08001360   0x00000090   Code   RO          306    .text               thcom.o
    0x080013f0   0x080013f0   0x000003a0   Code   RO          345    .text               threcepcion.o
    0x08001790   0x08001790   0x000000c8   Code   RO          373    .text               uartmanager.o
    0x08001858   0x08001858   0x000003f8   Code   RO          391    .text               logger.o
    0x08001c50   0x08001c50   0x000003f4   Code   RO          422    .text               memoria.o
    0x08002044   0x08002044   0x00000320   Code   RO          457    .text               master.o
    0x08002364   0x08002364   0x000001b8   Code   RO          490    .text               rtc.o
    0x0800251c   0x0800251c   0x000000e8   Code   RO          520    .text               thsntp.o
    0x08002604   0x08002604   0x00000094   Code   RO          549    .text               irq_armv7m.o
    0x08002698   0x08002698   0x0000011c   Code   RO          557    .text               rtx_delay.o
    0x080027b4   0x080027b4   0x00000dd8   Code   RO          655    .text               rtx_evr.o
    0x0800358c   0x0800358c   0x000008b0   Code   RO          680    .text               rtx_kernel.o
    0x08003e3c   0x08003e3c   0x00000018   Code   RO          728    .text               rtx_lib.o
    0x08003e54   0x08003e54   0x000001de   Code   RO          771    .text               rtx_memory.o
    0x08004032   0x08004032   0x00000002   PAD
    0x08004034   0x08004034   0x000007a4   Code   RO          802    .text               rtx_mempool.o
    0x080047d8   0x080047d8   0x00000b88   Code   RO          833    .text               rtx_msgqueue.o
    0x08005360   0x08005360   0x00000644   Code   RO          867    .text               rtx_mutex.o
    0x080059a4   0x080059a4   0x00000532   Code   RO          898    .text               rtx_semaphore.o
    0x08005ed6   0x08005ed6   0x00000002   PAD
    0x08005ed8   0x08005ed8   0x000001bc   Code   RO          929    .text               rtx_system.o
    0x08006094   0x08006094   0x0000156c   Code   RO          963    .text               rtx_thread.o
    0x08007600   0x08007600   0x00000538   Code   RO          997    .text               rtx_timer.o
    0x08007b38   0x08007b38   0x000000dc   Code   RO         1027    .text               os_systick.o
    0x08007c14   0x08007c14   0x00000024   Code   RO         1053    .text               rtx_config.o
    0x08007c38   0x08007c38   0x00000224   Code   RO         1074    .text               phy_lan8742a.o
    0x08007e5c   0x08007e5c   0x00000d0c   Code   RO         1101    .text               emac_stm32f4xx.o
    0x08008b68   0x08008b68   0x00001708   Code   RO         1142    .text               i2c_stm32f4xx.o
    0x0800a270   0x0800a270   0x000016b4   Code   RO         1173    .text               usart_stm32f4xx.o
    0x0800b924   0x0800b924   0x000005f8   Code   RO         1209    .text               eventrecorder.o
    0x0800bf1c   0x0800bf1c   0x00000128   Code   RO         1240    .text               retarget_io.o
    0x0800c044   0x0800c044   0x00000210   Code   RO         1272    .text               stm32f4xx_hal.o
    0x0800c254   0x0800c254   0x00000384   Code   RO         1350    .text               stm32f4xx_hal_cortex.o
    0x0800c5d8   0x0800c5d8   0x000008b0   Code   RO         1378    .text               stm32f4xx_hal_dma.o
    0x0800ce88   0x0800ce88   0x000003e4   Code   RO         1427    .text               stm32f4xx_hal_gpio.o
    0x0800d26c   0x0800d26c   0x000001dc   Code   RO         1499    .text               stm32f4xx_hal_pwr.o
    0x0800d448   0x0800d448   0x00000934   Code   RO         1547    .text               stm32f4xx_hal_rcc.o
    0x0800dd7c   0x0800dd7c   0x00000734   Code   RO         1571    .text               stm32f4xx_hal_rcc_ex.o
    0x0800e4b0   0x0800e4b0   0x00000b78   Code   RO         1595    .text               stm32f4xx_hal_rtc.o
    0x0800f028   0x0800f028   0x00000de6   Code   RO         1619    .text               stm32f4xx_hal_rtc_ex.o
    0x0800fe0e   0x0800fe0e   0x00000002   PAD
    0x0800fe10   0x0800fe10   0x00000024   Code   RO         1763    .text               startup_stm32f429xx.o
    0x0800fe34   0x0800fe34   0x000000cc   Code   RO         1770    .text               system_stm32f4xx.o
    0x0800ff00   0x0800ff00   0x0000016c   Code   RO         1798    .text               net_config.o
    0x0801006c   0x0801006c   0x00000150   Code   RO         1847    .text               net_debug.o
    0x080101bc   0x080101bc   0x00000062   Code   RO         2851    .text               mc_w.l(uldiv.o)
    0x0801021e   0x0801021e   0x00000002   PAD
    0x08010220   0x08010220   0x00000094   Code   RO         2853    .text               mc_w.l(localtime.o)
    0x080102b4   0x080102b4   0x00000024   Code   RO         2857    .text               mc_w.l(memcpya.o)
    0x080102d8   0x080102d8   0x00000024   Code   RO         2859    .text               mc_w.l(memseta.o)
    0x080102fc   0x080102fc   0x0000000e   Code   RO         2861    .text               mc_w.l(strlen.o)
    0x0801030a   0x0801030a   0x0000001c   Code   RO         2863    .text               mc_w.l(strcmp.o)
    0x08010326   0x08010326   0x0000001a   Code   RO         2865    .text               mc_w.l(memcmp.o)
    0x08010340   0x08010340   0x00000012   Code   RO         2867    .text               mc_w.l(strcpy.o)
    0x08010352   0x08010352   0x0000001e   Code   RO         2869    .text               mc_w.l(strncmp.o)
    0x08010370   0x08010370   0x00000038   Code   RO         3162    .text               mc_w.l(__0sscanf.o)
    0x080103a8   0x080103a8   0x0000014c   Code   RO         3164    .text               mc_w.l(_scanf_int.o)
    0x080104f4   0x080104f4   0x000000e0   Code   RO         3166    .text               mc_w.l(_scanf_str.o)
    0x080105d4   0x080105d4   0x00000070   Code   RO         3168    .text               mc_w.l(strtol.o)
    0x08010644   0x08010644   0x0000001a   Code   RO         3170    .text               mc_w.l(atoi.o)
    0x0801065e   0x0801065e   0x0000001e   Code   RO         3190    .text               mc_w.l(llshl.o)
    0x0801067c   0x0801067c   0x00000020   Code   RO         3192    .text               mc_w.l(llushr.o)
    0x0801069c   0x0801069c   0x00000008   Code   RO         3194    .text               mc_w.l(ctype_o.o)
    0x080106a4   0x080106a4   0x00000012   Code   RO         3216    .text               mc_w.l(isspace_o.o)
    0x080106b6   0x080106b6   0x0000001c   Code   RO         3231    .text               mc_w.l(_chval.o)
    0x080106d2   0x080106d2   0x00000002   PAD
    0x080106d4   0x080106d4   0x00000028   Code   RO         3233    .text               mc_w.l(scanf_char.o)
    0x080106fc   0x080106fc   0x00000040   Code   RO         3235    .text               mc_w.l(_sgetc.o)
    0x0801073c   0x0801073c   0x0000009e   Code   RO         3237    .text               mc_w.l(_strtoul.o)
    0x080107da   0x080107da   0x00000002   PAD
    0x080107dc   0x080107dc   0x00000024   Code   RO         3250    .text               mc_w.l(init.o)
    0x08010800   0x08010800   0x00000330   Code   RO         3256    .text               mc_w.l(_scanf.o)
    0x08010b30   0x08010b30   0x0000003a   Code   RO         3270    .text               mc_w.l(__dczerorl.o)
    0x08010b6a   0x08010b6a   0x00000002   PAD
    0x08010b6c   0x08010b6c   0x00000020   Code   RO         3080    i.__0printf$8       mc_w.l(printf8.o)
    0x08010b8c   0x08010b8c   0x00000034   Code   RO         3081    i.__0snprintf$8     mc_w.l(printf8.o)
    0x08010bc0   0x08010bc0   0x00000028   Code   RO         3082    i.__0sprintf$8      mc_w.l(printf8.o)
    0x08010be8   0x08010be8   0x00000008   Code   RO         3224    i.__aeabi_errno_addr  mc_w.l(errno.o)
    0x08010bf0   0x08010bf0   0x0000000e   Code   RO         3264    i.__scatterload_copy  mc_w.l(handlers.o)
    0x08010bfe   0x08010bfe   0x00000002   Code   RO         3265    i.__scatterload_null  mc_w.l(handlers.o)
    0x08010c00   0x08010c00   0x0000000e   Code   RO         3266    i.__scatterload_zeroinit  mc_w.l(handlers.o)
    0x08010c0e   0x08010c0e   0x00000002   PAD
    0x08010c10   0x08010c10   0x00000404   Code   RO         3087    i._printf_core      mc_w.l(printf8.o)
    0x08011014   0x08011014   0x00000024   Code   RO         3088    i._printf_post_padding  mc_w.l(printf8.o)
    0x08011038   0x08011038   0x0000002e   Code   RO         3089    i._printf_pre_padding  mc_w.l(printf8.o)
    0x08011066   0x08011066   0x00000016   Code   RO         3090    i._snputc           mc_w.l(printf8.o)
    0x0801107c   0x0801107c   0x0000000a   Code   RO         3091    i._sputc            mc_w.l(printf8.o)
    0x08011086   0x08011086   0x00000002   PAD
    0x08011088   0x08011088   0x00000054   Code   RO         2268    i.add_server_id     Net_Dbg_CM3_L.lib(net_http_server.o)
    0x080110dc   0x080110dc   0x0000005c   Code   RO         1936    i.arp_cache_alloc   Net_Dbg_CM3_L.lib(net_arp.o)
    0x08011138   0x08011138   0x00000170   Code   RO         1937    i.arp_cache_run     Net_Dbg_CM3_L.lib(net_arp.o)
    0x080112a8   0x080112a8   0x00000038   Code   RO         1938    i.arp_is_cacheable  Net_Dbg_CM3_L.lib(net_arp.o)
    0x080112e0   0x080112e0   0x00000088   Code   RO         1939    i.arp_probe_run     Net_Dbg_CM3_L.lib(net_arp.o)
    0x08011368   0x08011368   0x000000d8   Code   RO         1941    i.arp_proc_response  Net_Dbg_CM3_L.lib(net_arp.o)
    0x08011440   0x08011440   0x0000001a   Code   RO         1942    i.arp_que_free      Net_Dbg_CM3_L.lib(net_arp.o)
    0x0801145a   0x0801145a   0x00000002   PAD
    0x0801145c   0x0801145c   0x000000a0   Code   RO         1943    i.arp_send_reply    Net_Dbg_CM3_L.lib(net_arp.o)
    0x080114fc   0x080114fc   0x000000d0   Code   RO         1944    i.arp_send_request  Net_Dbg_CM3_L.lib(net_arp.o)
    0x080115cc   0x080115cc   0x00000068   Code   RO         1945    i.arp_sender_valid  Net_Dbg_CM3_L.lib(net_arp.o)
    0x08011634   0x08011634   0x0000018c   Code   RO         2269    i.chk_post_req      Net_Dbg_CM3_L.lib(net_http_server.o)
    0x080117c0   0x080117c0   0x00000028   Code   RO         2756    i.crc32_8bit        Net_Dbg_CM3_L.lib(net_common.o)
    0x080117e8   0x080117e8   0x0000009a   Code   RO         1880    i.eth_check_link    Net_Dbg_CM3_L.lib(net_eth.o)
    0x08011882   0x08011882   0x00000002   PAD
    0x08011884   0x08011884   0x00000020   Code   RO         1881    i.eth_if_map        Net_Dbg_CM3_L.lib(net_eth.o)
    0x080118a4   0x080118a4   0x00000304   Code   RO         1882    i.eth_iface_init    Net_Dbg_CM3_L.lib(net_eth.o)
    0x08011ba8   0x08011ba8   0x00000290   Code   RO         1883    i.eth_iface_run     Net_Dbg_CM3_L.lib(net_eth.o)
    0x08011e38   0x08011e38   0x0000007c   Code   RO         1884    i.eth_iface_uninit  Net_Dbg_CM3_L.lib(net_eth.o)
    0x08011eb4   0x08011eb4   0x00000008   Code   RO         1885    i.eth_lock          Net_Dbg_CM3_L.lib(net_eth.o)
    0x08011ebc   0x08011ebc   0x0000001c   Code   RO         1886    i.eth_mtu_limit     Net_Dbg_CM3_L.lib(net_eth.o)
    0x08011ed8   0x08011ed8   0x00000048   Code   RO         1887    i.eth_opt_len       Net_Dbg_CM3_L.lib(net_eth.o)
    0x08011f20   0x08011f20   0x00000088   Code   RO         1888    i.eth_receive       Net_Dbg_CM3_L.lib(net_eth.o)
    0x08011fa8   0x08011fa8   0x00000008   Code   RO         1889    i.eth_unlock        Net_Dbg_CM3_L.lib(net_eth.o)
    0x08011fb0   0x08011fb0   0x00000018   Code   RO         2845    i.fputs             mc_w.l(fputs.o)
    0x08011fc8   0x08011fc8   0x00000050   Code   RO         3134    i.free              mc_w.l(malloc.o)
    0x08012018   0x08012018   0x00000028   Code   RO         2270    i.get_next_field    Net_Dbg_CM3_L.lib(net_http_server.o)
    0x08012040   0x08012040   0x00000032   Code   RO         2271    i.get_next_par      Net_Dbg_CM3_L.lib(net_http_server.o)
    0x08012072   0x08012072   0x00000022   Code   RO         2272    i.hex2byte          Net_Dbg_CM3_L.lib(net_http_server.o)
    0x08012094   0x08012094   0x0000036c   Code   RO         2273    i.http_add_header   Net_Dbg_CM3_L.lib(net_http_server.o)
    0x08012400   0x08012400   0x00000050   Code   RO         2393    i.http_auth_basic_add  Net_Dbg_CM3_L.lib(net_http_server_auth.o)
    0x08012450   0x08012450   0x00000090   Code   RO         2394    i.http_auth_basic_parse  Net_Dbg_CM3_L.lib(net_http_server_auth.o)
    0x080124e0   0x080124e0   0x00000002   Code   RO         2400    i.http_auth_dummy   Net_Dbg_CM3_L.lib(net_http_server_auth.o)
    0x080124e2   0x080124e2   0x00000002   PAD
    0x080124e4   0x080124e4   0x00000024   Code   RO         2401    i.http_auth_init    Net_Dbg_CM3_L.lib(net_http_server_auth.o)
    0x08012508   0x08012508   0x000001cc   Code   RO         2274    i.http_error_msg    Net_Dbg_CM3_L.lib(net_http_server.o)
    0x080126d4   0x080126d4   0x00000078   Code   RO         2275    i.http_get_ftype    Net_Dbg_CM3_L.lib(net_http_server.o)
    0x0801274c   0x0801274c   0x0000005e   Code   RO         2276    i.http_kill_session  Net_Dbg_CM3_L.lib(net_http_server.o)
    0x080127aa   0x080127aa   0x00000002   PAD
    0x080127ac   0x080127ac   0x000002a8   Code   RO         2277    i.http_listener     Net_Dbg_CM3_L.lib(net_http_server.o)
    0x08012a54   0x08012a54   0x00000184   Code   RO         2278    i.http_open_file    Net_Dbg_CM3_L.lib(net_http_server.o)
    0x08012bd8   0x08012bd8   0x0000011c   Code   RO         2279    i.http_parse_header  Net_Dbg_CM3_L.lib(net_http_server.o)
    0x08012cf4   0x08012cf4   0x000001a8   Code   RO         2280    i.http_proc_multipart  Net_Dbg_CM3_L.lib(net_http_server.o)
    0x08012e9c   0x08012e9c   0x00000138   Code   RO         2281    i.http_proc_post    Net_Dbg_CM3_L.lib(net_http_server.o)
    0x08012fd4   0x08012fd4   0x00000468   Code   RO         2282    i.http_server_run   Net_Dbg_CM3_L.lib(net_http_server.o)
    0x0801343c   0x0801343c   0x00000060   Code   RO         2283    i.http_server_start  Net_Dbg_CM3_L.lib(net_http_server.o)
    0x0801349c   0x0801349c   0x00000020   Code   RO         2285    i.http_strcpy       Net_Dbg_CM3_L.lib(net_http_server.o)
    0x080134bc   0x080134bc   0x000000ac   Code   RO         2286    i.http_to_utc       Net_Dbg_CM3_L.lib(net_http_server.o)
    0x08013568   0x08013568   0x0000001a   Code   RO         2757    i.i2str             Net_Dbg_CM3_L.lib(net_common.o)
    0x08013582   0x08013582   0x00000002   PAD
    0x08013584   0x08013584   0x0000009c   Code   RO         2003    i.igmp_host_run     Net_Dbg_CM3_L.lib(net_igmp.o)
    0x08013620   0x08013620   0x00000024   Code   RO         2004    i.igmp_map_group    Net_Dbg_CM3_L.lib(net_igmp.o)
    0x08013644   0x08013644   0x00000070   Code   RO         2005    i.igmp_send_report  Net_Dbg_CM3_L.lib(net_igmp.o)
    0x080136b4   0x080136b4   0x0000000c   Code   RO         2634    i.ip4_get_chksum    Net_Dbg_CM3_L.lib(net_ip4.o)
    0x080136c0   0x080136c0   0x00000028   Code   RO         2635    i.ip4_get_mtu       Net_Dbg_CM3_L.lib(net_ip4.o)
    0x080136e8   0x080136e8   0x00000040   Code   RO         2497    i.ip4_ntoa          Net_Dbg_CM3_L.lib(net_addr.o)
    0x08013728   0x08013728   0x000000ca   Code   RO         2498    i.ip6_ntoa          Net_Dbg_CM3_L.lib(net_addr.o)
    0x080137f2   0x080137f2   0x00000002   PAD
    0x080137f4   0x080137f4   0x0000006c   Code   RO         3135    i.malloc            mc_w.l(malloc.o)
    0x08013860   0x08013860   0x0000000c   Code   RO         2733    i.mem_lock          Net_Dbg_CM3_L.lib(net_mem.o)
    0x0801386c   0x0801386c   0x0000000c   Code   RO         2734    i.mem_unlock        Net_Dbg_CM3_L.lib(net_mem.o)
    0x08013878   0x08013878   0x000001a4   Code   RO         2254    i.nbns_listener     Net_Dbg_CM3_L.lib(net_nbns_client.o)
    0x08013a1c   0x08013a1c   0x00000120   Code   RO         2564    i.ndp_cache_add     Net_Dbg_CM3_L.lib(net_ndp.o)
    0x08013b3c   0x08013b3c   0x00000072   Code   RO         2565    i.ndp_cache_alloc   Net_Dbg_CM3_L.lib(net_ndp.o)
    0x08013bae   0x08013bae   0x00000002   PAD
    0x08013bb0   0x08013bb0   0x00000078   Code   RO         2566    i.ndp_cache_delete  Net_Dbg_CM3_L.lib(net_ndp.o)
    0x08013c28   0x08013c28   0x0000002c   Code   RO         2568    i.ndp_check_frame   Net_Dbg_CM3_L.lib(net_ndp.o)
    0x08013c54   0x08013c54   0x00000012   Code   RO         2569    i.ndp_next_opt      Net_Dbg_CM3_L.lib(net_ndp.o)
    0x08013c66   0x08013c66   0x00000002   PAD
    0x08013c68   0x08013c68   0x000000e4   Code   RO         2570    i.ndp_prefix_add    Net_Dbg_CM3_L.lib(net_ndp.o)
    0x08013d4c   0x08013d4c   0x000000fc   Code   RO         2573    i.ndp_proc_response  Net_Dbg_CM3_L.lib(net_ndp.o)
    0x08013e48   0x08013e48   0x0000001a   Code   RO         2574    i.ndp_que_free      Net_Dbg_CM3_L.lib(net_ndp.o)
    0x08013e62   0x08013e62   0x00000002   PAD
    0x08013e64   0x08013e64   0x00000038   Code   RO         2575    i.ndp_router_remove  Net_Dbg_CM3_L.lib(net_ndp.o)
    0x08013e9c   0x08013e9c   0x0000009c   Code   RO         2576    i.ndp_send_reply    Net_Dbg_CM3_L.lib(net_ndp.o)
    0x08013f38   0x08013f38   0x000000bc   Code   RO         2577    i.ndp_send_request  Net_Dbg_CM3_L.lib(net_ndp.o)
    0x08013ff4   0x08013ff4   0x00000004   Code   RO         2287    i.netCGI_Charset    Net_Dbg_CM3_L.lib(net_http_server.o)
    0x08013ff8   0x08013ff8   0x00000004   Code   RO         2288    i.netCGI_ContentType  Net_Dbg_CM3_L.lib(net_http_server.o)
    0x08013ffc   0x08013ffc   0x00000004   Code   RO         2289    i.netCGI_CustomHeader  Net_Dbg_CM3_L.lib(net_http_server.o)
    0x08014000   0x08014000   0x0000006c   Code   RO         2290    i.netCGI_GetEnvVar  Net_Dbg_CM3_L.lib(net_http_server.o)
    0x0801406c   0x0801406c   0x00000004   Code   RO         2293    i.netCGI_Redirect   Net_Dbg_CM3_L.lib(net_http_server.o)
    0x08014070   0x08014070   0x00000004   Code   RO         2295    i.netCGX_ContentType  Net_Dbg_CM3_L.lib(net_http_server.o)
    0x08014074   0x08014074   0x00000064   Code   RO         2447    i.netCore_Thread    Net_Dbg_CM3_L.lib(net_sys.o)
    0x080140d8   0x080140d8   0x00000002   Code   RO         1890    i.netETH_Notify     Net_Dbg_CM3_L.lib(net_eth.o)
    0x080140da   0x080140da   0x00000002   Code   RO         1891    i.netETH_ReceiveRaw  Net_Dbg_CM3_L.lib(net_eth.o)
    0x080140dc   0x080140dc   0x00000072   Code   RO         1893    i.netETH_Thread     Net_Dbg_CM3_L.lib(net_eth.o)
    0x0801414e   0x0801414e   0x00000004   Code   RO         2296    i.netHTTPs_AcceptClient  Net_Dbg_CM3_L.lib(net_http_server.o)
    0x08014152   0x08014152   0x00000004   Code   RO         2402    i.netHTTPs_CheckAccount  Net_Dbg_CM3_L.lib(net_http_server_auth.o)
    0x08014156   0x08014156   0x00000004   Code   RO         2298    i.netHTTPs_FileAccess  Net_Dbg_CM3_L.lib(net_http_server.o)
    0x0801415a   0x0801415a   0x00000002   PAD
    0x0801415c   0x0801415c   0x00000020   Code   RO         2301    i.netHTTPs_GetLanguage  Net_Dbg_CM3_L.lib(net_http_server.o)
    0x0801417c   0x0801417c   0x0000000c   Code   RO         2302    i.netHTTPs_GetPassword  Net_Dbg_CM3_L.lib(net_http_server.o)
    0x08014188   0x08014188   0x0000000c   Code   RO         2308    i.netHTTPs_LoginActive  Net_Dbg_CM3_L.lib(net_http_server.o)
    0x08014194   0x08014194   0x00000088   Code   RO         2448    i.netIF_GetOption   Net_Dbg_CM3_L.lib(net_sys.o)
    0x0801421c   0x0801421c   0x00000084   Code   RO         2450    i.netIF_SetOption   Net_Dbg_CM3_L.lib(net_sys.o)
    0x080142a0   0x080142a0   0x0000001a   Code   RO         2500    i.netIP_aton        Net_Dbg_CM3_L.lib(net_addr.o)
    0x080142ba   0x080142ba   0x00000032   Code   RO         2501    i.netIP_ntoa        Net_Dbg_CM3_L.lib(net_addr.o)
    0x080142ec   0x080142ec   0x000000ac   Code   RO         2451    i.netInitialize     Net_Dbg_CM3_L.lib(net_sys.o)
    0x08014398   0x08014398   0x0000008c   Code   RO         2502    i.netMAC_aton       Net_Dbg_CM3_L.lib(net_addr.o)
    0x08014424   0x08014424   0x00000004   Code   RO         2135    i.netTCP_GetLocalPort  Net_Dbg_CM3_L.lib(net_tcp.o)
    0x08014428   0x08014428   0x00000020   Code   RO         2137    i.netTCP_GetPeer    Net_Dbg_CM3_L.lib(net_tcp.o)
    0x08014448   0x08014448   0x00000004   Code   RO         2139    i.netTCP_GetState   Net_Dbg_CM3_L.lib(net_tcp.o)
    0x0801444c   0x0801444c   0x00000004   Code   RO         2140    i.netTCP_GetTimer   Net_Dbg_CM3_L.lib(net_tcp.o)
    0x08014450   0x08014450   0x0000007c   Code   RO         2504    i.net_addr4_aton    Net_Dbg_CM3_L.lib(net_addr.o)
    0x080144cc   0x080144cc   0x0000001e   Code   RO         2506    i.net_addr4_to_mac  Net_Dbg_CM3_L.lib(net_addr.o)
    0x080144ea   0x080144ea   0x00000002   PAD
    0x080144ec   0x080144ec   0x000000e6   Code   RO         2507    i.net_addr6_aton    Net_Dbg_CM3_L.lib(net_addr.o)
    0x080145d2   0x080145d2   0x00000028   Code   RO         2508    i.net_addr6_comp    Net_Dbg_CM3_L.lib(net_addr.o)
    0x080145fa   0x080145fa   0x00000012   Code   RO         2509    i.net_addr6_copy    Net_Dbg_CM3_L.lib(net_addr.o)
    0x0801460c   0x0801460c   0x0000004c   Code   RO         2510    i.net_addr6_create  Net_Dbg_CM3_L.lib(net_addr.o)
    0x08014658   0x08014658   0x00000028   Code   RO         2511    i.net_addr6_get_solicited  Net_Dbg_CM3_L.lib(net_addr.o)
    0x08014680   0x08014680   0x00000018   Code   RO         2512    i.net_addr6_is_linklocal  Net_Dbg_CM3_L.lib(net_addr.o)
    0x08014698   0x08014698   0x0000006e   Code   RO         2513    i.net_addr6_is_onlink  Net_Dbg_CM3_L.lib(net_addr.o)
    0x08014706   0x08014706   0x00000048   Code   RO         2514    i.net_addr6_is_solicited  Net_Dbg_CM3_L.lib(net_addr.o)
    0x0801474e   0x0801474e   0x00000018   Code   RO         2515    i.net_addr6_is_unspec  Net_Dbg_CM3_L.lib(net_addr.o)
    0x08014766   0x08014766   0x0000000e   Code   RO         2517    i.net_addr6_to_mac  Net_Dbg_CM3_L.lib(net_addr.o)
    0x08014774   0x08014774   0x00000026   Code   RO         2519    i.net_addr_copy     Net_Dbg_CM3_L.lib(net_addr.o)
    0x0801479a   0x0801479a   0x0000001a   Code   RO         2520    i.net_addr_find_route  Net_Dbg_CM3_L.lib(net_addr.o)
    0x080147b4   0x080147b4   0x00000020   Code   RO         2522    i.net_addr_get_local  Net_Dbg_CM3_L.lib(net_addr.o)
    0x080147d4   0x080147d4   0x00000022   Code   RO         2523    i.net_addr_is_unspec  Net_Dbg_CM3_L.lib(net_addr.o)
    0x080147f6   0x080147f6   0x00000002   PAD
    0x080147f8   0x080147f8   0x0000011c   Code   RO         1953    i.net_arp_cache_add  Net_Dbg_CM3_L.lib(net_arp.o)
    0x08014914   0x08014914   0x000000bc   Code   RO         1954    i.net_arp_cache_early  Net_Dbg_CM3_L.lib(net_arp.o)
    0x080149d0   0x080149d0   0x000000ec   Code   RO         1955    i.net_arp_cache_find  Net_Dbg_CM3_L.lib(net_arp.o)
    0x08014abc   0x08014abc   0x00000048   Code   RO         1956    i.net_arp_cache_init  Net_Dbg_CM3_L.lib(net_arp.o)
    0x08014b04   0x08014b04   0x0000001c   Code   RO         1957    i.net_arp_cache_run  Net_Dbg_CM3_L.lib(net_arp.o)
    0x08014b20   0x08014b20   0x00000040   Code   RO         1958    i.net_arp_cache_uninit  Net_Dbg_CM3_L.lib(net_arp.o)
    0x08014b60   0x08014b60   0x00000078   Code   RO         1959    i.net_arp_enqueue   Net_Dbg_CM3_L.lib(net_arp.o)
    0x08014bd8   0x08014bd8   0x00000020   Code   RO         1961    i.net_arp_notify    Net_Dbg_CM3_L.lib(net_arp.o)
    0x08014bf8   0x08014bf8   0x00000224   Code   RO         1963    i.net_arp_process   Net_Dbg_CM3_L.lib(net_arp.o)
    0x08014e1c   0x08014e1c   0x00000042   Code   RO         2758    i.net_atoi          Net_Dbg_CM3_L.lib(net_common.o)
    0x08014e5e   0x08014e5e   0x00000002   PAD
    0x08014e60   0x08014e60   0x00000078   Code   RO         2824    i.net_base64_decode  Net_Dbg_CM3_L.lib(net_base64.o)
    0x08014ed8   0x08014ed8   0x00000030   Code   RO         2760    i.net_chksum_buf    Net_Dbg_CM3_L.lib(net_common.o)
    0x08014f08   0x08014f08   0x0000001e   Code   RO         2761    i.net_crc_buf       Net_Dbg_CM3_L.lib(net_common.o)
    0x08014f26   0x08014f26   0x0000000e   Code   RO         1894    i.net_eth_callback  Net_Dbg_CM3_L.lib(net_eth.o)
    0x08014f34   0x08014f34   0x00000068   Code   RO         1895    i.net_eth_config_mcast  Net_Dbg_CM3_L.lib(net_eth.o)
    0x08014f9c   0x08014f9c   0x000000ea   Code   RO         1897    i.net_eth_get_option  Net_Dbg_CM3_L.lib(net_eth.o)
    0x08015086   0x08015086   0x00000002   PAD
    0x08015088   0x08015088   0x0000001c   Code   RO         1898    i.net_eth_iface_init  Net_Dbg_CM3_L.lib(net_eth.o)
    0x080150a4   0x080150a4   0x0000001c   Code   RO         1899    i.net_eth_iface_run  Net_Dbg_CM3_L.lib(net_eth.o)
    0x080150c0   0x080150c0   0x0000001c   Code   RO         1900    i.net_eth_iface_uninit  Net_Dbg_CM3_L.lib(net_eth.o)
    0x080150dc   0x080150dc   0x000000a8   Code   RO         1901    i.net_eth_output    Net_Dbg_CM3_L.lib(net_eth.o)
    0x08015184   0x08015184   0x000001e0   Code   RO         1902    i.net_eth_send_frame  Net_Dbg_CM3_L.lib(net_eth.o)
    0x08015364   0x08015364   0x00000270   Code   RO         1903    i.net_eth_set_option  Net_Dbg_CM3_L.lib(net_eth.o)
    0x080155d4   0x080155d4   0x000000e8   Code   RO         2317    i.net_http_server_init  Net_Dbg_CM3_L.lib(net_http_server.o)
    0x080156bc   0x080156bc   0x00000028   Code   RO         2318    i.net_http_server_run  Net_Dbg_CM3_L.lib(net_http_server.o)
    0x080156e4   0x080156e4   0x00000070   Code   RO         2319    i.net_http_server_uninit  Net_Dbg_CM3_L.lib(net_http_server.o)
    0x08015754   0x08015754   0x00000018   Code   RO         2706    i.net_icmp6_init    Net_Dbg_CM3_L.lib(net_icmp6.o)
    0x0801576c   0x0801576c   0x00000238   Code   RO         2707    i.net_icmp6_process  Net_Dbg_CM3_L.lib(net_icmp6.o)
    0x080159a4   0x080159a4   0x00000084   Code   RO         2708    i.net_icmp6_send    Net_Dbg_CM3_L.lib(net_icmp6.o)
    0x08015a28   0x08015a28   0x00000058   Code   RO         2709    i.net_icmp6_send_echo  Net_Dbg_CM3_L.lib(net_icmp6.o)
    0x08015a80   0x08015a80   0x00000018   Code   RO         2054    i.net_icmp_init     Net_Dbg_CM3_L.lib(net_icmp.o)
    0x08015a98   0x08015a98   0x000001c8   Code   RO         2055    i.net_icmp_process  Net_Dbg_CM3_L.lib(net_icmp.o)
    0x08015c60   0x08015c60   0x000000a0   Code   RO         2056    i.net_icmp_send_echo  Net_Dbg_CM3_L.lib(net_icmp.o)
    0x08015d00   0x08015d00   0x0000000c   Code   RO         2455    i.net_if_map_all    Net_Dbg_CM3_L.lib(net_sys.o)
    0x08015d0c   0x08015d0c   0x0000006c   Code   RO         2008    i.net_igmp_collect_mcast  Net_Dbg_CM3_L.lib(net_igmp.o)
    0x08015d78   0x08015d78   0x00000048   Code   RO         2009    i.net_igmp_host_init  Net_Dbg_CM3_L.lib(net_igmp.o)
    0x08015dc0   0x08015dc0   0x0000001c   Code   RO         2010    i.net_igmp_host_run  Net_Dbg_CM3_L.lib(net_igmp.o)
    0x08015ddc   0x08015ddc   0x00000038   Code   RO         2011    i.net_igmp_host_uninit  Net_Dbg_CM3_L.lib(net_igmp.o)
    0x08015e14   0x08015e14   0x00000020   Code   RO         2012    i.net_igmp_is_member  Net_Dbg_CM3_L.lib(net_igmp.o)
    0x08015e34   0x08015e34   0x000001ac   Code   RO         2013    i.net_igmp_process  Net_Dbg_CM3_L.lib(net_igmp.o)
    0x08015fe0   0x08015fe0   0x0000018c   Code   RO         2636    i.net_ip4_chk_frame  Net_Dbg_CM3_L.lib(net_ip4.o)
    0x0801616c   0x0801616c   0x0000002c   Code   RO         2637    i.net_ip4_chksum    Net_Dbg_CM3_L.lib(net_ip4.o)
    0x08016198   0x08016198   0x00000006   Code   RO         2638    i.net_ip4_chksum_buf  Net_Dbg_CM3_L.lib(net_ip4.o)
    0x0801619e   0x0801619e   0x00000002   PAD
    0x080161a0   0x080161a0   0x00000080   Code   RO         2640    i.net_ip4_find_route  Net_Dbg_CM3_L.lib(net_ip4.o)
    0x08016220   0x08016220   0x0000002c   Code   RO         2641    i.net_ip4_get_local  Net_Dbg_CM3_L.lib(net_ip4.o)
    0x0801624c   0x0801624c   0x00000024   Code   RO         2642    i.net_ip4_init      Net_Dbg_CM3_L.lib(net_ip4.o)
    0x08016270   0x08016270   0x00000020   Code   RO         2643    i.net_ip4_is_onlink  Net_Dbg_CM3_L.lib(net_ip4.o)
    0x08016290   0x08016290   0x00000026   Code   RO         2644    i.net_ip4_is_subcast  Net_Dbg_CM3_L.lib(net_ip4.o)
    0x080162b6   0x080162b6   0x0000000e   Code   RO         2645    i.net_ip4_reass_frame  Net_Dbg_CM3_L.lib(net_ip4.o)
    0x080162c4   0x080162c4   0x00000164   Code   RO         2646    i.net_ip4_send_frame  Net_Dbg_CM3_L.lib(net_ip4.o)
    0x08016428   0x08016428   0x0000002a   Code   RO         2648    i.net_ip4_tx_offl_hl  Net_Dbg_CM3_L.lib(net_ip4.o)
    0x08016452   0x08016452   0x00000002   PAD
    0x08016454   0x08016454   0x00000020   Code   RO         2649    i.net_ip4_uninit    Net_Dbg_CM3_L.lib(net_ip4.o)
    0x08016474   0x08016474   0x00000100   Code   RO         2674    i.net_ip6_chk_frame  Net_Dbg_CM3_L.lib(net_ip6.o)
    0x08016574   0x08016574   0x00000032   Code   RO         2675    i.net_ip6_chksum    Net_Dbg_CM3_L.lib(net_ip6.o)
    0x080165a6   0x080165a6   0x00000002   PAD
    0x080165a8   0x080165a8   0x0000007c   Code   RO         2676    i.net_ip6_collect_mcast  Net_Dbg_CM3_L.lib(net_ip6.o)
    0x08016624   0x08016624   0x00000048   Code   RO         2678    i.net_ip6_find_route  Net_Dbg_CM3_L.lib(net_ip6.o)
    0x0801666c   0x0801666c   0x00000054   Code   RO         2679    i.net_ip6_get_local  Net_Dbg_CM3_L.lib(net_ip6.o)
    0x080166c0   0x080166c0   0x0000001c   Code   RO         2680    i.net_ip6_init      Net_Dbg_CM3_L.lib(net_ip6.o)
    0x080166dc   0x080166dc   0x000000cc   Code   RO         2681    i.net_ip6_send_frame  Net_Dbg_CM3_L.lib(net_ip6.o)
    0x080167a8   0x080167a8   0x0000001e   Code   RO         2683    i.net_ip6_tx_offl_hl  Net_Dbg_CM3_L.lib(net_ip6.o)
    0x080167c6   0x080167c6   0x00000002   PAD
    0x080167c8   0x080167c8   0x0000001c   Code   RO         2684    i.net_ip6_uninit    Net_Dbg_CM3_L.lib(net_ip6.o)
    0x080167e4   0x080167e4   0x00000008   Code   RO         2762    i.net_itoa          Net_Dbg_CM3_L.lib(net_common.o)
    0x080167ec   0x080167ec   0x00000006   Code   RO         2764    i.net_itoa_n0       Net_Dbg_CM3_L.lib(net_common.o)
    0x080167f2   0x080167f2   0x00000002   PAD
    0x080167f4   0x080167f4   0x00000030   Code   RO         2036    i.net_loop_iface_init  Net_Dbg_CM3_L.lib(net_loopback.o)
    0x08016824   0x08016824   0x000000bc   Code   RO         2037    i.net_loop_iface_run  Net_Dbg_CM3_L.lib(net_loopback.o)
    0x080168e0   0x080168e0   0x00000028   Code   RO         2038    i.net_loop_iface_uninit  Net_Dbg_CM3_L.lib(net_loopback.o)
    0x08016908   0x08016908   0x00000070   Code   RO         2039    i.net_loop_send_frame  Net_Dbg_CM3_L.lib(net_loopback.o)
    0x08016978   0x08016978   0x000000c0   Code   RO         2735    i.net_mem_alloc     Net_Dbg_CM3_L.lib(net_mem.o)
    0x08016a38   0x08016a38   0x0000001c   Code   RO         2736    i.net_mem_avail     Net_Dbg_CM3_L.lib(net_mem.o)
    0x08016a54   0x08016a54   0x000000a4   Code   RO         2737    i.net_mem_free      Net_Dbg_CM3_L.lib(net_mem.o)
    0x08016af8   0x08016af8   0x00000070   Code   RO         2738    i.net_mem_init      Net_Dbg_CM3_L.lib(net_mem.o)
    0x08016b68   0x08016b68   0x00000048   Code   RO         2739    i.net_mem_shrink    Net_Dbg_CM3_L.lib(net_mem.o)
    0x08016bb0   0x08016bb0   0x00000064   Code   RO         2255    i.net_nbns_client_init  Net_Dbg_CM3_L.lib(net_nbns_client.o)
    0x08016c14   0x08016c14   0x00000038   Code   RO         2256    i.net_nbns_client_uninit  Net_Dbg_CM3_L.lib(net_nbns_client.o)
    0x08016c4c   0x08016c4c   0x000001c4   Code   RO         2585    i.net_ndp_cache_find  Net_Dbg_CM3_L.lib(net_ndp.o)
    0x08016e10   0x08016e10   0x00000078   Code   RO         2588    i.net_ndp_cache_refresh  Net_Dbg_CM3_L.lib(net_ndp.o)
    0x08016e88   0x08016e88   0x00000070   Code   RO         2591    i.net_ndp_enqueue   Net_Dbg_CM3_L.lib(net_ndp.o)
    0x08016ef8   0x08016ef8   0x00000374   Code   RO         2593    i.net_ndp_process   Net_Dbg_CM3_L.lib(net_ndp.o)
    0x0801726c   0x0801726c   0x00000038   Code   RO         2457    i.net_path          Net_Dbg_CM3_L.lib(net_sys.o)
    0x080172a4   0x080172a4   0x00000020   Code   RO         2428    i.net_ping_client_init  Net_Dbg_CM3_L.lib(net_ping_core.o)
    0x080172c4   0x080172c4   0x00000080   Code   RO         2429    i.net_ping_client_run  Net_Dbg_CM3_L.lib(net_ping_core.o)
    0x08017344   0x08017344   0x00000020   Code   RO         2431    i.net_ping_client_uninit  Net_Dbg_CM3_L.lib(net_ping_core.o)
    0x08017364   0x08017364   0x0000001c   Code   RO         2458    i.net_rand32        Net_Dbg_CM3_L.lib(net_sys.o)
    0x08017380   0x08017380   0x0000002e   Code   RO         2765    i.net_strcasecmp    Net_Dbg_CM3_L.lib(net_common.o)
    0x080173ae   0x080173ae   0x00000016   Code   RO         2766    i.net_strchr        Net_Dbg_CM3_L.lib(net_common.o)
    0x080173c4   0x080173c4   0x0000001a   Code   RO         2767    i.net_strcmp        Net_Dbg_CM3_L.lib(net_common.o)
    0x080173de   0x080173de   0x00000012   Code   RO         2768    i.net_strcpy        Net_Dbg_CM3_L.lib(net_common.o)
    0x080173f0   0x080173f0   0x0000001c   Code   RO         2770    i.net_strnchr       Net_Dbg_CM3_L.lib(net_common.o)
    0x0801740c   0x0801740c   0x0000001a   Code   RO         2771    i.net_strncpy       Net_Dbg_CM3_L.lib(net_common.o)
    0x08017426   0x08017426   0x00000020   Code   RO         2772    i.net_strtoupper    Net_Dbg_CM3_L.lib(net_common.o)
    0x08017446   0x08017446   0x00000002   PAD
    0x08017448   0x08017448   0x0000000c   Code   RO         2459    i.net_sys_lock      Net_Dbg_CM3_L.lib(net_sys.o)
    0x08017454   0x08017454   0x00000016   Code   RO         2460    i.net_sys_resume    Net_Dbg_CM3_L.lib(net_sys.o)
    0x0801746a   0x0801746a   0x00000002   PAD
    0x0801746c   0x0801746c   0x00000014   Code   RO         2462    i.net_sys_tick      Net_Dbg_CM3_L.lib(net_sys.o)
    0x08017480   0x08017480   0x0000000c   Code   RO         2463    i.net_sys_unlock    Net_Dbg_CM3_L.lib(net_sys.o)
    0x0801748c   0x0801748c   0x00000020   Code   RO         2465    i.net_sys_wakeup    Net_Dbg_CM3_L.lib(net_sys.o)
    0x080174ac   0x080174ac   0x00000084   Code   RO         2147    i.net_tcp_abort     Net_Dbg_CM3_L.lib(net_tcp.o)
    0x08017530   0x08017530   0x000000e4   Code   RO         2150    i.net_tcp_close     Net_Dbg_CM3_L.lib(net_tcp.o)
    0x08017614   0x08017614   0x0000002e   Code   RO         2153    i.net_tcp_get_buf   Net_Dbg_CM3_L.lib(net_tcp.o)
    0x08017642   0x08017642   0x00000002   PAD
    0x08017644   0x08017644   0x00000034   Code   RO         2155    i.net_tcp_get_local_port  Net_Dbg_CM3_L.lib(net_tcp.o)
    0x08017678   0x08017678   0x00000028   Code   RO         2156    i.net_tcp_get_mss   Net_Dbg_CM3_L.lib(net_tcp.o)
    0x080176a0   0x080176a0   0x00000054   Code   RO         2158    i.net_tcp_get_peer  Net_Dbg_CM3_L.lib(net_tcp.o)
    0x080176f4   0x080176f4   0x00000070   Code   RO         2160    i.net_tcp_get_socket  Net_Dbg_CM3_L.lib(net_tcp.o)
    0x08017764   0x08017764   0x0000002c   Code   RO         2161    i.net_tcp_get_state  Net_Dbg_CM3_L.lib(net_tcp.o)
    0x08017790   0x08017790   0x00000034   Code   RO         2162    i.net_tcp_get_timer  Net_Dbg_CM3_L.lib(net_tcp.o)
    0x080177c4   0x080177c4   0x000000b0   Code   RO         2163    i.net_tcp_listen    Net_Dbg_CM3_L.lib(net_tcp.o)
    0x08017874   0x08017874   0x000007a8   Code   RO         2165    i.net_tcp_process   Net_Dbg_CM3_L.lib(net_tcp.o)
    0x0801801c   0x0801801c   0x0000015c   Code   RO         2169    i.net_tcp_send      Net_Dbg_CM3_L.lib(net_tcp.o)
    0x08018178   0x08018178   0x0000012c   Code   RO         2171    i.net_tcp_set_option  Net_Dbg_CM3_L.lib(net_tcp.o)
    0x080182a4   0x080182a4   0x00000028   Code   RO         2172    i.net_tcp_socket_init  Net_Dbg_CM3_L.lib(net_tcp.o)
    0x080182cc   0x080182cc   0x000003c0   Code   RO         2173    i.net_tcp_socket_run  Net_Dbg_CM3_L.lib(net_tcp.o)
    0x0801868c   0x0801868c   0x00000028   Code   RO         2174    i.net_tcp_socket_uninit  Net_Dbg_CM3_L.lib(net_tcp.o)
    0x080186b4   0x080186b4   0x0000002e   Code   RO         2084    i.net_udp_get_buf   Net_Dbg_CM3_L.lib(net_udp.o)
    0x080186e2   0x080186e2   0x00000002   PAD
    0x080186e4   0x080186e4   0x00000070   Code   RO         2087    i.net_udp_get_socket  Net_Dbg_CM3_L.lib(net_udp.o)
    0x08018754   0x08018754   0x000000ac   Code   RO         2089    i.net_udp_open      Net_Dbg_CM3_L.lib(net_udp.o)
    0x08018800   0x08018800   0x00000158   Code   RO         2090    i.net_udp_process   Net_Dbg_CM3_L.lib(net_udp.o)
    0x08018958   0x08018958   0x0000022c   Code   RO         2093    i.net_udp_send_if   Net_Dbg_CM3_L.lib(net_udp.o)
    0x08018b84   0x08018b84   0x00000024   Code   RO         2095    i.net_udp_socket_init  Net_Dbg_CM3_L.lib(net_udp.o)
    0x08018ba8   0x08018ba8   0x00000024   Code   RO         2096    i.net_udp_socket_uninit  Net_Dbg_CM3_L.lib(net_udp.o)
    0x08018bcc   0x08018bcc   0x00000008   Code   RO         2773    i.net_ultoa         Net_Dbg_CM3_L.lib(net_common.o)
    0x08018bd4   0x08018bd4   0x00000030   Code   RO         2776    i.net_ultox         Net_Dbg_CM3_L.lib(net_common.o)
    0x08018c04   0x08018c04   0x0000004c   Code   RO         2777    i.net_xtoul         Net_Dbg_CM3_L.lib(net_common.o)
    0x08018c50   0x08018c50   0x0000001c   Code   RO         2432    i.ping_send_req     Net_Dbg_CM3_L.lib(net_ping_core.o)
    0x08018c6c   0x08018c6c   0x00000058   Code   RO         2321    i.proc_req_line     Net_Dbg_CM3_L.lib(net_http_server.o)
    0x08018cc4   0x08018cc4   0x000000a0   Code   RO         2322    i.read_script_line  Net_Dbg_CM3_L.lib(net_http_server.o)
    0x08018d64   0x08018d64   0x00000048   Code   RO         2323    i.search_delim      Net_Dbg_CM3_L.lib(net_http_server.o)
    0x08018dac   0x08018dac   0x00000018   Code   RO         2466    i.sys_map_if        Net_Dbg_CM3_L.lib(net_sys.o)
    0x08018dc4   0x08018dc4   0x0000004c   Code   RO         2467    i.sys_proc_tick     Net_Dbg_CM3_L.lib(net_sys.o)
    0x08018e10   0x08018e10   0x00000110   Code   RO         2175    i.tcp_map_socket    Net_Dbg_CM3_L.lib(net_tcp.o)
    0x08018f20   0x08018f20   0x00000084   Code   RO         2176    i.tcp_parse_opt     Net_Dbg_CM3_L.lib(net_tcp.o)
    0x08018fa4   0x08018fa4   0x0000011c   Code   RO         2177    i.tcp_proc_acknr    Net_Dbg_CM3_L.lib(net_tcp.o)
    0x080190c0   0x080190c0   0x000000ac   Code   RO         2178    i.tcp_proc_dupack   Net_Dbg_CM3_L.lib(net_tcp.o)
    0x0801916c   0x0801916c   0x0000001a   Code   RO         2179    i.tcp_que_free      Net_Dbg_CM3_L.lib(net_tcp.o)
    0x08019186   0x08019186   0x0000001a   Code   RO         2180    i.tcp_que_init      Net_Dbg_CM3_L.lib(net_tcp.o)
    0x080191a0   0x080191a0   0x000000ac   Code   RO         2181    i.tcp_que_resend    Net_Dbg_CM3_L.lib(net_tcp.o)
    0x0801924c   0x0801924c   0x00000090   Code   RO         2182    i.tcp_send_ctrl     Net_Dbg_CM3_L.lib(net_tcp.o)
    0x080192dc   0x080192dc   0x0000007c   Code   RO         2183    i.tcp_send_data     Net_Dbg_CM3_L.lib(net_tcp.o)
    0x08019358   0x08019358   0x00000090   Code   RO         2184    i.tcp_send_reset    Net_Dbg_CM3_L.lib(net_tcp.o)
    0x080193e8   0x080193e8   0x00000044   Code   RO         2185    i.tcp_set_cwnd      Net_Dbg_CM3_L.lib(net_tcp.o)
    0x0801942c   0x0801942c   0x00000074   Code   RO         2186    i.tcp_transit       Net_Dbg_CM3_L.lib(net_tcp.o)
    0x080194a0   0x080194a0   0x0000010c   Code   RO         2187    i.tcp_write         Net_Dbg_CM3_L.lib(net_tcp.o)
    0x080195ac   0x080195ac   0x0000002c   Code   RO         2097    i.udp_port_in_use   Net_Dbg_CM3_L.lib(net_udp.o)
    0x080195d8   0x080195d8   0x00000044   Code   RO         2778    i.ul2str            Net_Dbg_CM3_L.lib(net_common.o)
    0x0801961c   0x0801961c   0x00000124   Code   RO         2324    i.utc_to_http       Net_Dbg_CM3_L.lib(net_http_server.o)
    0x08019740   0x08019740   0x00000024   Data   RO          158    .constdata          http_server.o
    0x08019764   0x08019764   0x00006864   Data   RO          289    .constdata          web.o
    0x0801ffc8   0x0801ffc8   0x00000014   Data   RO          521    .constdata          thsntp.o
    0x0801ffdc   0x0801ffdc   0x00000001   Data   RO          548    .constdata          irq_armv7m.o
    0x0801ffdd   0x0801ffdd   0x00000003   PAD
    0x0801ffe0   0x0801ffe0   0x00000068   Data   RO          735    .constdata          rtx_lib.o
    0x08020048   0x08020048   0x00000024   Data   RO         1076    .constdata          phy_lan8742a.o
    0x0802006c   0x0802006c   0x00000094   Data   RO         1103    .constdata          emac_stm32f4xx.o
    0x08020100   0x08020100   0x00000068   Data   RO         1144    .constdata          i2c_stm32f4xx.o
    0x08020168   0x08020168   0x00000088   Data   RO         1175    .constdata          usart_stm32f4xx.o
    0x080201f0   0x080201f0   0x00000018   Data   RO         1211    .constdata          eventrecorder.o
    0x08020208   0x08020208   0x00000008   Data   RO         1379    .constdata          stm32f4xx_hal_dma.o
    0x08020210   0x08020210   0x00000018   Data   RO         1771    .constdata          system_stm32f4xx.o
    0x08020228   0x08020228   0x00000278   Data   RO         1804    .constdata          net_config.o
    0x080204a0   0x080204a0   0x00000008   Data   RO         2014    .constdata          Net_Dbg_CM3_L.lib(net_igmp.o)
    0x080204a8   0x080204a8   0x0000002c   Data   RO         2040    .constdata          Net_Dbg_CM3_L.lib(net_loopback.o)
    0x080204d4   0x080204d4   0x0000000c   Data   RO         2041    .constdata          Net_Dbg_CM3_L.lib(net_loopback.o)
    0x080204e0   0x080204e0   0x00000008   Data   RO         2257    .constdata          Net_Dbg_CM3_L.lib(net_nbns_client.o)
    0x080204e8   0x080204e8   0x000000fa   Data   RO         2326    .constdata          Net_Dbg_CM3_L.lib(net_http_server.o)
    0x080205e2   0x080205e2   0x00000002   PAD
    0x080205e4   0x080205e4   0x00000018   Data   RO         2405    .constdata          Net_Dbg_CM3_L.lib(net_http_server_auth.o)
    0x080205fc   0x080205fc   0x00000012   Data   RO         2434    .constdata          Net_Dbg_CM3_L.lib(net_ping_core.o)
    0x0802060e   0x0802060e   0x00000010   Data   RO         2527    .constdata          Net_Dbg_CM3_L.lib(net_addr.o)
    0x0802061e   0x0802061e   0x00000006   Data   RO         2528    .constdata          Net_Dbg_CM3_L.lib(net_addr.o)
    0x08020624   0x08020624   0x00000004   Data   RO         2650    .constdata          Net_Dbg_CM3_L.lib(net_ip4.o)
    0x08020628   0x08020628   0x00000020   Data   RO         2685    .constdata          Net_Dbg_CM3_L.lib(net_ip6.o)
    0x08020648   0x08020648   0x00000018   Data   RO         2725    .constdata          Net_Dbg_CM3_L.lib(net_http_server_err.o)
    0x08020660   0x08020660   0x00000010   Data   RO         2779    .constdata          Net_Dbg_CM3_L.lib(net_common.o)
    0x08020670   0x08020670   0x00000090   Data   RO         2826    .constdata          Net_Dbg_CM3_L.lib(net_base64.o)
    0x08020700   0x08020700   0x00000004   Data   RO         2835    .constdata          Net_Dbg_CM3_L.lib(net_version.o)
    0x08020704   0x08020704   0x0000000c   Data   RO         2855    .constdata          mc_w.l(localtime.o)
    0x08020710   0x08020710   0x00000081   Data   RO         3195    .constdata          mc_w.l(ctype_o.o)
    0x08020791   0x08020791   0x00000003   PAD
    0x08020794   0x08020794   0x00000004   Data   RO         3196    .constdata          mc_w.l(ctype_o.o)
    0x08020798   0x08020798   0x00000135   Data   RO          207    .conststring        http_server_cgi.o
    0x080208cd   0x080208cd   0x00000003   PAD
    0x080208d0   0x080208d0   0x000000e1   Data   RO         1805    .conststring        net_config.o
    0x080209b1   0x080209b1   0x00000003   PAD
    0x080209b4   0x080209b4   0x00000203   Data   RO         2726    .conststring        Net_Dbg_CM3_L.lib(net_http_server_err.o)
    0x08020bb7   0x08020bb7   0x00000001   PAD
    0x08020bb8   0x08020bb8   0x0000000b   Data   RO          681    .conststrlit        rtx_kernel.o
    0x08020bc3   0x08020bc3   0x00000001   PAD
    0x08020bc4   0x08020bc4   0x000000a8   Data   RO          736    .rodata             rtx_lib.o
    0x08020c6c   0x08020c6c   0x00000030   Data   RO         3263    Region$$Table       anon$$obj.o


    Execution Region RW_IRAM2 (Exec base: 0x10000000, Load base: 0x08020dec, Size: 0x000004a4, Max: 0x00010000, ABSOLUTE)

    Exec Addr    Load Addr    Size         Type   Attr      Idx    E Section Name        Object

    0x10000000        -       0x000004a4   Zero   RW         1210    .bss.noinit         eventrecorder.o


    Execution Region RW_IRAM1 (Exec base: 0x20000000, Load base: 0x08020c9c, Size: 0x0000f768, Max: 0x00030000, ABSOLUTE, COMPRESSED[0x00000150])

    Exec Addr    Load Addr    Size         Type   Attr      Idx    E Section Name        Object

    0x20000000   COMPRESSED   0x00008040   Data   RW          729    .bss.os             rtx_lib.o
    0x20008040   COMPRESSED   0x00000001   Data   RW         1028    .bss.os             os_systick.o
    0x20008041   COMPRESSED   0x00000003   PAD
    0x20008044   COMPRESSED   0x00000034   Data   RW          730    .bss.os.msgqueue.cb  rtx_lib.o
    0x20008078   COMPRESSED   0x00000050   Data   RW          731    .bss.os.msgqueue.mem  rtx_lib.o
    0x200080c8   COMPRESSED   0x00000038   Data   RW         1800    .bss.os.mutex.cb    net_config.o
    0x20008100   COMPRESSED   0x00000010   Data   RW         1801    .bss.os.semaphore.cb  net_config.o
    0x20008110   COMPRESSED   0x00000088   Data   RW          732    .bss.os.thread.cb   rtx_lib.o
    0x20008198   COMPRESSED   0x00000088   Data   RW         1802    .bss.os.thread.cb   net_config.o
    0x20008220   COMPRESSED   0x00000200   Data   RW          733    .bss.os.thread.idle.stack  rtx_lib.o
    0x20008420   COMPRESSED   0x00000200   Data   RW          734    .bss.os.thread.timer.stack  rtx_lib.o
    0x20008620   COMPRESSED   0x00000020   Data   RW         1803    .bss.os.timer.cb    net_config.o
    0x20008640   COMPRESSED   0x00000004   Data   RW            5    .data               main.o
    0x20008644   COMPRESSED   0x00000028   Data   RW          208    .data               http_server_cgi.o
    0x2000866c   COMPRESSED   0x0000000c   Data   RW          308    .data               thcom.o
    0x20008678   COMPRESSED   0x00000037   Data   RW          347    .data               threcepcion.o
    0x200086af   COMPRESSED   0x00000001   PAD
    0x200086b0   COMPRESSED   0x0000000c   Data   RW          374    .data               uartmanager.o
    0x200086bc   COMPRESSED   0x00000008   Data   RW          393    .data               logger.o
    0x200086c4   COMPRESSED   0x00000016   Data   RW          424    .data               memoria.o
    0x200086da   COMPRESSED   0x00000002   PAD
    0x200086dc   COMPRESSED   0x00000022   Data   RW          458    .data               master.o
    0x200086fe   COMPRESSED   0x00000002   PAD
    0x20008700   COMPRESSED   0x00000004   Data   RW          522    .data               thsntp.o
    0x20008704   COMPRESSED   0x00000004   Data   RW         1241    .data               retarget_io.o
    0x20008708   COMPRESSED   0x00000009   Data   RW         1273    .data               stm32f4xx_hal.o
    0x20008711   COMPRESSED   0x00000003   PAD
    0x20008714   COMPRESSED   0x00000004   Data   RW         1772    .data               system_stm32f4xx.o
    0x20008718   COMPRESSED   0x0000000e   Data   RW         1806    .data               net_config.o
    0x20008726   COMPRESSED   0x00000004   Data   RW         2015    .data               Net_Dbg_CM3_L.lib(net_igmp.o)
    0x2000872a   COMPRESSED   0x00000002   PAD
    0x2000872c   COMPRESSED   0x00000004   Data   RW         2042    .data               Net_Dbg_CM3_L.lib(net_loopback.o)
    0x20008730   COMPRESSED   0x00000001   Data   RW         2057    .data               Net_Dbg_CM3_L.lib(net_icmp.o)
    0x20008731   COMPRESSED   0x00000001   PAD
    0x20008732   COMPRESSED   0x00000002   Data   RW         2099    .data               Net_Dbg_CM3_L.lib(net_udp.o)
    0x20008734   COMPRESSED   0x00000004   Data   RW         2190    .data               Net_Dbg_CM3_L.lib(net_tcp.o)
    0x20008738   COMPRESSED   0x00000001   Data   RW         2258    .data               Net_Dbg_CM3_L.lib(net_nbns_client.o)
    0x20008739   COMPRESSED   0x00000003   PAD
    0x2000873c   COMPRESSED   0x0000000c   Data   RW         2327    .data               Net_Dbg_CM3_L.lib(net_http_server.o)
    0x20008748   COMPRESSED   0x00000008   Data   RW         2651    .data               Net_Dbg_CM3_L.lib(net_ip4.o)
    0x20008750   COMPRESSED   0x00000004   Data   RW         2687    .data               Net_Dbg_CM3_L.lib(net_ip6.o)
    0x20008754   COMPRESSED   0x00000004   Data   RW         2849    .data               mc_w.l(stdout.o)
    0x20008758   COMPRESSED   0x00000004   Data   RW         2850    .data               mc_w.l(stderr.o)
    0x2000875c   COMPRESSED   0x00000004   Data   RW         3222    .data               mc_w.l(mvars.o)
    0x20008760   COMPRESSED   0x00000004   Data   RW         3223    .data               mc_w.l(mvars.o)
    0x20008764   COMPRESSED   0x00000004   Data   RW         3227    .data               mc_w.l(errno.o)
    0x20008768   COMPRESSED   0x000000a4   Data   RW          682    .data.os            rtx_kernel.o
    0x2000880c   COMPRESSED   0x00000004   PAD
    0x20008810        -       0x00000400   Zero   RW          157    .bss                http_server.o
    0x20008c10        -       0x00000074   Zero   RW          206    .bss                http_server_cgi.o
    0x20008c84        -       0x00000041   Zero   RW          307    .bss                thcom.o
    0x20008cc5   COMPRESSED   0x00000001   PAD
    0x20008cc6        -       0x0000004c   Zero   RW          346    .bss                threcepcion.o
    0x20008d12        -       0x00000014   Zero   RW          392    .bss                logger.o
    0x20008d26        -       0x00000042   Zero   RW          423    .bss                memoria.o
    0x20008d68        -       0x00000084   Zero   RW          491    .bss                rtc.o
    0x20008dec        -       0x0000000c   Zero   RW         1075    .bss                phy_lan8742a.o
    0x20008df8        -       0x000024cc   Zero   RW         1102    .bss                emac_stm32f4xx.o
    0x2000b2c4        -       0x00000028   Zero   RW         1143    .bss                i2c_stm32f4xx.o
    0x2000b2ec        -       0x00000038   Zero   RW         1174    .bss                usart_stm32f4xx.o
    0x2000b324   COMPRESSED   0x00000004   PAD
    0x2000b328        -       0x00003bb0   Zero   RW         1799    .bss                net_config.o
    0x2000eed8        -       0x000000a0   Zero   RW         1904    .bss                Net_Dbg_CM3_L.lib(net_eth.o)
    0x2000ef78        -       0x00000018   Zero   RW         1964    .bss                Net_Dbg_CM3_L.lib(net_arp.o)
    0x2000ef90        -       0x0000001c   Zero   RW         2098    .bss                Net_Dbg_CM3_L.lib(net_udp.o)
    0x2000efac        -       0x00000098   Zero   RW         2325    .bss                Net_Dbg_CM3_L.lib(net_http_server.o)
    0x2000f044        -       0x0000002c   Zero   RW         2433    .bss                Net_Dbg_CM3_L.lib(net_ping_core.o)
    0x2000f070        -       0x00000038   Zero   RW         2468    .bss                Net_Dbg_CM3_L.lib(net_sys.o)
    0x2000f0a8        -       0x00000024   Zero   RW         2469    .bss                Net_Dbg_CM3_L.lib(net_sys.o)
    0x2000f0cc        -       0x0000005c   Zero   RW         2526    .bss                Net_Dbg_CM3_L.lib(net_addr.o)
    0x2000f128        -       0x00000014   Zero   RW         2741    .bss                Net_Dbg_CM3_L.lib(net_mem.o)
    0x2000f13c        -       0x0000002c   Zero   RW         2854    .bss                mc_w.l(localtime.o)
    0x2000f168        -       0x00000200   Zero   RW         1761    HEAP                startup_stm32f429xx.o
    0x2000f368        -       0x00000400   Zero   RW         1760    STACK               startup_stm32f429xx.o


==============================================================================

Image component sizes


      Code (inc. data)   RO Data    RW Data    ZI Data      Debug   Object Name

      3340        204        148          0       9420      47094   emac_stm32f4xx.o
      1644         42         24          0       1188      16864   eventrecorder.o
        18          0         36          0       1024      10058   http_server.o
      2280        466        309         40        116      17689   http_server_cgi.o
      5896        106        104          0         40      14798   i2c_stm32f4xx.o
       148          8          1          0          0        628   irq_armv7m.o
      1016        134          0          8         20       4682   logger.o
       316         30          0          4          0     747791   main.o
       800        284          0         34          0       2756   master.o
      1012         84          0         22         66       8099   memoria.o
       364         26        857        254      15280      32368   net_config.o
       336          0          0          0          0        822   net_debug.o
       220         14          0          1          0       1948   os_systick.o
       548          8         36          0         12       6826   phy_lan8742a.o
       296         60          0          4          0       4263   retarget_io.o
       440         42          0          0        132       2124   rtc.o
        36          6          0          0          0        659   rtx_config.o
       284         12          0          0          0      17890   rtx_delay.o
      3544        106          0          0          0      52793   rtx_evr.o
      2224        100         11        164          0      27456   rtx_kernel.o
        24          0        272      34124          0       9867   rtx_lib.o
       478          0          0          0          0       3003   rtx_memory.o
      2284         46          0          0          0      15176   rtx_mempool.o
      3280         60          0          0          0      23536   rtx_msgqueue.o
      1604         30          0          0          0       9902   rtx_mutex.o
      1658         34          0          0          0      11996   rtx_semaphore.o
       772         20          0          0          0       8333   rtx_system.o
      5812        150          0          0          0      32069   rtx_thread.o
      1336         36          0          0          0      10161   rtx_timer.o
        36          8        428          0       1536        824   startup_stm32f429xx.o
       528         46          0          9          0      11407   stm32f4xx_hal.o
       900         20          0          0          0      36086   stm32f4xx_hal_cortex.o
      2224         28          8          0          0       7125   stm32f4xx_hal_dma.o
       996         52          0          0          0       3691   stm32f4xx_hal_gpio.o
       476         22          0          0          0       3579   stm32f4xx_hal_pwr.o
      2356         70          0          0          0       5427   stm32f4xx_hal_rcc.o
      1844         66          0          0          0       4113   stm32f4xx_hal_rcc_ex.o
      2936         26          0          0          0       8257   stm32f4xx_hal_rtc.o
      3558         22          0          0          0      12961   stm32f4xx_hal_rtc_ex.o
       204         24         24          4          0       1657   system_stm32f4xx.o
       144         46          0         12         65       1559   thcom.o
       928        280          0         55         76       3255   threcepcion.o
       232         18         20          4          0       2240   thsntp.o
       200         16          0         12          0       2260   uartmanager.o
      5812        152        136          0         56      46480   usart_stm32f4xx.o
       136          8      26724          0          0       1648   web.o

    ----------------------------------------------------------------------
     65528       3012      29196      34762      29040    1294220   Object Totals
         0          0         48          0          0          0   (incl. Generated)
         8          0         10         11          9          0   (incl. Padding)

    ----------------------------------------------------------------------

      Code (inc. data)   RO Data    RW Data    ZI Data      Debug   Library Member Name

      1414         18         22          0         92       1556   net_addr.o
      2938        152          0          0         24       1628   net_arp.o
       120          6        144          0          0         84   net_base64.o
       622         10         16          0          0       1340   net_common.o
      3816        150          0          0        160       1756   net_eth.o
      6858       1272        250         12        152       2860   net_http_server.o
       266         66         24          0          0        368   net_http_server_auth.o
         0          0        539          0          0          0   net_http_server_err.o
       640         48          0          1          0        236   net_icmp.o
       812         60          0          0          0        332   net_icmp6.o
      1028         54          8          4          0        760   net_igmp.o
      1220         92          4          8          0       1032   net_ip4.o
       876         80         32          4          0        720   net_ip6.o
       388         36         56          4          0        336   net_loopback.o
       592         64          0          0         20        564   net_mem.o
       576         58          8          1          0        268   net_nbns_client.o
      3058        106          0          0          0       1404   net_ndp.o
       220         40         18          0         44        300   net_ping_core.o
       834         84          0          0         92       1012   net_sys.o
      6606        292          0          4          0       2808   net_tcp.o
      1346         78          0          2         28        700   net_udp.o
         0          0          4          0          0          0   net_version.o
        56          8          0          0          0         84   __0sscanf.o
        58          0          0          0          0          0   __dczerorl.o
        28          0          0          0          0         68   _chval.o
       816          6          0          0          0        112   _scanf.o
       332          0          0          0          0         96   _scanf_int.o
       224          0          0          0          0         96   _scanf_str.o
        64          0          0          0          0         84   _sgetc.o
       158          0          0          0          0         92   _strtoul.o
        26          0          0          0          0         80   atoi.o
         8          4        133          0          0         68   ctype_o.o
         0          0          0          0          0          0   entry.o
         0          0          0          0          0          0   entry10a.o
         0          0          0          0          0          0   entry11a.o
         4          0          0          0          0          0   entry12b.o
         8          4          0          0          0          0   entry2.o
         4          0          0          0          0          0   entry5.o
         0          0          0          0          0          0   entry7b.o
         0          0          0          0          0          0   entry8b.o
         8          4          0          0          0          0   entry9a.o
         8          4          0          4          0         68   errno.o
        24          0          0          0          0         80   fputs.o
        30          0          0          0          0          0   handlers.o
        36          8          0          0          0         68   init.o
        18          0          0          0          0         76   isspace_o.o
        30          0          0          0          0         68   llshl.o
        32          0          0          0          0         68   llushr.o
       148         10         12          0         44         76   localtime.o
       188         20          0          0          0        160   malloc.o
        26          0          0          0          0         80   memcmp.o
        36          0          0          0          0         68   memcpya.o
        36          0          0          0          0        108   memseta.o
         0          0          0          8          0          0   mvars.o
      1266         64          0          0          0        660   printf8.o
        40          8          0          0          0         84   scanf_char.o
         0          0          0          4          0          0   stderr.o
         0          0          0          4          0          0   stdout.o
        28          0          0          0          0         76   strcmp.o
        18          0          0          0          0         68   strcpy.o
        14          0          0          0          0         68   strlen.o
        30          0          0          0          0         80   strncmp.o
       112          0          0          0          0         88   strtol.o
        98          0          0          0          0         92   uldiv.o

    ----------------------------------------------------------------------
     38300       2906       1276         66        656      22980   Library Totals
        58          0          6          6          0          0   (incl. Padding)

    ----------------------------------------------------------------------

      Code (inc. data)   RO Data    RW Data    ZI Data      Debug   Library Name

     34230       2766       1125         40        612      20064   Net_Dbg_CM3_L.lib
      4012        140        145         20         44       2916   mc_w.l

    ----------------------------------------------------------------------
     38300       2906       1276         66        656      22980   Library Totals

    ----------------------------------------------------------------------

==============================================================================


      Code (inc. data)   RO Data    RW Data    ZI Data      Debug   

    103828       5918      30472      34828      29696    1299076   Grand Totals
    103828       5918      30472        336      29696    1299076   ELF Image Totals (compressed)
    103828       5918      30472        336          0          0   ROM Totals

==============================================================================

    Total RO  Size (Code + RO Data)               134300 ( 131.15kB)
    Total RW  Size (RW Data + ZI Data)             64524 (  63.01kB)
    Total ROM Size (Code + RO Data + RW Data)     134636 ( 131.48kB)

==============================================================================

