<html>
<body>
<pre>
<h1>µVision Build Log</h1>
<h2>Tool Versions:</h2>
IDE-Version: µVision V5.42.0.0
Copyright (C) 2025 ARM Ltd and ARM Germany GmbH. All rights reserved.
License Information: pablo bach upm Flex license: MDK Professional 5.42 (Flex) (mdk_pro) Operation stops: 24 Jan 2027
 
Tool Versions:
Toolchain:       MDK Professional 5.42 (Flex)  Version: 5.42.0.0
Toolchain Path:  C:\Users\PcVIP\AppData\Local\Keil_v5\ARM\ARMCLANG\Bin
C Compiler:      ArmClang.exe V6.23
Assembler:       Armasm.exe V6.23
Linker/Locator:  ArmLink.exe V6.23
Library Manager: ArmAr.exe V6.23
Hex Converter:   FromElf.exe V6.23
CPU DLL:         SARMCM3.DLL V5.42.0.0
Dialog DLL:      DCM.DLL V1.17.5.0
Target DLL:      STLink\ST-LINKIII-KEIL_SWO.dll V3.3.0.0
Dialog DLL:      TCM.DLL V1.56.6.0
 
<h2>Project:</h2>
C:\Universidad\Alarma_Incendios\PruebaUART\UARTMASTER.uvprojx
Project File Date:  04/30/2026

<h2>Output:</h2>
*** Using Compiler 'V6.23', folder: 'C:\Users\PcVIP\AppData\Local\Keil_v5\ARM\ARMCLANG\Bin'
Rebuild target 'Target 1'
compiling Memoria.c...
compiling rtx_lib.c...
compiling ThCom.c...
compiling EventRecorder.c...
compiling RTX_Config.c...
compiling UARTManager.c...
compiling USART_STM32F4xx.c...
compiling retarget_io.c...
compiling main.c...
compiling ThRecepcion.c...
compiling Logger.c...
compiling I2C_STM32F4xx.c...
compiling stm32f4xx_hal.c...
compiling stm32f4xx_hal_cortex.c...
compiling stm32f4xx_hal_dma.c...
compiling stm32f4xx_hal_gpio.c...
compiling stm32f4xx_hal_i2c_ex.c...
compiling stm32f4xx_hal_dma_ex.c...
compiling stm32f4xx_hal_pwr.c...
compiling stm32f4xx_hal_pwr_ex.c...
compiling stm32f4xx_hal_rcc.c...
assembling startup_stm32f429xx.s...
compiling system_stm32f4xx.c...
compiling stm32f4xx_hal_rcc_ex.c...
compiling stm32f4xx_hal_i2c.c...
compiling stm32f4xx_hal_usart.c...
linking...
Program Size: Code=52092 RO-data=2036 RW-data=200 ZI-data=38216  
".\Objects\UARTMASTER.axf" - 0 Error(s), 0 Warning(s).

<h2>Software Packages used:</h2>

Package Vendor: ARM
                http://www.keil.com/pack/ARM.CMSIS.5.8.0.pack
                ARM::CMSIS@5.8.0
                CMSIS (Common Microcontroller Software Interface Standard)
   * Component: CORE Version: 5.5.0
   * Component: Keil RTX5 Variant: Library Version: 5.5.3
   * Component: I2C Version: 2.4.0
   * Component: USART Version: 2.4.0
   * Component: RTOS2 Version: 2.1.3

Package Vendor: Keil
                http://www.keil.com/pack/Keil.ARM_Compiler.1.6.3.pack
                Keil::ARM_Compiler@1.6.3
                Keil ARM Compiler extensions for ARM Compiler 5 and ARM Compiler 6
   * Component: Event Recorder Variant: DAP Version: 1.4.0
   * Component: STDOUT Variant: ITM Version: 1.2.0

Package Vendor: Keil
                http://www.keil.com/pack/Keil.STM32F4xx_DFP.2.15.0.pack
                Keil::STM32F4xx_DFP@2.15.0
                STMicroelectronics STM32F4 Series Device Support, Drivers and Examples
   * Component: STM32Cube Framework Version: 1.0.0
   * Component: I2C Version: 2.10
   * Component: USART Version: 2.13
   * Component: Classic Version: 1.7.9
   * Component: Common Version: 1.7.9
   * Component: Cortex Version: 1.7.9
   * Component: DMA Version: 1.7.9
   * Component: GPIO Version: 1.7.9
   * Component: I2C Version: 1.7.9
   * Component: PWR Version: 1.7.9
   * Component: RCC Version: 1.7.9
   * Component: USART Version: 1.7.9
   * Component: Startup Version: 2.6.3

<h2>Collection of Component include folders:</h2>
  ./RTE/CMSIS
  ./RTE/Compiler
  ./RTE/Device/STM32F429ZITx
  ./RTE/_Target_1
  C:/Users/PcVIP/AppData/Local/Arm/Packs/ARM/CMSIS/5.8.0/CMSIS/Core/Include
  C:/Users/PcVIP/AppData/Local/Arm/Packs/ARM/CMSIS/5.8.0/CMSIS/Driver/Include
  C:/Users/PcVIP/AppData/Local/Arm/Packs/ARM/CMSIS/5.8.0/CMSIS/RTOS2/Include
  C:/Users/PcVIP/AppData/Local/Arm/Packs/ARM/CMSIS/5.8.0/CMSIS/RTOS2/RTX/Include
  C:/Users/PcVIP/AppData/Local/Arm/Packs/Keil/ARM_Compiler/1.6.3/Include
  C:/Users/PcVIP/AppData/Local/Arm/Packs/Keil/STM32F4xx_DFP/2.15.0/Drivers/CMSIS/Device/ST/STM32F4xx/Include
  C:/Users/PcVIP/AppData/Local/Arm/Packs/Keil/STM32F4xx_DFP/2.15.0/Drivers/STM32F4xx_HAL_Driver/Inc

<h2>Collection of Component Files used:</h2>

   * Component: ARM::CMSIS:CORE@5.5.0

   * Component: ARM::CMSIS:RTOS2:Keil RTX5&Library@5.5.3
      Source file:   CMSIS/RTOS2/RTX/Template/Events.c
      Include file:  CMSIS/RTOS2/RTX/Config/RTX_Config.h
      Source file:   CMSIS/RTOS2/RTX/Config/RTX_Config.c
      Source file:   CMSIS/RTOS2/RTX/Template/Mutex.c
      Source file:   CMSIS/RTOS2/RTX/Template/Timer.c
      Source file:   CMSIS/RTOS2/RTX/Template/MemPool.c
      Source file:   CMSIS/RTOS2/RTX/Template/Semaphore.c
      Source file:   CMSIS/RTOS2/RTX/Template/MsgQueue.c
      Source file:   CMSIS/RTOS2/RTX/Template/Thread.c
      Source file:   CMSIS/RTOS2/RTX/Source/rtx_lib.c
      Include file:  CMSIS/RTOS2/RTX/Include/rtx_os.h
      Source file:   CMSIS/RTOS2/RTX/Template/main.c
      Source file:   CMSIS/RTOS2/RTX/Template/svc_user.c
      Library file:  CMSIS/RTOS2/RTX/Library/ARM/RTX_CM4F.lib

   * Component: CMSIS Driver:I2C(API)@2.4.0
      Include file:  CMSIS/Driver/Include/Driver_I2C.h

   * Component: CMSIS Driver:USART(API)@2.4.0
      Include file:  CMSIS/Driver/Include/Driver_USART.h

   * Component: CMSIS:RTOS2(API)@2.1.3
      Include file:  CMSIS/RTOS2/Include/cmsis_os2.h

   * Component: Device:STM32Cube Framework(API)@1.0.0

   * Component: Keil::CMSIS Driver:I2C@2.10
      Source file:   CMSIS/Driver/I2C_STM32F4xx.c

   * Component: Keil::CMSIS Driver:USART@2.13
      Source file:   CMSIS/Driver/USART_STM32F4xx.c

   * Component: Keil::Compiler&ARM Compiler:Event Recorder&DAP@1.4.0
      Include file:  Config/EventRecorderConf.h
      Include file:  Include/EventRecorder.h
      Source file:   Source/EventRecorder.c

   * Component: Keil::Compiler&ARM Compiler:I/O:STDOUT&ITM@1.2.0
      Source file:   Source/retarget_io.c

   * Component: Keil::Device:STM32Cube Framework:Classic@1.7.9
      Source file:   MDK/Templates/Src/stm32f4xx_hal_msp.c
      Include file:  MDK/Templates/Inc/stm32f4xx_it.h
      Source file:   MDK/Templates/Src/stm32f4xx_it.c
      Include file:  MDK/Templates/Inc/main.h
      Include file:  MDK/Templates/Inc/stm32f4xx_hal_conf.h
      Source file:   MDK/Templates/Src/main.c
      Include file:  CMSIS/Driver/Config/RTE_Device.h
      Include file:  MDK/Templates_LL/Inc/main.h
      Source file:   MDK/Templates_LL/Src/main.c

   * Component: Keil::Device:STM32Cube HAL:Common@1.7.9
      Source file:   Drivers/STM32F4xx_HAL_Driver/Src/stm32f4xx_hal.c
      Include file:  Drivers/STM32F4xx_HAL_Driver/Inc/stm32f4xx_hal.h

   * Component: Keil::Device:STM32Cube HAL:Cortex@1.7.9
      Source file:   Drivers/STM32F4xx_HAL_Driver/Src/stm32f4xx_hal_cortex.c

   * Component: Keil::Device:STM32Cube HAL:DMA@1.7.9
      Source file:   Drivers/STM32F4xx_HAL_Driver/Src/stm32f4xx_hal_dma.c
      Source file:   Drivers/STM32F4xx_HAL_Driver/Src/stm32f4xx_hal_dma_ex.c

   * Component: Keil::Device:STM32Cube HAL:GPIO@1.7.9
      Source file:   Drivers/STM32F4xx_HAL_Driver/Src/stm32f4xx_hal_gpio.c

   * Component: Keil::Device:STM32Cube HAL:I2C@1.7.9
      Source file:   Drivers/STM32F4xx_HAL_Driver/Src/stm32f4xx_hal_i2c_ex.c
      Source file:   Drivers/STM32F4xx_HAL_Driver/Src/stm32f4xx_hal_i2c.c

   * Component: Keil::Device:STM32Cube HAL:PWR@1.7.9
      Source file:   Drivers/STM32F4xx_HAL_Driver/Src/stm32f4xx_hal_pwr_ex.c
      Source file:   Drivers/STM32F4xx_HAL_Driver/Src/stm32f4xx_hal_pwr.c

   * Component: Keil::Device:STM32Cube HAL:RCC@1.7.9
      Source file:   Drivers/STM32F4xx_HAL_Driver/Src/stm32f4xx_hal_rcc.c
      Source file:   Drivers/STM32F4xx_HAL_Driver/Src/stm32f4xx_hal_rcc_ex.c

   * Component: Keil::Device:STM32Cube HAL:USART@1.7.9
      Source file:   Drivers/STM32F4xx_HAL_Driver/Src/stm32f4xx_hal_usart.c

   * Component: Keil::Device:Startup@2.6.3
      Source file:   Drivers/CMSIS/Device/ST/STM32F4xx/Source/Templates/arm/startup_stm32f429xx.s
      Source file:   MDK/Device/Source/ARM/STM32F42xxx_43xxx_OPT.s
      Include file:  Drivers/CMSIS/Device/ST/STM32F4xx/Include/stm32f4xx.h
      Source file:   MDK/Device/Source/ARM/STM32F4xx_OTP.s
      Source file:   Drivers/CMSIS/Device/ST/STM32F4xx/Source/Templates/system_stm32f4xx.c
Build Time Elapsed:  00:00:02
</pre>
</body>
</html>
